../Core/Src/main.c:82:6:vApplicationIdleHook	8	static,ignoring_inline_asm
../Core/Src/main.c:94:5:main	16	static
../Core/Src/main.c:139:6:SystemClock_Config	88	static
../Core/Src/main.c:163:13:MX_USART1_UART_Init	8	static
../Core/Src/main.c:185:13:MX_GPIO_Init	32	static
../Core/Src/main.c:200:6:HAL_UART_RxCpltCallback	40	static
../Core/Src/main.c:232:6:Task1_Menu_Display_Handler	32	static
../Core/Src/main.c:247:6:Task2_Command_Handling_Handler	40	static
../Core/Src/main.c:274:6:Task3_Command_Process_Handler	80	static
../Core/Src/main.c:319:6:Task4_Uart_Write_Handler	40	static
../Core/Src/main.c:348:6:LED_ON_Func	8	static
../Core/Src/main.c:352:6:LED_OFF_Func	8	static
../Core/Src/main.c:357:6:LED_TOGGLE	16	static
../Core/Src/main.c:362:6:LED_TOGGLE_ON_Func	16	static
../Core/Src/main.c:394:6:LED_TOGGLE_OFF_Func	8	static
../Core/Src/main.c:399:6:LED_STATUS_Func	40	static
../Core/Src/main.c:431:6:ERROR_MESSAGE	16	static
../Core/Src/main.c:439:6:EXIT_APP_Func	16	static
../Core/Src/main.c:469:9:getCommandCode	16	static
../Core/Src/main.c:474:9:getArguments	16	static
../Core/Src/main.c:481:6:Error_Handler	8	static
