Archive member included to satisfy reference by file (symbol)

d:/stm32cubeide_1.12.0/stm32cubeide/plugins/com.st.stm32cube.ide.mcu.externaltools.gnu-tools-for-stm32.10.3-2021.10.win32_1.0.200.202301161003/tools/bin/../lib/gcc/arm-none-eabi/10.3.1/../../../../arm-none-eabi/lib/thumb/v6-m/nofp\libc_nano.a(lib_a-errno.o)
                              ./Core/Src/syscalls.o (__errno)
d:/stm32cubeide_1.12.0/stm32cubeide/plugins/com.st.stm32cube.ide.mcu.externaltools.gnu-tools-for-stm32.10.3-2021.10.win32_1.0.200.202301161003/tools/bin/../lib/gcc/arm-none-eabi/10.3.1/../../../../arm-none-eabi/lib/thumb/v6-m/nofp\libc_nano.a(lib_a-exit.o)
                              d:/stm32cubeide_1.12.0/stm32cubeide/plugins/com.st.stm32cube.ide.mcu.externaltools.gnu-tools-for-stm32.10.3-2021.10.win32_1.0.200.202301161003/tools/bin/../lib/gcc/arm-none-eabi/10.3.1/../../../../arm-none-eabi/lib/thumb/v6-m/nofp/crt0.o (exit)
d:/stm32cubeide_1.12.0/stm32cubeide/plugins/com.st.stm32cube.ide.mcu.externaltools.gnu-tools-for-stm32.10.3-2021.10.win32_1.0.200.202301161003/tools/bin/../lib/gcc/arm-none-eabi/10.3.1/../../../../arm-none-eabi/lib/thumb/v6-m/nofp\libc_nano.a(lib_a-impure.o)
                              d:/stm32cubeide_1.12.0/stm32cubeide/plugins/com.st.stm32cube.ide.mcu.externaltools.gnu-tools-for-stm32.10.3-2021.10.win32_1.0.200.202301161003/tools/bin/../lib/gcc/arm-none-eabi/10.3.1/../../../../arm-none-eabi/lib/thumb/v6-m/nofp\libc_nano.a(lib_a-exit.o) (_global_impure_ptr)
d:/stm32cubeide_1.12.0/stm32cubeide/plugins/com.st.stm32cube.ide.mcu.externaltools.gnu-tools-for-stm32.10.3-2021.10.win32_1.0.200.202301161003/tools/bin/../lib/gcc/arm-none-eabi/10.3.1/../../../../arm-none-eabi/lib/thumb/v6-m/nofp\libc_nano.a(lib_a-init.o)
                              d:/stm32cubeide_1.12.0/stm32cubeide/plugins/com.st.stm32cube.ide.mcu.externaltools.gnu-tools-for-stm32.10.3-2021.10.win32_1.0.200.202301161003/tools/bin/../lib/gcc/arm-none-eabi/10.3.1/../../../../arm-none-eabi/lib/thumb/v6-m/nofp/crt0.o (__libc_init_array)
d:/stm32cubeide_1.12.0/stm32cubeide/plugins/com.st.stm32cube.ide.mcu.externaltools.gnu-tools-for-stm32.10.3-2021.10.win32_1.0.200.202301161003/tools/bin/../lib/gcc/arm-none-eabi/10.3.1/../../../../arm-none-eabi/lib/thumb/v6-m/nofp\libc_nano.a(lib_a-memcpy-stub.o)
                              ./MiddleWares/Third_Party/FreeRTOS/org/Source/queue.o (memcpy)
d:/stm32cubeide_1.12.0/stm32cubeide/plugins/com.st.stm32cube.ide.mcu.externaltools.gnu-tools-for-stm32.10.3-2021.10.win32_1.0.200.202301161003/tools/bin/../lib/gcc/arm-none-eabi/10.3.1/../../../../arm-none-eabi/lib/thumb/v6-m/nofp\libc_nano.a(lib_a-memset.o)
                              d:/stm32cubeide_1.12.0/stm32cubeide/plugins/com.st.stm32cube.ide.mcu.externaltools.gnu-tools-for-stm32.10.3-2021.10.win32_1.0.200.202301161003/tools/bin/../lib/gcc/arm-none-eabi/10.3.1/../../../../arm-none-eabi/lib/thumb/v6-m/nofp/crt0.o (memset)
d:/stm32cubeide_1.12.0/stm32cubeide/plugins/com.st.stm32cube.ide.mcu.externaltools.gnu-tools-for-stm32.10.3-2021.10.win32_1.0.200.202301161003/tools/bin/../lib/gcc/arm-none-eabi/10.3.1/../../../../arm-none-eabi/lib/thumb/v6-m/nofp\libc_nano.a(lib_a-sprintf.o)
                              ./Core/Src/main.o (sprintf)
d:/stm32cubeide_1.12.0/stm32cubeide/plugins/com.st.stm32cube.ide.mcu.externaltools.gnu-tools-for-stm32.10.3-2021.10.win32_1.0.200.202301161003/tools/bin/../lib/gcc/arm-none-eabi/10.3.1/../../../../arm-none-eabi/lib/thumb/v6-m/nofp\libc_nano.a(lib_a-nano-svfprintf.o)
                              d:/stm32cubeide_1.12.0/stm32cubeide/plugins/com.st.stm32cube.ide.mcu.externaltools.gnu-tools-for-stm32.10.3-2021.10.win32_1.0.200.202301161003/tools/bin/../lib/gcc/arm-none-eabi/10.3.1/../../../../arm-none-eabi/lib/thumb/v6-m/nofp\libc_nano.a(lib_a-sprintf.o) (_svfprintf_r)
d:/stm32cubeide_1.12.0/stm32cubeide/plugins/com.st.stm32cube.ide.mcu.externaltools.gnu-tools-for-stm32.10.3-2021.10.win32_1.0.200.202301161003/tools/bin/../lib/gcc/arm-none-eabi/10.3.1/../../../../arm-none-eabi/lib/thumb/v6-m/nofp\libc_nano.a(lib_a-nano-vfprintf_i.o)
                              d:/stm32cubeide_1.12.0/stm32cubeide/plugins/com.st.stm32cube.ide.mcu.externaltools.gnu-tools-for-stm32.10.3-2021.10.win32_1.0.200.202301161003/tools/bin/../lib/gcc/arm-none-eabi/10.3.1/../../../../arm-none-eabi/lib/thumb/v6-m/nofp\libc_nano.a(lib_a-nano-svfprintf.o) (_printf_i)
d:/stm32cubeide_1.12.0/stm32cubeide/plugins/com.st.stm32cube.ide.mcu.externaltools.gnu-tools-for-stm32.10.3-2021.10.win32_1.0.200.202301161003/tools/bin/../lib/gcc/arm-none-eabi/10.3.1/../../../../arm-none-eabi/lib/thumb/v6-m/nofp\libc_nano.a(lib_a-memchr-stub.o)
                              d:/stm32cubeide_1.12.0/stm32cubeide/plugins/com.st.stm32cube.ide.mcu.externaltools.gnu-tools-for-stm32.10.3-2021.10.win32_1.0.200.202301161003/tools/bin/../lib/gcc/arm-none-eabi/10.3.1/../../../../arm-none-eabi/lib/thumb/v6-m/nofp\libc_nano.a(lib_a-nano-svfprintf.o) (memchr)
[...]
Memory Configuration

Name             Origin             Length             Attributes
RAM              0x0000000020000000 0x0000000000004000 xrw
FLASH            0x0000000008000000 0x0000000000020000 xr
*default*        0x0000000000000000 0xffffffffffffffff

Linker script and memory map

LOAD d:/stm32cubeide_1.12.0/stm32cubeide/plugins/com.st.stm32cube.ide.mcu.externaltools.gnu-tools-for-stm32.10.3-2021.10.win32_1.0.200.202301161003/tools/bin/../lib/gcc/arm-none-eabi/10.3.1/thumb/v6-m/nofp/crti.o
LOAD d:/stm32cubeide_1.12.0/stm32cubeide/plugins/com.st.stm32cube.ide.mcu.externaltools.gnu-tools-for-stm32.10.3-2021.10.win32_1.0.200.202301161003/tools/bin/../lib/gcc/arm-none-eabi/10.3.1/thumb/v6-m/nofp/crtbegin.o
LOAD d:/stm32cubeide_1.12.0/stm32cubeide/plugins/com.st.stm32cube.ide.mcu.externaltools.gnu-tools-for-stm32.10.3-2021.10.win32_1.0.200.202301161003/tools/bin/../lib/gcc/arm-none-eabi/10.3.1/../../../../arm-none-eabi/lib/thumb/v6-m/nofp/crt0.o
LOAD ./Core/Src/main.o
LOAD ./Core/Src/stm32f0xx_hal_msp.o
LOAD ./Core/Src/stm32f0xx_it.o
LOAD ./Core/Src/syscalls.o
LOAD ./Core/Src/sysmem.o
LOAD ./Core/Src/system_stm32f0xx.o
LOAD ./Core/Startup/startup_stm32f072rbtx.o
LOAD ./Drivers/STM32F0xx_HAL_Driver/Src/stm32f0xx_hal.o
LOAD ./Drivers/STM32F0xx_HAL_Driver/Src/stm32f0xx_hal_cortex.o
LOAD ./Drivers/STM32F0xx_HAL_Driver/Src/stm32f0xx_hal_dma.o
LOAD ./Drivers/STM32F0xx_HAL_Driver/Src/stm32f0xx_hal_exti.o
LOAD ./Drivers/STM32F0xx_HAL_Driver/Src/stm32f0xx_hal_flash.o
LOAD ./Drivers/STM32F0xx_HAL_Driver/Src/stm32f0xx_hal_flash_ex.o
LOAD ./Drivers/STM32F0xx_HAL_Driver/Src/stm32f0xx_hal_gpio.o
LOAD ./Drivers/STM32F0xx_HAL_Driver/Src/stm32f0xx_hal_i2c.o
LOAD ./Drivers/STM32F0xx_HAL_Driver/Src/stm32f0xx_hal_i2c_ex.o
LOAD ./Drivers/STM32F0xx_HAL_Driver/Src/stm32f0xx_hal_pwr.o
LOAD ./Drivers/STM32F0xx_HAL_Driver/Src/stm32f0xx_hal_pwr_ex.o
LOAD ./Drivers/STM32F0xx_HAL_Driver/Src/stm32f0xx_hal_rcc.o
LOAD ./Drivers/STM32F0xx_HAL_Driver/Src/stm32f0xx_hal_rcc_ex.o
LOAD ./Drivers/STM32F0xx_HAL_Driver/Src/stm32f0xx_hal_tim.o
LOAD ./Drivers/STM32F0xx_HAL_Driver/Src/stm32f0xx_hal_tim_ex.o
LOAD ./Drivers/STM32F0xx_HAL_Driver/Src/stm32f0xx_hal_uart.o
LOAD ./Drivers/STM32F0xx_HAL_Driver/Src/stm32f0xx_hal_uart_ex.o
LOAD ./MiddleWares/Third_Party/FreeRTOS/org/Source/croutine.o
LOAD ./MiddleWares/Third_Party/FreeRTOS/org/Source/event_groups.o
LOAD ./MiddleWares/Third_Party/FreeRTOS/org/Source/list.o
LOAD ./MiddleWares/Third_Party/FreeRTOS/org/Source/queue.o
LOAD ./MiddleWares/Third_Party/FreeRTOS/org/Source/stream_buffer.o
LOAD ./MiddleWares/Third_Party/FreeRTOS/org/Source/tasks.o
LOAD ./MiddleWares/Third_Party/FreeRTOS/org/Source/timers.o
LOAD ./MiddleWares/Third_Party/FreeRTOS/org/Source/portable/GCC/ARM_CM0/port.o
LOAD ./MiddleWares/Third_Party/FreeRTOS/org/Source/portable/MemMang/heap_4.o
START GROUP
LOAD d:/stm32cubeide_1.12.0/stm32cubeide/plugins/com.st.stm32cube.ide.mcu.externaltools.gnu-tools-for-stm32.10.3-2021.10.win32_1.0.200.202301161003/tools/bin/../lib/gcc/arm-none-eabi/10.3.1/../../../../arm-none-eabi/lib/thumb/v6-m/nofp\libc_nano.a
LOAD d:/stm32cubeide_1.12.0/stm32cubeide/plugins/com.st.stm32cube.ide.mcu.externaltools.gnu-tools-for-stm32.10.3-2021.10.win32_1.0.200.202301161003/tools/bin/../lib/gcc/arm-none-eabi/10.3.1/../../../../arm-none-eabi/lib/thumb/v6-m/nofp\libm.a
END GROUP
START GROUP
LOAD d:/stm32cubeide_1.12.0/stm32cubeide/plugins/com.st.stm32cube.ide.mcu.externaltools.gnu-tools-for-stm32.10.3-2021.10.win32_1.0.200.202301161003/tools/bin/../lib/gcc/arm-none-eabi/10.3.1/thumb/v6-m/nofp\libgcc.a
LOAD d:/stm32cubeide_1.12.0/stm32cubeide/plugins/com.st.stm32cube.ide.mcu.externaltools.gnu-tools-for-stm32.10.3-2021.10.win32_1.0.200.202301161003/tools/bin/../lib/gcc/arm-none-eabi/10.3.1/../../../../arm-none-eabi/lib/thumb/v6-m/nofp\libc_nano.a
END GROUP
START GROUP
LOAD d:/stm32cubeide_1.12.0/stm32cubeide/plugins/com.st.stm32cube.ide.mcu.externaltools.gnu-tools-for-stm32.10.3-2021.10.win32_1.0.200.202301161003/tools/bin/../lib/gcc/arm-none-eabi/10.3.1/thumb/v6-m/nofp\libgcc.a
LOAD d:/stm32cubeide_1.12.0/stm32cubeide/plugins/com.st.stm32cube.ide.mcu.externaltools.gnu-tools-for-stm32.10.3-2021.10.win32_1.0.200.202301161003/tools/bin/../lib/gcc/arm-none-eabi/10.3.1/../../../../arm-none-eabi/lib/thumb/v6-m/nofp\libc_nano.a
LOAD d:/stm32cubeide_1.12.0/stm32cubeide/plugins/com.st.stm32cube.ide.mcu.externaltools.gnu-tools-for-stm32.10.3-2021.10.win32_1.0.200.202301161003/tools/bin/../lib/gcc/arm-none-eabi/10.3.1/../../../../arm-none-eabi/lib/thumb/v6-m/nofp\libnosys.a
END GROUP
START GROUP
LOAD d:/stm32cubeide_1.12.0/stm32cubeide/plugins/com.st.stm32cube.ide.mcu.externaltools.gnu-tools-for-stm32.10.3-2021.10.win32_1.0.200.202301161003/tools/bin/../lib/gcc/arm-none-eabi/10.3.1/thumb/v6-m/nofp\libgcc.a
LOAD d:/stm32cubeide_1.12.0/stm32cubeide/plugins/com.st.stm32cube.ide.mcu.externaltools.gnu-tools-for-stm32.10.3-2021.10.win32_1.0.200.202301161003/tools/bin/../lib/gcc/arm-none-eabi/10.3.1/../../../../arm-none-eabi/lib/thumb/v6-m/nofp\libc_nano.a
LOAD d:/stm32cubeide_1.12.0/stm32cubeide/plugins/com.st.stm32cube.ide.mcu.externaltools.gnu-tools-for-stm32.10.3-2021.10.win32_1.0.200.202301161003/tools/bin/../lib/gcc/arm-none-eabi/10.3.1/../../../../arm-none-eabi/lib/thumb/v6-m/nofp\libnosys.a
END GROUP
LOAD d:/stm32cubeide_1.12.0/stm32cubeide/plugins/com.st.stm32cube.ide.mcu.externaltools.gnu-tools-for-stm32.10.3-2021.10.win32_1.0.200.202301161003/tools/bin/../lib/gcc/arm-none-eabi/10.3.1/thumb/v6-m/nofp/crtend.o
LOAD d:/stm32cubeide_1.12.0/stm32cubeide/plugins/com.st.stm32cube.ide.mcu.externaltools.gnu-tools-for-stm32.10.3-2021.10.win32_1.0.200.202301161003/tools/bin/../lib/gcc/arm-none-eabi/10.3.1/thumb/v6-m/nofp/crtn.o
                0x0000000020004000                _estack = (ORIGIN (RAM) + LENGTH (RAM))
                0x0000000000000200                _Min_Heap_Size = 0x200
                0x0000000000000400                _Min_Stack_Size = 0x400

.isr_vector     0x0000000008000000       0xc0
                0x0000000008000000                . = ALIGN (0x4)
 *(.isr_vector)
 .isr_vector    0x0000000008000000       0xc0 ./Core/Startup/startup_stm32f072rbtx.o
                0x0000000008000000                g_pfnVectors
                0x00000000080000c0                . = ALIGN (0x4)

.text           0x00000000080000c0     0x4cbc
                0x00000000080000c0                . = ALIGN (0x4)
 *(.text)
 .text          0x00000000080000c0       0x48 d:/stm32cubeide_1.12.0/stm32cubeide/plugins/com.st.stm32cube.ide.mcu.externaltools.gnu-tools-for-stm32.10.3-2021.10.win32_1.0.200.202301161003/tools/bin/../lib/gcc/arm-none-eabi/10.3.1/thumb/v6-m/nofp/crtbegin.o
 .text          0x0000000008000108       0x14 d:/stm32cubeide_1.12.0/stm32cubeide/plugins/com.st.stm32cube.ide.mcu.externaltools.gnu-tools-for-stm32.10.3-2021.10.win32_1.0.200.202301161003/tools/bin/../lib/gcc/arm-none-eabi/10.3.1/thumb/v6-m/nofp\libgcc.a(_thumb1_case_shi.o)
                0x0000000008000108                __gnu_thumb1_case_shi
 .text          0x000000000800011c      0x114 d:/stm32cubeide_1.12.0/stm32cubeide/plugins/com.st.stm32cube.ide.mcu.externaltools.gnu-tools-for-stm32.10.3-2021.10.win32_1.0.200.202301161003/tools/bin/../lib/gcc/arm-none-eabi/10.3.1/thumb/v6-m/nofp\libgcc.a(_udivsi3.o)
                0x000000000800011c                __aeabi_uidiv
                0x000000000800011c                __udivsi3
                0x0000000008000228                __aeabi_uidivmod
 .text          0x0000000008000230        0x4 d:/stm32cubeide_1.12.0/stm32cubeide/plugins/com.st.stm32cube.ide.mcu.externaltools.gnu-tools-for-stm32.10.3-2021.10.win32_1.0.200.202301161003/tools/bin/../lib/gcc/arm-none-eabi/10.3.1/thumb/v6-m/nofp\libgcc.a(_dvmd_tls.o)
                0x0000000008000230                __aeabi_idiv0
                0x0000000008000230                __aeabi_ldiv0
 *(.text*)
 .text.Task1_Handler
                0x0000000008000234       0xf0 ./Core/Src/main.o
                0x0000000008000234                Task1_Handler
 .text.Task2_Handler
                0x0000000008000324       0xd4 ./Core/Src/main.o
                0x0000000008000324                Task2_Handler
 .text.main     0x00000000080003f8       0x5c ./Core/Src/main.o
                0x00000000080003f8                main
 .text.SystemClock_Config
                0x0000000008000454       0xa6 ./Core/Src/main.o
                0x0000000008000454                SystemClock_Config
 *fill*         0x00000000080004fa        0x2 
 .text.MX_USART1_UART_Init
                0x00000000080004fc       0x60 ./Core/Src/main.o
 .text.MX_GPIO_Init
                0x000000000800055c      0x110 ./Core/Src/main.o
 .text.Error_Handler
                0x000000000800066c        0xa ./Core/Src/main.o
                0x000000000800066c                Error_Handler
 *fill*         0x0000000008000676        0x2 
 .text.HAL_MspInit
                0x0000000008000678       0x48 ./Core/Src/stm32f0xx_hal_msp.o
                0x0000000008000678                HAL_MspInit
 .text.HAL_UART_MspInit
                0x00000000080006c0       0x9c ./Core/Src/stm32f0xx_hal_msp.o
                0x00000000080006c0                HAL_UART_MspInit
 .text.HardFault_Handler
                0x000000000800075c        0x6 ./Core/Src/stm32f0xx_it.o
                0x000000000800075c                HardFault_Handler
 *fill*         0x0000000008000762        0x2 
 .text.EXTI4_15_IRQHandler
                0x0000000008000764       0x38 ./Core/Src/stm32f0xx_it.o
                0x0000000008000764                EXTI4_15_IRQHandler
 .text._sbrk    0x000000000800079c       0x6c ./Core/Src/sysmem.o
                0x000000000800079c                _sbrk
 .text.SystemInit
                0x0000000008000808        0xa ./Core/Src/system_stm32f0xx.o
                0x0000000008000808                SystemInit
 *fill*         0x0000000008000812        0x2 
 .text.Reset_Handler
                0x0000000008000814       0x50 ./Core/Startup/startup_stm32f072rbtx.o
                0x0000000008000814                Reset_Handler
 .text.Default_Handler
                0x0000000008000864        0x2 ./Core/Startup/startup_stm32f072rbtx.o
                0x0000000008000864                TIM1_CC_IRQHandler
                0x0000000008000864                TSC_IRQHandler
                0x0000000008000864                ADC1_COMP_IRQHandler
                0x0000000008000864                NMI_Handler
                0x0000000008000864                I2C1_IRQHandler
                0x0000000008000864                RCC_CRS_IRQHandler
                0x0000000008000864                SPI1_IRQHandler
                0x0000000008000864                TIM6_DAC_IRQHandler
                0x0000000008000864                USART3_4_IRQHandler
                0x0000000008000864                EXTI2_3_IRQHandler
                0x0000000008000864                I2C2_IRQHandler
                0x0000000008000864                TIM17_IRQHandler
                0x0000000008000864                CEC_CAN_IRQHandler
                0x0000000008000864                RTC_IRQHandler
                0x0000000008000864                PVD_VDDIO2_IRQHandler
                0x0000000008000864                DMA1_Channel4_5_6_7_IRQHandler
                0x0000000008000864                TIM16_IRQHandler
                0x0000000008000864                TIM3_IRQHandler
                0x0000000008000864                DMA1_Channel1_IRQHandler
                0x0000000008000864                Default_Handler
                0x0000000008000864                TIM14_IRQHandler
                0x0000000008000864                TIM7_IRQHandler
                0x0000000008000864                TIM15_IRQHandler
                0x0000000008000864                EXTI0_1_IRQHandler
                0x0000000008000864                USB_IRQHandler
                0x0000000008000864                SPI2_IRQHandler
                0x0000000008000864                WWDG_IRQHandler
                0x0000000008000864                TIM2_IRQHandler
                0x0000000008000864                DMA1_Channel2_3_IRQHandler
                0x0000000008000864                USART2_IRQHandler
                0x0000000008000864                FLASH_IRQHandler
                0x0000000008000864                USART1_IRQHandler
                0x0000000008000864                TIM1_BRK_UP_TRG_COM_IRQHandler
 *fill*         0x0000000008000866        0x2 
 .text.HAL_Init
                0x0000000008000868       0x28 ./Drivers/STM32F0xx_HAL_Driver/Src/stm32f0xx_hal.o
                0x0000000008000868                HAL_Init
 .text.HAL_InitTick
                0x0000000008000890       0x68 ./Drivers/STM32F0xx_HAL_Driver/Src/stm32f0xx_hal.o
                0x0000000008000890                HAL_InitTick
 .text.HAL_GetTick
                0x00000000080008f8       0x14 ./Drivers/STM32F0xx_HAL_Driver/Src/stm32f0xx_hal.o
                0x00000000080008f8                HAL_GetTick
 .text.__NVIC_EnableIRQ
                0x000000000800090c       0x34 ./Drivers/STM32F0xx_HAL_Driver/Src/stm32f0xx_hal_cortex.o
 .text.__NVIC_SetPriority
                0x0000000008000940       0xdc ./Drivers/STM32F0xx_HAL_Driver/Src/stm32f0xx_hal_cortex.o
 .text.SysTick_Config
                0x0000000008000a1c       0x48 ./Drivers/STM32F0xx_HAL_Driver/Src/stm32f0xx_hal_cortex.o
 .text.HAL_NVIC_SetPriority
                0x0000000008000a64       0x2a ./Drivers/STM32F0xx_HAL_Driver/Src/stm32f0xx_hal_cortex.o
                0x0000000008000a64                HAL_NVIC_SetPriority
 .text.HAL_NVIC_EnableIRQ
                0x0000000008000a8e       0x20 ./Drivers/STM32F0xx_HAL_Driver/Src/stm32f0xx_hal_cortex.o
                0x0000000008000a8e                HAL_NVIC_EnableIRQ
 .text.HAL_SYSTICK_Config
                0x0000000008000aae       0x1a ./Drivers/STM32F0xx_HAL_Driver/Src/stm32f0xx_hal_cortex.o
                0x0000000008000aae                HAL_SYSTICK_Config
 .text.HAL_GPIO_Init
                0x0000000008000ac8      0x2f0 ./Drivers/STM32F0xx_HAL_Driver/Src/stm32f0xx_hal_gpio.o
                0x0000000008000ac8                HAL_GPIO_Init
 .text.HAL_GPIO_ReadPin
                0x0000000008000db8       0x3a ./Drivers/STM32F0xx_HAL_Driver/Src/stm32f0xx_hal_gpio.o
                0x0000000008000db8                HAL_GPIO_ReadPin
 .text.HAL_GPIO_WritePin
                0x0000000008000df2       0x3a ./Drivers/STM32F0xx_HAL_Driver/Src/stm32f0xx_hal_gpio.o
                0x0000000008000df2                HAL_GPIO_WritePin
 .text.HAL_GPIO_EXTI_IRQHandler
                0x0000000008000e2c       0x38 ./Drivers/STM32F0xx_HAL_Driver/Src/stm32f0xx_hal_gpio.o
                0x0000000008000e2c                HAL_GPIO_EXTI_IRQHandler
 .text.HAL_GPIO_EXTI_Callback
                0x0000000008000e64       0x14 ./Drivers/STM32F0xx_HAL_Driver/Src/stm32f0xx_hal_gpio.o
                0x0000000008000e64                HAL_GPIO_EXTI_Callback
 .text.HAL_RCC_OscConfig
                0x0000000008000e78      0x70c ./Drivers/STM32F0xx_HAL_Driver/Src/stm32f0xx_hal_rcc.o
                0x0000000008000e78                HAL_RCC_OscConfig
 .text.HAL_RCC_ClockConfig
                0x0000000008001584      0x1b4 ./Drivers/STM32F0xx_HAL_Driver/Src/stm32f0xx_hal_rcc.o
                0x0000000008001584                HAL_RCC_ClockConfig
 .text.HAL_RCC_GetSysClockFreq
                0x0000000008001738       0xe4 ./Drivers/STM32F0xx_HAL_Driver/Src/stm32f0xx_hal_rcc.o
                0x0000000008001738                HAL_RCC_GetSysClockFreq
 .text.HAL_RCC_GetHCLKFreq
                0x000000000800181c       0x14 ./Drivers/STM32F0xx_HAL_Driver/Src/stm32f0xx_hal_rcc.o
                0x000000000800181c                HAL_RCC_GetHCLKFreq
 .text.HAL_RCC_GetPCLK1Freq
                0x0000000008001830       0x2c ./Drivers/STM32F0xx_HAL_Driver/Src/stm32f0xx_hal_rcc.o
                0x0000000008001830                HAL_RCC_GetPCLK1Freq
 .text.HAL_RCCEx_PeriphCLKConfig
                0x000000000800185c      0x1fc ./Drivers/STM32F0xx_HAL_Driver/Src/stm32f0xx_hal_rcc_ex.o
                0x000000000800185c                HAL_RCCEx_PeriphCLKConfig
 .text.HAL_UART_Init
                0x0000000008001a58       0xa8 ./Drivers/STM32F0xx_HAL_Driver/Src/stm32f0xx_hal_uart.o
                0x0000000008001a58                HAL_UART_Init
 .text.HAL_UART_Transmit
                0x0000000008001b00      0x140 ./Drivers/STM32F0xx_HAL_Driver/Src/stm32f0xx_hal_uart.o
                0x0000000008001b00                HAL_UART_Transmit
 .text.UART_SetConfig
                0x0000000008001c40      0x310 ./Drivers/STM32F0xx_HAL_Driver/Src/stm32f0xx_hal_uart.o
                0x0000000008001c40                UART_SetConfig
 .text.UART_AdvFeatureConfig
                0x0000000008001f50      0x168 ./Drivers/STM32F0xx_HAL_Driver/Src/stm32f0xx_hal_uart.o
                0x0000000008001f50                UART_AdvFeatureConfig
 .text.UART_CheckIdleState
                0x00000000080020b8      0x150 ./Drivers/STM32F0xx_HAL_Driver/Src/stm32f0xx_hal_uart.o
                0x00000000080020b8                UART_CheckIdleState
 .text.UART_WaitOnFlagUntilTimeout
                0x0000000008002208       0xde ./Drivers/STM32F0xx_HAL_Driver/Src/stm32f0xx_hal_uart.o
                0x0000000008002208                UART_WaitOnFlagUntilTimeout
 *fill*         0x00000000080022e6        0x2 
 .text.UART_EndRxTransfer
                0x00000000080022e8       0xc8 ./Drivers/STM32F0xx_HAL_Driver/Src/stm32f0xx_hal_uart.o
 .text.vListInitialise
                0x00000000080023b0       0x3c ./MiddleWares/Third_Party/FreeRTOS/org/Source/list.o
                0x00000000080023b0                vListInitialise
 .text.vListInitialiseItem
                0x00000000080023ec       0x16 ./MiddleWares/Third_Party/FreeRTOS/org/Source/list.o
                0x00000000080023ec                vListInitialiseItem
 .text.vListInsert
                0x0000000008002402       0x6c ./MiddleWares/Third_Party/FreeRTOS/org/Source/list.o
                0x0000000008002402                vListInsert
 .text.uxListRemove
                0x000000000800246e       0x50 ./MiddleWares/Third_Party/FreeRTOS/org/Source/list.o
                0x000000000800246e                uxListRemove
 .text.xQueueGenericReset
                0x00000000080024be      0x112 ./MiddleWares/Third_Party/FreeRTOS/org/Source/queue.o
                0x00000000080024be                xQueueGenericReset
 .text.xQueueGenericCreate
                0x00000000080025d0       0xbc ./MiddleWares/Third_Party/FreeRTOS/org/Source/queue.o
                0x00000000080025d0                xQueueGenericCreate
 .text.prvInitialiseNewQueue
                0x000000000800268c       0x4e ./MiddleWares/Third_Party/FreeRTOS/org/Source/queue.o
 .text.xQueueReceive
                0x00000000080026da      0x16a ./MiddleWares/Third_Party/FreeRTOS/org/Source/queue.o
                0x00000000080026da                xQueueReceive
 .text.prvCopyDataFromQueue
                0x0000000008002844       0x4c ./MiddleWares/Third_Party/FreeRTOS/org/Source/queue.o
 .text.prvUnlockQueue
                0x0000000008002890       0xbc ./MiddleWares/Third_Party/FreeRTOS/org/Source/queue.o
 .text.prvIsQueueEmpty
                0x000000000800294c       0x2c ./MiddleWares/Third_Party/FreeRTOS/org/Source/queue.o
 .text.vQueueAddToRegistry
                0x0000000008002978       0x88 ./MiddleWares/Third_Party/FreeRTOS/org/Source/queue.o
                0x0000000008002978                vQueueAddToRegistry
 .text.vQueueWaitForMessageRestricted
                0x0000000008002a00       0x66 ./MiddleWares/Third_Party/FreeRTOS/org/Source/queue.o
                0x0000000008002a00                vQueueWaitForMessageRestricted
 .text.xTaskCreate
                0x0000000008002a66       0x9c ./MiddleWares/Third_Party/FreeRTOS/org/Source/tasks.o
                0x0000000008002a66                xTaskCreate
 *fill*         0x0000000008002b02        0x2 
 .text.prvInitialiseNewTask
                0x0000000008002b04      0x100 ./MiddleWares/Third_Party/FreeRTOS/org/Source/tasks.o
 .text.prvAddNewTaskToReadyList
                0x0000000008002c04      0x11c ./MiddleWares/Third_Party/FreeRTOS/org/Source/tasks.o
 .text.uxTaskPriorityGet
                0x0000000008002d20       0x34 ./MiddleWares/Third_Party/FreeRTOS/org/Source/tasks.o
                0x0000000008002d20                uxTaskPriorityGet
 .text.vTaskPrioritySet
                0x0000000008002d54      0x168 ./MiddleWares/Third_Party/FreeRTOS/org/Source/tasks.o
                0x0000000008002d54                vTaskPrioritySet
 .text.vTaskStartScheduler
                0x0000000008002ebc       0x80 ./MiddleWares/Third_Party/FreeRTOS/org/Source/tasks.o
                0x0000000008002ebc                vTaskStartScheduler
 .text.vTaskSuspendAll
                0x0000000008002f3c       0x18 ./MiddleWares/Third_Party/FreeRTOS/org/Source/tasks.o
                0x0000000008002f3c                vTaskSuspendAll
 .text.xTaskResumeAll
                0x0000000008002f54      0x1d0 ./MiddleWares/Third_Party/FreeRTOS/org/Source/tasks.o
                0x0000000008002f54                xTaskResumeAll
 .text.xTaskGetTickCount
                0x0000000008003124       0x1c ./MiddleWares/Third_Party/FreeRTOS/org/Source/tasks.o
                0x0000000008003124                xTaskGetTickCount
 .text.xTaskIncrementTick
                0x0000000008003140      0x218 ./MiddleWares/Third_Party/FreeRTOS/org/Source/tasks.o
                0x0000000008003140                xTaskIncrementTick
 .text.vTaskSwitchContext
                0x0000000008003358       0xa4 ./MiddleWares/Third_Party/FreeRTOS/org/Source/tasks.o
                0x0000000008003358                vTaskSwitchContext
 .text.vTaskPlaceOnEventList
                0x00000000080033fc       0x3c ./MiddleWares/Third_Party/FreeRTOS/org/Source/tasks.o
                0x00000000080033fc                vTaskPlaceOnEventList
 .text.vTaskPlaceOnEventListRestricted
                0x0000000008003438       0x7c ./MiddleWares/Third_Party/FreeRTOS/org/Source/tasks.o
                0x0000000008003438                vTaskPlaceOnEventListRestricted
 .text.xTaskRemoveFromEventList
                0x00000000080034b4      0x194 ./MiddleWares/Third_Party/FreeRTOS/org/Source/tasks.o
                0x00000000080034b4                xTaskRemoveFromEventList
 .text.vTaskInternalSetTimeOutState
                0x0000000008003648       0x28 ./MiddleWares/Third_Party/FreeRTOS/org/Source/tasks.o
                0x0000000008003648                vTaskInternalSetTimeOutState
 .text.xTaskCheckForTimeOut
                0x0000000008003670       0xa8 ./MiddleWares/Third_Party/FreeRTOS/org/Source/tasks.o
                0x0000000008003670                xTaskCheckForTimeOut
 .text.vTaskMissedYield
                0x0000000008003718       0x14 ./MiddleWares/Third_Party/FreeRTOS/org/Source/tasks.o
                0x0000000008003718                vTaskMissedYield
 .text.prvIdleTask
                0x000000000800372c       0x20 ./MiddleWares/Third_Party/FreeRTOS/org/Source/tasks.o
 .text.prvInitialiseTaskLists
                0x000000000800374c       0x88 ./MiddleWares/Third_Party/FreeRTOS/org/Source/tasks.o
 .text.prvCheckTasksWaitingTermination
                0x00000000080037d4       0x5c ./MiddleWares/Third_Party/FreeRTOS/org/Source/tasks.o
 .text.prvDeleteTCB
                0x0000000008003830       0x22 ./MiddleWares/Third_Party/FreeRTOS/org/Source/tasks.o
 *fill*         0x0000000008003852        0x2 
 .text.prvResetNextTaskUnblockTime
                0x0000000008003854       0x34 ./MiddleWares/Third_Party/FreeRTOS/org/Source/tasks.o
 .text.xTaskGetSchedulerState
                0x0000000008003888       0x38 ./MiddleWares/Third_Party/FreeRTOS/org/Source/tasks.o
                0x0000000008003888                xTaskGetSchedulerState
 .text.prvAddCurrentTaskToDelayedList
                0x00000000080038c0       0xdc ./MiddleWares/Third_Party/FreeRTOS/org/Source/tasks.o
 .text.xTimerCreateTimerTask
                0x000000000800399c       0x54 ./MiddleWares/Third_Party/FreeRTOS/org/Source/timers.o
                0x000000000800399c                xTimerCreateTimerTask
 .text.prvReloadTimer
                0x00000000080039f0       0x42 ./MiddleWares/Third_Party/FreeRTOS/org/Source/timers.o
 *fill*         0x0000000008003a32        0x2 
 .text.prvProcessExpiredTimer
                0x0000000008003a34       0x64 ./MiddleWares/Third_Party/FreeRTOS/org/Source/timers.o
 .text.prvTimerTask
                0x0000000008003a98       0x28 ./MiddleWares/Third_Party/FreeRTOS/org/Source/timers.o
 .text.prvProcessTimerOrBlockTask
                0x0000000008003ac0       0x90 ./MiddleWares/Third_Party/FreeRTOS/org/Source/timers.o
 .text.prvGetNextExpireTime
                0x0000000008003b50       0x44 ./MiddleWares/Third_Party/FreeRTOS/org/Source/timers.o
 .text.prvSampleTimeNow
                0x0000000008003b94       0x40 ./MiddleWares/Third_Party/FreeRTOS/org/Source/timers.o
 .text.prvInsertTimerInActiveList
                0x0000000008003bd4       0x84 ./MiddleWares/Third_Party/FreeRTOS/org/Source/timers.o
 .text.prvProcessReceivedCommands
                0x0000000008003c58      0x15c ./MiddleWares/Third_Party/FreeRTOS/org/Source/timers.o
 .text.prvSwitchTimerLists
                0x0000000008003db4       0x50 ./MiddleWares/Third_Party/FreeRTOS/org/Source/timers.o
 .text.prvCheckForValidListAndQueue
                0x0000000008003e04       0x74 ./MiddleWares/Third_Party/FreeRTOS/org/Source/timers.o
 .text.pxPortInitialiseStack
                0x0000000008003e78       0x54 ./MiddleWares/Third_Party/FreeRTOS/org/Source/portable/GCC/ARM_CM0/port.o
                0x0000000008003e78                pxPortInitialiseStack
 .text.prvTaskExitError
                0x0000000008003ecc       0x30 ./MiddleWares/Third_Party/FreeRTOS/org/Source/portable/GCC/ARM_CM0/port.o
 .text.SVC_Handler
                0x0000000008003efc        0xa ./MiddleWares/Third_Party/FreeRTOS/org/Source/portable/GCC/ARM_CM0/port.o
                0x0000000008003efc                SVC_Handler
 *fill*         0x0000000008003f06        0xa 
 .text.vPortStartFirstTask
                0x0000000008003f10       0x38 ./MiddleWares/Third_Party/FreeRTOS/org/Source/portable/GCC/ARM_CM0/port.o
 .text.xPortStartScheduler
                0x0000000008003f48       0x48 ./MiddleWares/Third_Party/FreeRTOS/org/Source/portable/GCC/ARM_CM0/port.o
                0x0000000008003f48                xPortStartScheduler
 .text.vPortYield
                0x0000000008003f90       0x20 ./MiddleWares/Third_Party/FreeRTOS/org/Source/portable/GCC/ARM_CM0/port.o
                0x0000000008003f90                vPortYield
 .text.vPortEnterCritical
                0x0000000008003fb0       0x24 ./MiddleWares/Third_Party/FreeRTOS/org/Source/portable/GCC/ARM_CM0/port.o
                0x0000000008003fb0                vPortEnterCritical
 .text.vPortExitCritical
                0x0000000008003fd4       0x30 ./MiddleWares/Third_Party/FreeRTOS/org/Source/portable/GCC/ARM_CM0/port.o
                0x0000000008003fd4                vPortExitCritical
 .text.ulSetInterruptMaskFromISR
                0x0000000008004004        0xc ./MiddleWares/Third_Party/FreeRTOS/org/Source/portable/GCC/ARM_CM0/port.o
                0x0000000008004004                ulSetInterruptMaskFromISR
 .text.vClearInterruptMaskFromISR
                0x0000000008004010        0x8 ./MiddleWares/Third_Party/FreeRTOS/org/Source/portable/GCC/ARM_CM0/port.o
                0x0000000008004010                vClearInterruptMaskFromISR
 *fill*         0x0000000008004018        0x8 
 .text.PendSV_Handler
                0x0000000008004020       0x48 ./MiddleWares/Third_Party/FreeRTOS/org/Source/portable/GCC/ARM_CM0/port.o
                0x0000000008004020                PendSV_Handler
 .text.SysTick_Handler
                0x0000000008004068       0x34 ./MiddleWares/Third_Party/FreeRTOS/org/Source/portable/GCC/ARM_CM0/port.o
                0x0000000008004068                SysTick_Handler
 .text.vPortSetupTimerInterrupt
                0x000000000800409c       0x44 ./MiddleWares/Third_Party/FreeRTOS/org/Source/portable/GCC/ARM_CM0/port.o
                0x000000000800409c                vPortSetupTimerInterrupt
 .text.pvPortMalloc
                0x00000000080040e0      0x150 ./MiddleWares/Third_Party/FreeRTOS/org/Source/portable/MemMang/heap_4.o
                0x00000000080040e0                pvPortMalloc
 .text.vPortFree
                0x0000000008004230       0x98 ./MiddleWares/Third_Party/FreeRTOS/org/Source/portable/MemMang/heap_4.o
                0x0000000008004230                vPortFree
 .text.prvHeapInit
                0x00000000080042c8       0xb4 ./MiddleWares/Third_Party/FreeRTOS/org/Source/portable/MemMang/heap_4.o
 .text.prvInsertBlockIntoFreeList
                0x000000000800437c       0xb0 ./MiddleWares/Third_Party/FreeRTOS/org/Source/portable/MemMang/heap_4.o
 .text.__errno  0x000000000800442c        0xc d:/stm32cubeide_1.12.0/stm32cubeide/plugins/com.st.stm32cube.ide.mcu.externaltools.gnu-tools-for-stm32.10.3-2021.10.win32_1.0.200.202301161003/tools/bin/../lib/gcc/arm-none-eabi/10.3.1/../../../../arm-none-eabi/lib/thumb/v6-m/nofp\libc_nano.a(lib_a-errno.o)
                0x000000000800442c                __errno
 .text.__libc_init_array
                0x0000000008004438       0x48 d:/stm32cubeide_1.12.0/stm32cubeide/plugins/com.st.stm32cube.ide.mcu.externaltools.gnu-tools-for-stm32.10.3-2021.10.win32_1.0.200.202301161003/tools/bin/../lib/gcc/arm-none-eabi/10.3.1/../../../../arm-none-eabi/lib/thumb/v6-m/nofp\libc_nano.a(lib_a-init.o)
                0x0000000008004438                __libc_init_array
 .text.memcpy   0x0000000008004480       0x12 d:/stm32cubeide_1.12.0/stm32cubeide/plugins/com.st.stm32cube.ide.mcu.externaltools.gnu-tools-for-stm32.10.3-2021.10.win32_1.0.200.202301161003/tools/bin/../lib/gcc/arm-none-eabi/10.3.1/../../../../arm-none-eabi/lib/thumb/v6-m/nofp\libc_nano.a(lib_a-memcpy-stub.o)
                0x0000000008004480                memcpy
 .text.memset   0x0000000008004492       0x10 d:/stm32cubeide_1.12.0/stm32cubeide/plugins/com.st.stm32cube.ide.mcu.externaltools.gnu-tools-for-stm32.10.3-2021.10.win32_1.0.200.202301161003/tools/bin/../lib/gcc/arm-none-eabi/10.3.1/../../../../arm-none-eabi/lib/thumb/v6-m/nofp\libc_nano.a(lib_a-memset.o)
                0x0000000008004492                memset
 *fill*         0x00000000080044a2        0x2 
 .text.sprintf  0x00000000080044a4       0x40 d:/stm32cubeide_1.12.0/stm32cubeide/plugins/com.st.stm32cube.ide.mcu.externaltools.gnu-tools-for-stm32.10.3-2021.10.win32_1.0.200.202301161003/tools/bin/../lib/gcc/arm-none-eabi/10.3.1/../../../../arm-none-eabi/lib/thumb/v6-m/nofp\libc_nano.a(lib_a-sprintf.o)
                0x00000000080044a4                siprintf
                0x00000000080044a4                sprintf
 .text.__ssputs_r
                0x00000000080044e4       0xc4 d:/stm32cubeide_1.12.0/stm32cubeide/plugins/com.st.stm32cube.ide.mcu.externaltools.gnu-tools-for-stm32.10.3-2021.10.win32_1.0.200.202301161003/tools/bin/../lib/gcc/arm-none-eabi/10.3.1/../../../../arm-none-eabi/lib/thumb/v6-m/nofp\libc_nano.a(lib_a-nano-svfprintf.o)
                0x00000000080044e4                __ssputs_r
 .text._svfprintf_r
                0x00000000080045a8      0x200 d:/stm32cubeide_1.12.0/stm32cubeide/plugins/com.st.stm32cube.ide.mcu.externaltools.gnu-tools-for-stm32.10.3-2021.10.win32_1.0.200.202301161003/tools/bin/../lib/gcc/arm-none-eabi/10.3.1/../../../../arm-none-eabi/lib/thumb/v6-m/nofp\libc_nano.a(lib_a-nano-svfprintf.o)
                0x00000000080045a8                _svfiprintf_r
                0x00000000080045a8                _svfprintf_r
 .text._printf_common
                0x00000000080047a8       0xde d:/stm32cubeide_1.12.0/stm32cubeide/plugins/com.st.stm32cube.ide.mcu.externaltools.gnu-tools-for-stm32.10.3-2021.10.win32_1.0.200.202301161003/tools/bin/../lib/gcc/arm-none-eabi/10.3.1/../../../../arm-none-eabi/lib/thumb/v6-m/nofp\libc_nano.a(lib_a-nano-vfprintf_i.o)
                0x00000000080047a8                _printf_common
 *fill*         0x0000000008004886        0x2 
 .text._printf_i
                0x0000000008004888      0x224 d:/stm32cubeide_1.12.0/stm32cubeide/plugins/com.st.stm32cube.ide.mcu.externaltools.gnu-tools-for-stm32.10.3-2021.10.win32_1.0.200.202301161003/tools/bin/../lib/gcc/arm-none-eabi/10.3.1/../../../../arm-none-eabi/lib/thumb/v6-m/nofp\libc_nano.a(lib_a-nano-vfprintf_i.o)
                0x0000000008004888                _printf_i
 .text.memchr   0x0000000008004aac       0x16 d:/stm32cubeide_1.12.0/stm32cubeide/plugins/com.st.stm32cube.ide.mcu.externaltools.gnu-tools-for-stm32.10.3-2021.10.win32_1.0.200.202301161003/tools/bin/../lib/gcc/arm-none-eabi/10.3.1/../../../../arm-none-eabi/lib/thumb/v6-m/nofp\libc_nano.a(lib_a-memchr-stub.o)
                0x0000000008004aac                memchr
 .text.memmove  0x0000000008004ac2       0x26 d:/stm32cubeide_1.12.0/stm32cubeide/plugins/com.st.stm32cube.ide.mcu.externaltools.gnu-tools-for-stm32.10.3-2021.10.win32_1.0.200.202301161003/tools/bin/../lib/gcc/arm-none-eabi/10.3.1/../../../../arm-none-eabi/lib/thumb/v6-m/nofp\libc_nano.a(lib_a-memmove.o)
                0x0000000008004ac2                memmove
 .text._free_r  0x0000000008004ae8       0x94 d:/stm32cubeide_1.12.0/stm32cubeide/plugins/com.st.stm32cube.ide.mcu.externaltools.gnu-tools-for-stm32.10.3-2021.10.win32_1.0.200.202301161003/tools/bin/../lib/gcc/arm-none-eabi/10.3.1/../../../../arm-none-eabi/lib/thumb/v6-m/nofp\libc_nano.a(lib_a-nano-freer.o)
                0x0000000008004ae8                _free_r
 .text.sbrk_aligned
                0x0000000008004b7c       0x44 d:/stm32cubeide_1.12.0/stm32cubeide/plugins/com.st.stm32cube.ide.mcu.externaltools.gnu-tools-for-stm32.10.3-2021.10.win32_1.0.200.202301161003/tools/bin/../lib/gcc/arm-none-eabi/10.3.1/../../../../arm-none-eabi/lib/thumb/v6-m/nofp\libc_nano.a(lib_a-nano-mallocr.o)
 .text._malloc_r
                0x0000000008004bc0       0xec d:/stm32cubeide_1.12.0/stm32cubeide/plugins/com.st.stm32cube.ide.mcu.externaltools.gnu-tools-for-stm32.10.3-2021.10.win32_1.0.200.202301161003/tools/bin/../lib/gcc/arm-none-eabi/10.3.1/../../../../arm-none-eabi/lib/thumb/v6-m/nofp\libc_nano.a(lib_a-nano-mallocr.o)
                0x0000000008004bc0                _malloc_r
 .text._realloc_r
                0x0000000008004cac       0x5e d:/stm32cubeide_1.12.0/stm32cubeide/plugins/com.st.stm32cube.ide.mcu.externaltools.gnu-tools-for-stm32.10.3-2021.10.win32_1.0.200.202301161003/tools/bin/../lib/gcc/arm-none-eabi/10.3.1/../../../../arm-none-eabi/lib/thumb/v6-m/nofp\libc_nano.a(lib_a-nano-reallocr.o)
                0x0000000008004cac                _realloc_r
 *fill*         0x0000000008004d0a        0x2 
 .text._sbrk_r  0x0000000008004d0c       0x24 d:/stm32cubeide_1.12.0/stm32cubeide/plugins/com.st.stm32cube.ide.mcu.externaltools.gnu-tools-for-stm32.10.3-2021.10.win32_1.0.200.202301161003/tools/bin/../lib/gcc/arm-none-eabi/10.3.1/../../../../arm-none-eabi/lib/thumb/v6-m/nofp\libc_nano.a(lib_a-sbrkr.o)
                0x0000000008004d0c                _sbrk_r
 .text.__malloc_lock
                0x0000000008004d30       0x10 d:/stm32cubeide_1.12.0/stm32cubeide/plugins/com.st.stm32cube.ide.mcu.externaltools.gnu-tools-for-stm32.10.3-2021.10.win32_1.0.200.202301161003/tools/bin/../lib/gcc/arm-none-eabi/10.3.1/../../../../arm-none-eabi/lib/thumb/v6-m/nofp\libc_nano.a(lib_a-mlock.o)
                0x0000000008004d30                __malloc_lock
 .text.__malloc_unlock
                0x0000000008004d40       0x10 d:/stm32cubeide_1.12.0/stm32cubeide/plugins/com.st.stm32cube.ide.mcu.externaltools.gnu-tools-for-stm32.10.3-2021.10.win32_1.0.200.202301161003/tools/bin/../lib/gcc/arm-none-eabi/10.3.1/../../../../arm-none-eabi/lib/thumb/v6-m/nofp\libc_nano.a(lib_a-mlock.o)
                0x0000000008004d40                __malloc_unlock
 .text._malloc_usable_size_r
                0x0000000008004d50       0x10 d:/stm32cubeide_1.12.0/stm32cubeide/plugins/com.st.stm32cube.ide.mcu.externaltools.gnu-tools-for-stm32.10.3-2021.10.win32_1.0.200.202301161003/tools/bin/../lib/gcc/arm-none-eabi/10.3.1/../../../../arm-none-eabi/lib/thumb/v6-m/nofp\libc_nano.a(lib_a-nano-msizer.o)
                0x0000000008004d50                _malloc_usable_size_r
 .text.__retarget_lock_acquire_recursive
                0x0000000008004d60        0x2 d:/stm32cubeide_1.12.0/stm32cubeide/plugins/com.st.stm32cube.ide.mcu.externaltools.gnu-tools-for-stm32.10.3-2021.10.win32_1.0.200.202301161003/tools/bin/../lib/gcc/arm-none-eabi/10.3.1/../../../../arm-none-eabi/lib/thumb/v6-m/nofp\libc_nano.a(lib_a-lock.o)
                0x0000000008004d60                __retarget_lock_acquire_recursive
 .text.__retarget_lock_release_recursive
                0x0000000008004d62        0x2 d:/stm32cubeide_1.12.0/stm32cubeide/plugins/com.st.stm32cube.ide.mcu.externaltools.gnu-tools-for-stm32.10.3-2021.10.win32_1.0.200.202301161003/tools/bin/../lib/gcc/arm-none-eabi/10.3.1/../../../../arm-none-eabi/lib/thumb/v6-m/nofp\libc_nano.a(lib_a-lock.o)
                0x0000000008004d62                __retarget_lock_release_recursive
 *(.glue_7)
 .glue_7        0x0000000008004d64        0x0 linker stubs
 *(.glue_7t)
 .glue_7t       0x0000000008004d64        0x0 linker stubs
 *(.eh_frame)
 .eh_frame      0x0000000008004d64        0x0 d:/stm32cubeide_1.12.0/stm32cubeide/plugins/com.st.stm32cube.ide.mcu.externaltools.gnu-tools-for-stm32.10.3-2021.10.win32_1.0.200.202301161003/tools/bin/../lib/gcc/arm-none-eabi/10.3.1/thumb/v6-m/nofp/crtbegin.o
 *(.init)
 .init          0x0000000008004d64        0x4 d:/stm32cubeide_1.12.0/stm32cubeide/plugins/com.st.stm32cube.ide.mcu.externaltools.gnu-tools-for-stm32.10.3-2021.10.win32_1.0.200.202301161003/tools/bin/../lib/gcc/arm-none-eabi/10.3.1/thumb/v6-m/nofp/crti.o
                0x0000000008004d64                _init
 .init          0x0000000008004d68        0x8 d:/stm32cubeide_1.12.0/stm32cubeide/plugins/com.st.stm32cube.ide.mcu.externaltools.gnu-tools-for-stm32.10.3-2021.10.win32_1.0.200.202301161003/tools/bin/../lib/gcc/arm-none-eabi/10.3.1/thumb/v6-m/nofp/crtn.o
 *(.fini)
 .fini          0x0000000008004d70        0x4 d:/stm32cubeide_1.12.0/stm32cubeide/plugins/com.st.stm32cube.ide.mcu.externaltools.gnu-tools-for-stm32.10.3-2021.10.win32_1.0.200.202301161003/tools/bin/../lib/gcc/arm-none-eabi/10.3.1/thumb/v6-m/nofp/crti.o
                0x0000000008004d70                _fini
 .fini          0x0000000008004d74        0x8 d:/stm32cubeide_1.12.0/stm32cubeide/plugins/com.st.stm32cube.ide.mcu.externaltools.gnu-tools-for-stm32.10.3-2021.10.win32_1.0.200.202301161003/tools/bin/../lib/gcc/arm-none-eabi/10.3.1/thumb/v6-m/nofp/crtn.o
                0x0000000008004d7c                . = ALIGN (0x4)
                0x0000000008004d7c                _etext = .

.vfp11_veneer   0x0000000008004d7c        0x0
 .vfp11_veneer  0x0000000008004d7c        0x0 linker stubs

.v4_bx          0x0000000008004d7c        0x0
 .v4_bx         0x0000000008004d7c        0x0 linker stubs

.iplt           0x0000000008004d7c        0x0
 .iplt          0x0000000008004d7c        0x0 d:/stm32cubeide_1.12.0/stm32cubeide/plugins/com.st.stm32cube.ide.mcu.externaltools.gnu-tools-for-stm32.10.3-2021.10.win32_1.0.200.202301161003/tools/bin/../lib/gcc/arm-none-eabi/10.3.1/thumb/v6-m/nofp/crtbegin.o

.rodata         0x0000000008004d7c      0x114
                0x0000000008004d7c                . = ALIGN (0x4)
 *(.rodata)
 .rodata        0x0000000008004d7c       0x67 ./Core/Src/main.o
 *fill*         0x0000000008004de3        0x1 
 .rodata        0x0000000008004de4        0x5 ./MiddleWares/Third_Party/FreeRTOS/org/Source/tasks.o
 *fill*         0x0000000008004de9        0x3 
 .rodata        0x0000000008004dec        0xd ./MiddleWares/Third_Party/FreeRTOS/org/Source/timers.o
 *(.rodata*)
 *fill*         0x0000000008004df9        0x3 
 .rodata.AHBPrescTable
                0x0000000008004dfc       0x10 ./Core/Src/system_stm32f0xx.o
                0x0000000008004dfc                AHBPrescTable
 .rodata.APBPrescTable
                0x0000000008004e0c        0x8 ./Core/Src/system_stm32f0xx.o
                0x0000000008004e0c                APBPrescTable
 .rodata.aPLLMULFactorTable.1
                0x0000000008004e14       0x10 ./Drivers/STM32F0xx_HAL_Driver/Src/stm32f0xx_hal_rcc.o
 .rodata.aPredivFactorTable.0
                0x0000000008004e24       0x10 ./Drivers/STM32F0xx_HAL_Driver/Src/stm32f0xx_hal_rcc.o
 .rodata.prvProcessReceivedCommands
                0x0000000008004e34       0x28 ./MiddleWares/Third_Party/FreeRTOS/org/Source/timers.o
 .rodata._svfprintf_r.str1.1
                0x0000000008004e5c       0x11 d:/stm32cubeide_1.12.0/stm32cubeide/plugins/com.st.stm32cube.ide.mcu.externaltools.gnu-tools-for-stm32.10.3-2021.10.win32_1.0.200.202301161003/tools/bin/../lib/gcc/arm-none-eabi/10.3.1/../../../../arm-none-eabi/lib/thumb/v6-m/nofp\libc_nano.a(lib_a-nano-svfprintf.o)
 .rodata._printf_i.str1.1
                0x0000000008004e6d       0x22 d:/stm32cubeide_1.12.0/stm32cubeide/plugins/com.st.stm32cube.ide.mcu.externaltools.gnu-tools-for-stm32.10.3-2021.10.win32_1.0.200.202301161003/tools/bin/../lib/gcc/arm-none-eabi/10.3.1/../../../../arm-none-eabi/lib/thumb/v6-m/nofp\libc_nano.a(lib_a-nano-vfprintf_i.o)
                0x0000000008004e90                . = ALIGN (0x4)
 *fill*         0x0000000008004e8f        0x1 

.rel.dyn        0x0000000008004e90        0x0
 .rel.iplt      0x0000000008004e90        0x0 d:/stm32cubeide_1.12.0/stm32cubeide/plugins/com.st.stm32cube.ide.mcu.externaltools.gnu-tools-for-stm32.10.3-2021.10.win32_1.0.200.202301161003/tools/bin/../lib/gcc/arm-none-eabi/10.3.1/thumb/v6-m/nofp/crtbegin.o

.ARM.extab      0x0000000008004e90        0x0
                0x0000000008004e90                . = ALIGN (0x4)
 *(.ARM.extab* .gnu.linkonce.armextab.*)
                0x0000000008004e90                . = ALIGN (0x4)

.ARM            0x0000000008004e90        0x0
                0x0000000008004e90                . = ALIGN (0x4)
                0x0000000008004e90                __exidx_start = .
 *(.ARM.exidx*)
                0x0000000008004e90                __exidx_end = .
                0x0000000008004e90                . = ALIGN (0x4)

.preinit_array  0x0000000008004e90        0x0
                0x0000000008004e90                . = ALIGN (0x4)
                0x0000000008004e90                PROVIDE (__preinit_array_start = .)
 *(.preinit_array*)
                0x0000000008004e90                PROVIDE (__preinit_array_end = .)
                0x0000000008004e90                . = ALIGN (0x4)

.init_array     0x0000000008004e90        0x4
                0x0000000008004e90                . = ALIGN (0x4)
                0x0000000008004e90                PROVIDE (__init_array_start = .)
 *(SORT_BY_NAME(.init_array.*))
 *(.init_array*)
 .init_array    0x0000000008004e90        0x4 d:/stm32cubeide_1.12.0/stm32cubeide/plugins/com.st.stm32cube.ide.mcu.externaltools.gnu-tools-for-stm32.10.3-2021.10.win32_1.0.200.202301161003/tools/bin/../lib/gcc/arm-none-eabi/10.3.1/thumb/v6-m/nofp/crtbegin.o
                0x0000000008004e94                PROVIDE (__init_array_end = .)
                0x0000000008004e94                . = ALIGN (0x4)

.fini_array     0x0000000008004e94        0x4
                0x0000000008004e94                . = ALIGN (0x4)
                [!provide]                        PROVIDE (__fini_array_start = .)
 *(SORT_BY_NAME(.fini_array.*))
 *(.fini_array*)
 .fini_array    0x0000000008004e94        0x4 d:/stm32cubeide_1.12.0/stm32cubeide/plugins/com.st.stm32cube.ide.mcu.externaltools.gnu-tools-for-stm32.10.3-2021.10.win32_1.0.200.202301161003/tools/bin/../lib/gcc/arm-none-eabi/10.3.1/thumb/v6-m/nofp/crtbegin.o
                [!provide]                        PROVIDE (__fini_array_end = .)
                0x0000000008004e98                . = ALIGN (0x4)
                0x0000000008004e98                _sidata = LOADADDR (.data)

.data           0x0000000020000000       0x78 load address 0x0000000008004e98
                0x0000000020000000                . = ALIGN (0x4)
                0x0000000020000000                _sdata = .
 *(.data)
 *(.data*)
 .data.SystemCoreClock
                0x0000000020000000        0x4 ./Core/Src/system_stm32f0xx.o
                0x0000000020000000                SystemCoreClock
 .data.uwTickPrio
                0x0000000020000004        0x4 ./Drivers/STM32F0xx_HAL_Driver/Src/stm32f0xx_hal.o
                0x0000000020000004                uwTickPrio
 .data.uwTickFreq
                0x0000000020000008        0x1 ./Drivers/STM32F0xx_HAL_Driver/Src/stm32f0xx_hal.o
                0x0000000020000008                uwTickFreq
 *fill*         0x0000000020000009        0x3 
 .data.uxTopUsedPriority
                0x000000002000000c        0x4 ./MiddleWares/Third_Party/FreeRTOS/org/Source/tasks.o
                0x000000002000000c                uxTopUsedPriority
 .data.uxCriticalNesting
                0x0000000020000010        0x4 ./MiddleWares/Third_Party/FreeRTOS/org/Source/portable/GCC/ARM_CM0/port.o
 .data._impure_ptr
                0x0000000020000014        0x4 d:/stm32cubeide_1.12.0/stm32cubeide/plugins/com.st.stm32cube.ide.mcu.externaltools.gnu-tools-for-stm32.10.3-2021.10.win32_1.0.200.202301161003/tools/bin/../lib/gcc/arm-none-eabi/10.3.1/../../../../arm-none-eabi/lib/thumb/v6-m/nofp\libc_nano.a(lib_a-impure.o)
                0x0000000020000014                _impure_ptr
 .data.impure_data
                0x0000000020000018       0x60 d:/stm32cubeide_1.12.0/stm32cubeide/plugins/com.st.stm32cube.ide.mcu.externaltools.gnu-tools-for-stm32.10.3-2021.10.win32_1.0.200.202301161003/tools/bin/../lib/gcc/arm-none-eabi/10.3.1/../../../../arm-none-eabi/lib/thumb/v6-m/nofp\libc_nano.a(lib_a-impure.o)
 *(.RamFunc)
 *(.RamFunc*)
                0x0000000020000078                . = ALIGN (0x4)
                0x0000000020000078                _edata = .

.igot.plt       0x0000000020000078        0x0 load address 0x0000000008004f10
 .igot.plt      0x0000000020000078        0x0 d:/stm32cubeide_1.12.0/stm32cubeide/plugins/com.st.stm32cube.ide.mcu.externaltools.gnu-tools-for-stm32.10.3-2021.10.win32_1.0.200.202301161003/tools/bin/../lib/gcc/arm-none-eabi/10.3.1/thumb/v6-m/nofp/crtbegin.o
                0x0000000020000078                . = ALIGN (0x4)

.bss            0x0000000020000078     0x1c2c load address 0x0000000008004f10
                0x0000000020000078                _sbss = .
                0x0000000020000078                __bss_start__ = _sbss
 *(.bss)
 .bss           0x0000000020000078       0x1c d:/stm32cubeide_1.12.0/stm32cubeide/plugins/com.st.stm32cube.ide.mcu.externaltools.gnu-tools-for-stm32.10.3-2021.10.win32_1.0.200.202301161003/tools/bin/../lib/gcc/arm-none-eabi/10.3.1/thumb/v6-m/nofp/crtbegin.o
 *(.bss*)
 .bss.myTask1Handler
                0x0000000020000094        0x4 ./Core/Src/main.o
                0x0000000020000094                myTask1Handler
 .bss.myTask2Handler
                0x0000000020000098        0x4 ./Core/Src/main.o
                0x0000000020000098                myTask2Handler
 .bss.buttonState
                0x000000002000009c        0x1 ./Core/Src/main.o
                0x000000002000009c                buttonState
 *fill*         0x000000002000009d        0x3 
 .bss.myMessage
                0x00000000200000a0       0x64 ./Core/Src/main.o
                0x00000000200000a0                myMessage
 .bss.huart1    0x0000000020000104       0x88 ./Core/Src/main.o
                0x0000000020000104                huart1
 .bss.__sbrk_heap_end
                0x000000002000018c        0x4 ./Core/Src/sysmem.o
 .bss.uwTick    0x0000000020000190        0x4 ./Drivers/STM32F0xx_HAL_Driver/Src/stm32f0xx_hal.o
                0x0000000020000190                uwTick
 .bss.xQueueRegistry
                0x0000000020000194       0x40 ./MiddleWares/Third_Party/FreeRTOS/org/Source/queue.o
                0x0000000020000194                xQueueRegistry
 .bss.pxCurrentTCB
                0x00000000200001d4        0x4 ./MiddleWares/Third_Party/FreeRTOS/org/Source/tasks.o
                0x00000000200001d4                pxCurrentTCB
 .bss.pxReadyTasksLists
                0x00000000200001d8       0x64 ./MiddleWares/Third_Party/FreeRTOS/org/Source/tasks.o
 .bss.xDelayedTaskList1
                0x000000002000023c       0x14 ./MiddleWares/Third_Party/FreeRTOS/org/Source/tasks.o
 .bss.xDelayedTaskList2
                0x0000000020000250       0x14 ./MiddleWares/Third_Party/FreeRTOS/org/Source/tasks.o
 .bss.pxDelayedTaskList
                0x0000000020000264        0x4 ./MiddleWares/Third_Party/FreeRTOS/org/Source/tasks.o
 .bss.pxOverflowDelayedTaskList
                0x0000000020000268        0x4 ./MiddleWares/Third_Party/FreeRTOS/org/Source/tasks.o
 .bss.xPendingReadyList
                0x000000002000026c       0x14 ./MiddleWares/Third_Party/FreeRTOS/org/Source/tasks.o
 .bss.xTasksWaitingTermination
                0x0000000020000280       0x14 ./MiddleWares/Third_Party/FreeRTOS/org/Source/tasks.o
 .bss.uxDeletedTasksWaitingCleanUp
                0x0000000020000294        0x4 ./MiddleWares/Third_Party/FreeRTOS/org/Source/tasks.o
 .bss.xSuspendedTaskList
                0x0000000020000298       0x14 ./MiddleWares/Third_Party/FreeRTOS/org/Source/tasks.o
 .bss.uxCurrentNumberOfTasks
                0x00000000200002ac        0x4 ./MiddleWares/Third_Party/FreeRTOS/org/Source/tasks.o
 .bss.xTickCount
                0x00000000200002b0        0x4 ./MiddleWares/Third_Party/FreeRTOS/org/Source/tasks.o
 .bss.uxTopReadyPriority
                0x00000000200002b4        0x4 ./MiddleWares/Third_Party/FreeRTOS/org/Source/tasks.o
 .bss.xSchedulerRunning
                0x00000000200002b8        0x4 ./MiddleWares/Third_Party/FreeRTOS/org/Source/tasks.o
 .bss.xPendedTicks
                0x00000000200002bc        0x4 ./MiddleWares/Third_Party/FreeRTOS/org/Source/tasks.o
 .bss.xYieldPending
                0x00000000200002c0        0x4 ./MiddleWares/Third_Party/FreeRTOS/org/Source/tasks.o
 .bss.xNumOfOverflows
                0x00000000200002c4        0x4 ./MiddleWares/Third_Party/FreeRTOS/org/Source/tasks.o
 .bss.uxTaskNumber
                0x00000000200002c8        0x4 ./MiddleWares/Third_Party/FreeRTOS/org/Source/tasks.o
 .bss.xNextTaskUnblockTime
                0x00000000200002cc        0x4 ./MiddleWares/Third_Party/FreeRTOS/org/Source/tasks.o
 .bss.xIdleTaskHandle
                0x00000000200002d0        0x4 ./MiddleWares/Third_Party/FreeRTOS/org/Source/tasks.o
 .bss.uxSchedulerSuspended
                0x00000000200002d4        0x4 ./MiddleWares/Third_Party/FreeRTOS/org/Source/tasks.o
 .bss.xActiveTimerList1
                0x00000000200002d8       0x14 ./MiddleWares/Third_Party/FreeRTOS/org/Source/timers.o
 .bss.xActiveTimerList2
                0x00000000200002ec       0x14 ./MiddleWares/Third_Party/FreeRTOS/org/Source/timers.o
 .bss.pxCurrentTimerList
                0x0000000020000300        0x4 ./MiddleWares/Third_Party/FreeRTOS/org/Source/timers.o
 .bss.pxOverflowTimerList
                0x0000000020000304        0x4 ./MiddleWares/Third_Party/FreeRTOS/org/Source/timers.o
 .bss.xTimerQueue
                0x0000000020000308        0x4 ./MiddleWares/Third_Party/FreeRTOS/org/Source/timers.o
 .bss.xTimerTaskHandle
                0x000000002000030c        0x4 ./MiddleWares/Third_Party/FreeRTOS/org/Source/timers.o
 .bss.xLastTime.0
                0x0000000020000310        0x4 ./MiddleWares/Third_Party/FreeRTOS/org/Source/timers.o
 .bss.ucHeap    0x0000000020000314     0x1964 ./MiddleWares/Third_Party/FreeRTOS/org/Source/portable/MemMang/heap_4.o
 .bss.xStart    0x0000000020001c78        0x8 ./MiddleWares/Third_Party/FreeRTOS/org/Source/portable/MemMang/heap_4.o
 .bss.pxEnd     0x0000000020001c80        0x4 ./MiddleWares/Third_Party/FreeRTOS/org/Source/portable/MemMang/heap_4.o
 .bss.xFreeBytesRemaining
                0x0000000020001c84        0x4 ./MiddleWares/Third_Party/FreeRTOS/org/Source/portable/MemMang/heap_4.o
 .bss.xMinimumEverFreeBytesRemaining
                0x0000000020001c88        0x4 ./MiddleWares/Third_Party/FreeRTOS/org/Source/portable/MemMang/heap_4.o
 .bss.xNumberOfSuccessfulAllocations
                0x0000000020001c8c        0x4 ./MiddleWares/Third_Party/FreeRTOS/org/Source/portable/MemMang/heap_4.o
 .bss.xNumberOfSuccessfulFrees
                0x0000000020001c90        0x4 ./MiddleWares/Third_Party/FreeRTOS/org/Source/portable/MemMang/heap_4.o
 .bss.__malloc_free_list
                0x0000000020001c94        0x4 d:/stm32cubeide_1.12.0/stm32cubeide/plugins/com.st.stm32cube.ide.mcu.externaltools.gnu-tools-for-stm32.10.3-2021.10.win32_1.0.200.202301161003/tools/bin/../lib/gcc/arm-none-eabi/10.3.1/../../../../arm-none-eabi/lib/thumb/v6-m/nofp\libc_nano.a(lib_a-nano-mallocr.o)
                0x0000000020001c94                __malloc_free_list
 .bss.__malloc_sbrk_start
                0x0000000020001c98        0x4 d:/stm32cubeide_1.12.0/stm32cubeide/plugins/com.st.stm32cube.ide.mcu.externaltools.gnu-tools-for-stm32.10.3-2021.10.win32_1.0.200.202301161003/tools/bin/../lib/gcc/arm-none-eabi/10.3.1/../../../../arm-none-eabi/lib/thumb/v6-m/nofp\libc_nano.a(lib_a-nano-mallocr.o)
                0x0000000020001c98                __malloc_sbrk_start
 .bss.errno     0x0000000020001c9c        0x4 d:/stm32cubeide_1.12.0/stm32cubeide/plugins/com.st.stm32cube.ide.mcu.externaltools.gnu-tools-for-stm32.10.3-2021.10.win32_1.0.200.202301161003/tools/bin/../lib/gcc/arm-none-eabi/10.3.1/../../../../arm-none-eabi/lib/thumb/v6-m/nofp\libc_nano.a(lib_a-reent.o)
                0x0000000020001c9c                errno
 .bss.__lock___malloc_recursive_mutex
                0x0000000020001ca0        0x1 d:/stm32cubeide_1.12.0/stm32cubeide/plugins/com.st.stm32cube.ide.mcu.externaltools.gnu-tools-for-stm32.10.3-2021.10.win32_1.0.200.202301161003/tools/bin/../lib/gcc/arm-none-eabi/10.3.1/../../../../arm-none-eabi/lib/thumb/v6-m/nofp\libc_nano.a(lib_a-lock.o)
                0x0000000020001ca0                __lock___malloc_recursive_mutex
 *(COMMON)
                0x0000000020001ca4                . = ALIGN (0x4)
 *fill*         0x0000000020001ca1        0x3 
                0x0000000020001ca4                _ebss = .
                0x0000000020001ca4                __bss_end__ = _ebss

._user_heap_stack
                0x0000000020001ca4      0x604 load address 0x0000000008004f10
                0x0000000020001ca8                . = ALIGN (0x8)
 *fill*         0x0000000020001ca4        0x4 
                [!provide]                        PROVIDE (end = .)
                0x0000000020001ca8                PROVIDE (_end = .)
                0x0000000020001ea8                . = (. + _Min_Heap_Size)
 *fill*         0x0000000020001ca8      0x200 
                0x00000000200022a8                . = (. + _Min_Stack_Size)
 *fill*         0x0000000020001ea8      0x400 
                0x00000000200022a8                . = ALIGN (0x8)

/DISCARD/
 libc.a(*)
 libm.a(*)
 libgcc.a(*)

.ARM.attributes
                0x0000000000000000       0x28
 *(.ARM.attributes)
 .ARM.attributes
                0x0000000000000000       0x1e d:/stm32cubeide_1.12.0/stm32cubeide/plugins/com.st.stm32cube.ide.mcu.externaltools.gnu-tools-for-stm32.10.3-2021.10.win32_1.0.200.202301161003/tools/bin/../lib/gcc/arm-none-eabi/10.3.1/thumb/v6-m/nofp/crti.o
 .ARM.attributes
                0x000000000000001e       0x2c d:/stm32cubeide_1.12.0/stm32cubeide/plugins/com.st.stm32cube.ide.mcu.externaltools.gnu-tools-for-stm32.10.3-2021.10.win32_1.0.200.202301161003/tools/bin/../lib/gcc/arm-none-eabi/10.3.1/thumb/v6-m/nofp/crtbegin.o
 .ARM.attributes
                0x000000000000004a       0x2c ./Core/Src/main.o
 .ARM.attributes
                0x0000000000000076       0x2c ./Core/Src/stm32f0xx_hal_msp.o
 .ARM.attributes
                0x00000000000000a2       0x2c ./Core/Src/stm32f0xx_it.o
 .ARM.attributes
                0x00000000000000ce       0x2c ./Core/Src/sysmem.o
 .ARM.attributes
                0x00000000000000fa       0x2c ./Core/Src/system_stm32f0xx.o
 .ARM.attributes
                0x0000000000000126       0x21 ./Core/Startup/startup_stm32f072rbtx.o
 .ARM.attributes
                0x0000000000000147       0x2c ./Drivers/STM32F0xx_HAL_Driver/Src/stm32f0xx_hal.o
 .ARM.attributes
                0x0000000000000173       0x2c ./Drivers/STM32F0xx_HAL_Driver/Src/stm32f0xx_hal_cortex.o
 .ARM.attributes
                0x000000000000019f       0x2c ./Drivers/STM32F0xx_HAL_Driver/Src/stm32f0xx_hal_gpio.o
 .ARM.attributes
                0x00000000000001cb       0x2c ./Drivers/STM32F0xx_HAL_Driver/Src/stm32f0xx_hal_rcc.o
 .ARM.attributes
                0x00000000000001f7       0x2c ./Drivers/STM32F0xx_HAL_Driver/Src/stm32f0xx_hal_rcc_ex.o
 .ARM.attributes
                0x0000000000000223       0x2c ./Drivers/STM32F0xx_HAL_Driver/Src/stm32f0xx_hal_uart.o
 .ARM.attributes
                0x000000000000024f       0x2c ./MiddleWares/Third_Party/FreeRTOS/org/Source/list.o
 .ARM.attributes
                0x000000000000027b       0x2c ./MiddleWares/Third_Party/FreeRTOS/org/Source/queue.o
 .ARM.attributes
                0x00000000000002a7       0x2c ./MiddleWares/Third_Party/FreeRTOS/org/Source/tasks.o
 .ARM.attributes
                0x00000000000002d3       0x2c ./MiddleWares/Third_Party/FreeRTOS/org/Source/timers.o
 .ARM.attributes
                0x00000000000002ff       0x2c ./MiddleWares/Third_Party/FreeRTOS/org/Source/portable/GCC/ARM_CM0/port.o
 .ARM.attributes
                0x000000000000032b       0x2c ./MiddleWares/Third_Party/FreeRTOS/org/Source/portable/MemMang/heap_4.o
 .ARM.attributes
                0x0000000000000357       0x2c d:/stm32cubeide_1.12.0/stm32cubeide/plugins/com.st.stm32cube.ide.mcu.externaltools.gnu-tools-for-stm32.10.3-2021.10.win32_1.0.200.202301161003/tools/bin/../lib/gcc/arm-none-eabi/10.3.1/../../../../arm-none-eabi/lib/thumb/v6-m/nofp\libc_nano.a(lib_a-errno.o)
 .ARM.attributes
                0x0000000000000383       0x2c d:/stm32cubeide_1.12.0/stm32cubeide/plugins/com.st.stm32cube.ide.mcu.externaltools.gnu-tools-for-stm32.10.3-2021.10.win32_1.0.200.202301161003/tools/bin/../lib/gcc/arm-none-eabi/10.3.1/../../../../arm-none-eabi/lib/thumb/v6-m/nofp\libc_nano.a(lib_a-impure.o)
 .ARM.attributes
                0x00000000000003af       0x2c d:/stm32cubeide_1.12.0/stm32cubeide/plugins/com.st.stm32cube.ide.mcu.externaltools.gnu-tools-for-stm32.10.3-2021.10.win32_1.0.200.202301161003/tools/bin/../lib/gcc/arm-none-eabi/10.3.1/../../../../arm-none-eabi/lib/thumb/v6-m/nofp\libc_nano.a(lib_a-init.o)
 .ARM.attributes
                0x00000000000003db       0x2c d:/stm32cubeide_1.12.0/stm32cubeide/plugins/com.st.stm32cube.ide.mcu.externaltools.gnu-tools-for-stm32.10.3-2021.10.win32_1.0.200.202301161003/tools/bin/../lib/gcc/arm-none-eabi/10.3.1/../../../../arm-none-eabi/lib/thumb/v6-m/nofp\libc_nano.a(lib_a-memcpy-stub.o)
 .ARM.attributes
                0x0000000000000407       0x2c d:/stm32cubeide_1.12.0/stm32cubeide/plugins/com.st.stm32cube.ide.mcu.externaltools.gnu-tools-for-stm32.10.3-2021.10.win32_1.0.200.202301161003/tools/bin/../lib/gcc/arm-none-eabi/10.3.1/../../../../arm-none-eabi/lib/thumb/v6-m/nofp\libc_nano.a(lib_a-memset.o)
 .ARM.attributes
                0x0000000000000433       0x2c d:/stm32cubeide_1.12.0/stm32cubeide/plugins/com.st.stm32cube.ide.mcu.externaltools.gnu-tools-for-stm32.10.3-2021.10.win32_1.0.200.202301161003/tools/bin/../lib/gcc/arm-none-eabi/10.3.1/../../../../arm-none-eabi/lib/thumb/v6-m/nofp\libc_nano.a(lib_a-sprintf.o)
 .ARM.attributes
                0x000000000000045f       0x2c d:/stm32cubeide_1.12.0/stm32cubeide/plugins/com.st.stm32cube.ide.mcu.externaltools.gnu-tools-for-stm32.10.3-2021.10.win32_1.0.200.202301161003/tools/bin/../lib/gcc/arm-none-eabi/10.3.1/../../../../arm-none-eabi/lib/thumb/v6-m/nofp\libc_nano.a(lib_a-nano-svfprintf.o)
 .ARM.attributes
                0x000000000000048b       0x2c d:/stm32cubeide_1.12.0/stm32cubeide/plugins/com.st.stm32cube.ide.mcu.externaltools.gnu-tools-for-stm32.10.3-2021.10.win32_1.0.200.202301161003/tools/bin/../lib/gcc/arm-none-eabi/10.3.1/../../../../arm-none-eabi/lib/thumb/v6-m/nofp\libc_nano.a(lib_a-nano-vfprintf_i.o)
 .ARM.attributes
                0x00000000000004b7       0x2c d:/stm32cubeide_1.12.0/stm32cubeide/plugins/com.st.stm32cube.ide.mcu.externaltools.gnu-tools-for-stm32.10.3-2021.10.win32_1.0.200.202301161003/tools/bin/../lib/gcc/arm-none-eabi/10.3.1/../../../../arm-none-eabi/lib/thumb/v6-m/nofp\libc_nano.a(lib_a-memchr-stub.o)
 .ARM.attributes
                0x00000000000004e3       0x2c d:/stm32cubeide_1.12.0/stm32cubeide/plugins/com.st.stm32cube.ide.mcu.externaltools.gnu-tools-for-stm32.10.3-2021.10.win32_1.0.200.202301161003/tools/bin/../lib/gcc/arm-none-eabi/10.3.1/../../../../arm-none-eabi/lib/thumb/v6-m/nofp\libc_nano.a(lib_a-memmove.o)
 .ARM.attributes
                0x000000000000050f       0x2c d:/stm32cubeide_1.12.0/stm32cubeide/plugins/com.st.stm32cube.ide.mcu.externaltools.gnu-tools-for-stm32.10.3-2021.10.win32_1.0.200.202301161003/tools/bin/../lib/gcc/arm-none-eabi/10.3.1/../../../../arm-none-eabi/lib/thumb/v6-m/nofp\libc_nano.a(lib_a-nano-freer.o)
 .ARM.attributes
                0x000000000000053b       0x2c d:/stm32cubeide_1.12.0/stm32cubeide/plugins/com.st.stm32cube.ide.mcu.externaltools.gnu-tools-for-stm32.10.3-2021.10.win32_1.0.200.202301161003/tools/bin/../lib/gcc/arm-none-eabi/10.3.1/../../../../arm-none-eabi/lib/thumb/v6-m/nofp\libc_nano.a(lib_a-nano-mallocr.o)
 .ARM.attributes
                0x0000000000000567       0x2c d:/stm32cubeide_1.12.0/stm32cubeide/plugins/com.st.stm32cube.ide.mcu.externaltools.gnu-tools-for-stm32.10.3-2021.10.win32_1.0.200.202301161003/tools/bin/../lib/gcc/arm-none-eabi/10.3.1/../../../../arm-none-eabi/lib/thumb/v6-m/nofp\libc_nano.a(lib_a-nano-reallocr.o)
 .ARM.attributes
                0x0000000000000593       0x2c d:/stm32cubeide_1.12.0/stm32cubeide/plugins/com.st.stm32cube.ide.mcu.externaltools.gnu-tools-for-stm32.10.3-2021.10.win32_1.0.200.202301161003/tools/bin/../lib/gcc/arm-none-eabi/10.3.1/../../../../arm-none-eabi/lib/thumb/v6-m/nofp\libc_nano.a(lib_a-sbrkr.o)
 .ARM.attributes
                0x00000000000005bf       0x2c d:/stm32cubeide_1.12.0/stm32cubeide/plugins/com.st.stm32cube.ide.mcu.externaltools.gnu-tools-for-stm32.10.3-2021.10.win32_1.0.200.202301161003/tools/bin/../lib/gcc/arm-none-eabi/10.3.1/../../../../arm-none-eabi/lib/thumb/v6-m/nofp\libc_nano.a(lib_a-mlock.o)
 .ARM.attributes
                0x00000000000005eb       0x2c d:/stm32cubeide_1.12.0/stm32cubeide/plugins/com.st.stm32cube.ide.mcu.externaltools.gnu-tools-for-stm32.10.3-2021.10.win32_1.0.200.202301161003/tools/bin/../lib/gcc/arm-none-eabi/10.3.1/../../../../arm-none-eabi/lib/thumb/v6-m/nofp\libc_nano.a(lib_a-nano-msizer.o)
 .ARM.attributes
                0x0000000000000617       0x2c d:/stm32cubeide_1.12.0/stm32cubeide/plugins/com.st.stm32cube.ide.mcu.externaltools.gnu-tools-for-stm32.10.3-2021.10.win32_1.0.200.202301161003/tools/bin/../lib/gcc/arm-none-eabi/10.3.1/../../../../arm-none-eabi/lib/thumb/v6-m/nofp\libc_nano.a(lib_a-reent.o)
 .ARM.attributes
                0x0000000000000643       0x2c d:/stm32cubeide_1.12.0/stm32cubeide/plugins/com.st.stm32cube.ide.mcu.externaltools.gnu-tools-for-stm32.10.3-2021.10.win32_1.0.200.202301161003/tools/bin/../lib/gcc/arm-none-eabi/10.3.1/../../../../arm-none-eabi/lib/thumb/v6-m/nofp\libc_nano.a(lib_a-lock.o)
 .ARM.attributes
                0x000000000000066f       0x1e d:/stm32cubeide_1.12.0/stm32cubeide/plugins/com.st.stm32cube.ide.mcu.externaltools.gnu-tools-for-stm32.10.3-2021.10.win32_1.0.200.202301161003/tools/bin/../lib/gcc/arm-none-eabi/10.3.1/thumb/v6-m/nofp\libgcc.a(_thumb1_case_shi.o)
 .ARM.attributes
                0x000000000000068d       0x1e d:/stm32cubeide_1.12.0/stm32cubeide/plugins/com.st.stm32cube.ide.mcu.externaltools.gnu-tools-for-stm32.10.3-2021.10.win32_1.0.200.202301161003/tools/bin/../lib/gcc/arm-none-eabi/10.3.1/thumb/v6-m/nofp\libgcc.a(_udivsi3.o)
 .ARM.attributes
                0x00000000000006ab       0x1e d:/stm32cubeide_1.12.0/stm32cubeide/plugins/com.st.stm32cube.ide.mcu.externaltools.gnu-tools-for-stm32.10.3-2021.10.win32_1.0.200.202301161003/tools/bin/../lib/gcc/arm-none-eabi/10.3.1/thumb/v6-m/nofp\libgcc.a(_dvmd_tls.o)
 .ARM.attributes
                0x00000000000006c9       0x1e d:/stm32cubeide_1.12.0/stm32cubeide/plugins/com.st.stm32cube.ide.mcu.externaltools.gnu-tools-for-stm32.10.3-2021.10.win32_1.0.200.202301161003/tools/bin/../lib/gcc/arm-none-eabi/10.3.1/thumb/v6-m/nofp/crtn.o
OUTPUT(Change_Task_Priority2.elf elf32-littlearm)
LOAD linker stubs
LOAD d:/stm32cubeide_1.12.0/stm32cubeide/plugins/com.st.stm32cube.ide.mcu.externaltools.gnu-tools-for-stm32.10.3-2021.10.win32_1.0.200.202301161003/tools/bin/../lib/gcc/arm-none-eabi/10.3.1/../../../../arm-none-eabi/lib/thumb/v6-m/nofp\libc.a
LOAD d:/stm32cubeide_1.12.0/stm32cubeide/plugins/com.st.stm32cube.ide.mcu.externaltools.gnu-tools-for-stm32.10.3-2021.10.win32_1.0.200.202301161003/tools/bin/../lib/gcc/arm-none-eabi/10.3.1/../../../../arm-none-eabi/lib/thumb/v6-m/nofp\libm.a
LOAD d:/stm32cubeide_1.12.0/stm32cubeide/plugins/com.st.stm32cube.ide.mcu.externaltools.gnu-tools-for-stm32.10.3-2021.10.win32_1.0.200.202301161003/tools/bin/../lib/gcc/arm-none-eabi/10.3.1/thumb/v6-m/nofp\libgcc.a

.debug_info     0x0000000000000000     0xc92e
 .debug_info    0x0000000000000000      0xfc4 ./Core/Src/main.o
 .debug_info    0x0000000000000fc4      0x969 ./Core/Src/stm32f0xx_hal_msp.o
 .debug_info    0x000000000000192d      0x209 ./Core/Src/stm32f0xx_it.o
 .debug_info    0x0000000000001b36      0x171 ./Core/Src/sysmem.o
 .debug_info    0x0000000000001ca7      0x269 ./Core/Src/system_stm32f0xx.o
 .debug_info    0x0000000000001f10       0x22 ./Core/Startup/startup_stm32f072rbtx.o
 .debug_info    0x0000000000001f32      0x6f6 ./Drivers/STM32F0xx_HAL_Driver/Src/stm32f0xx_hal.o
 .debug_info    0x0000000000002628      0x723 ./Drivers/STM32F0xx_HAL_Driver/Src/stm32f0xx_hal_cortex.o
 .debug_info    0x0000000000002d4b      0x628 ./Drivers/STM32F0xx_HAL_Driver/Src/stm32f0xx_hal_gpio.o
 .debug_info    0x0000000000003373      0x8b0 ./Drivers/STM32F0xx_HAL_Driver/Src/stm32f0xx_hal_rcc.o
 .debug_info    0x0000000000003c23      0x654 ./Drivers/STM32F0xx_HAL_Driver/Src/stm32f0xx_hal_rcc_ex.o
 .debug_info    0x0000000000004277     0x3d40 ./Drivers/STM32F0xx_HAL_Driver/Src/stm32f0xx_hal_uart.o
 .debug_info    0x0000000000007fb7      0x2d1 ./MiddleWares/Third_Party/FreeRTOS/org/Source/list.o
 .debug_info    0x0000000000008288     0x1374 ./MiddleWares/Third_Party/FreeRTOS/org/Source/queue.o
 .debug_info    0x00000000000095fc     0x1e7f ./MiddleWares/Third_Party/FreeRTOS/org/Source/tasks.o
 .debug_info    0x000000000000b47b      0xd46 ./MiddleWares/Third_Party/FreeRTOS/org/Source/timers.o
 .debug_info    0x000000000000c1c1      0x2a0 ./MiddleWares/Third_Party/FreeRTOS/org/Source/portable/GCC/ARM_CM0/port.o
 .debug_info    0x000000000000c461      0x4cd ./MiddleWares/Third_Party/FreeRTOS/org/Source/portable/MemMang/heap_4.o

.debug_abbrev   0x0000000000000000     0x21c7
 .debug_abbrev  0x0000000000000000      0x2b3 ./Core/Src/main.o
 .debug_abbrev  0x00000000000002b3      0x19b ./Core/Src/stm32f0xx_hal_msp.o
 .debug_abbrev  0x000000000000044e      0x134 ./Core/Src/stm32f0xx_it.o
 .debug_abbrev  0x0000000000000582       0xbb ./Core/Src/sysmem.o
 .debug_abbrev  0x000000000000063d      0x116 ./Core/Src/system_stm32f0xx.o
 .debug_abbrev  0x0000000000000753       0x12 ./Core/Startup/startup_stm32f072rbtx.o
 .debug_abbrev  0x0000000000000765      0x20e ./Drivers/STM32F0xx_HAL_Driver/Src/stm32f0xx_hal.o
 .debug_abbrev  0x0000000000000973      0x283 ./Drivers/STM32F0xx_HAL_Driver/Src/stm32f0xx_hal_cortex.o
 .debug_abbrev  0x0000000000000bf6      0x1bb ./Drivers/STM32F0xx_HAL_Driver/Src/stm32f0xx_hal_gpio.o
 .debug_abbrev  0x0000000000000db1      0x283 ./Drivers/STM32F0xx_HAL_Driver/Src/stm32f0xx_hal_rcc.o
 .debug_abbrev  0x0000000000001034      0x19f ./Drivers/STM32F0xx_HAL_Driver/Src/stm32f0xx_hal_rcc_ex.o
 .debug_abbrev  0x00000000000011d3      0x2ba ./Drivers/STM32F0xx_HAL_Driver/Src/stm32f0xx_hal_uart.o
 .debug_abbrev  0x000000000000148d       0xf2 ./MiddleWares/Third_Party/FreeRTOS/org/Source/list.o
 .debug_abbrev  0x000000000000157f      0x2b6 ./MiddleWares/Third_Party/FreeRTOS/org/Source/queue.o
 .debug_abbrev  0x0000000000001835      0x313 ./MiddleWares/Third_Party/FreeRTOS/org/Source/tasks.o
 .debug_abbrev  0x0000000000001b48      0x2a5 ./MiddleWares/Third_Party/FreeRTOS/org/Source/timers.o
 .debug_abbrev  0x0000000000001ded      0x1ee ./MiddleWares/Third_Party/FreeRTOS/org/Source/portable/GCC/ARM_CM0/port.o
 .debug_abbrev  0x0000000000001fdb      0x1ec ./MiddleWares/Third_Party/FreeRTOS/org/Source/portable/MemMang/heap_4.o

.debug_aranges  0x0000000000000000      0xb58
 .debug_aranges
                0x0000000000000000       0x50 ./Core/Src/main.o
 .debug_aranges
                0x0000000000000050       0x30 ./Core/Src/stm32f0xx_hal_msp.o
 .debug_aranges
                0x0000000000000080       0x28 ./Core/Src/stm32f0xx_it.o
 .debug_aranges
                0x00000000000000a8       0x20 ./Core/Src/sysmem.o
 .debug_aranges
                0x00000000000000c8       0x28 ./Core/Src/system_stm32f0xx.o
 .debug_aranges
                0x00000000000000f0       0x28 ./Core/Startup/startup_stm32f072rbtx.o
 .debug_aranges
                0x0000000000000118       0xd0 ./Drivers/STM32F0xx_HAL_Driver/Src/stm32f0xx_hal.o
 .debug_aranges
                0x00000000000001e8       0xc0 ./Drivers/STM32F0xx_HAL_Driver/Src/stm32f0xx_hal_cortex.o
 .debug_aranges
                0x00000000000002a8       0x58 ./Drivers/STM32F0xx_HAL_Driver/Src/stm32f0xx_hal_gpio.o
 .debug_aranges
                0x0000000000000300       0x80 ./Drivers/STM32F0xx_HAL_Driver/Src/stm32f0xx_hal_rcc.o
 .debug_aranges
                0x0000000000000380       0x78 ./Drivers/STM32F0xx_HAL_Driver/Src/stm32f0xx_hal_rcc_ex.o
 .debug_aranges
                0x00000000000003f8      0x228 ./Drivers/STM32F0xx_HAL_Driver/Src/stm32f0xx_hal_uart.o
 .debug_aranges
                0x0000000000000620       0x40 ./MiddleWares/Third_Party/FreeRTOS/org/Source/list.o
 .debug_aranges
                0x0000000000000660      0x130 ./MiddleWares/Third_Party/FreeRTOS/org/Source/queue.o
 .debug_aranges
                0x0000000000000790      0x1f8 ./MiddleWares/Third_Party/FreeRTOS/org/Source/tasks.o
 .debug_aranges
                0x0000000000000988       0xe8 ./MiddleWares/Third_Party/FreeRTOS/org/Source/timers.o
 .debug_aranges
                0x0000000000000a70       0x88 ./MiddleWares/Third_Party/FreeRTOS/org/Source/portable/GCC/ARM_CM0/port.o
 .debug_aranges
                0x0000000000000af8       0x60 ./MiddleWares/Third_Party/FreeRTOS/org/Source/portable/MemMang/heap_4.o

.debug_ranges   0x0000000000000000      0xa70
 .debug_ranges  0x0000000000000000       0x40 ./Core/Src/main.o
 .debug_ranges  0x0000000000000040       0x20 ./Core/Src/stm32f0xx_hal_msp.o
 .debug_ranges  0x0000000000000060       0x18 ./Core/Src/stm32f0xx_it.o
 .debug_ranges  0x0000000000000078       0x10 ./Core/Src/sysmem.o
 .debug_ranges  0x0000000000000088       0x18 ./Core/Src/system_stm32f0xx.o
 .debug_ranges  0x00000000000000a0       0x20 ./Core/Startup/startup_stm32f072rbtx.o
 .debug_ranges  0x00000000000000c0       0xc0 ./Drivers/STM32F0xx_HAL_Driver/Src/stm32f0xx_hal.o
 .debug_ranges  0x0000000000000180       0xb0 ./Drivers/STM32F0xx_HAL_Driver/Src/stm32f0xx_hal_cortex.o
 .debug_ranges  0x0000000000000230       0x48 ./Drivers/STM32F0xx_HAL_Driver/Src/stm32f0xx_hal_gpio.o
 .debug_ranges  0x0000000000000278       0x70 ./Drivers/STM32F0xx_HAL_Driver/Src/stm32f0xx_hal_rcc.o
 .debug_ranges  0x00000000000002e8       0x68 ./Drivers/STM32F0xx_HAL_Driver/Src/stm32f0xx_hal_rcc_ex.o
 .debug_ranges  0x0000000000000350      0x248 ./Drivers/STM32F0xx_HAL_Driver/Src/stm32f0xx_hal_uart.o
 .debug_ranges  0x0000000000000598       0x30 ./MiddleWares/Third_Party/FreeRTOS/org/Source/list.o
 .debug_ranges  0x00000000000005c8      0x120 ./MiddleWares/Third_Party/FreeRTOS/org/Source/queue.o
 .debug_ranges  0x00000000000006e8      0x1e8 ./MiddleWares/Third_Party/FreeRTOS/org/Source/tasks.o
 .debug_ranges  0x00000000000008d0       0xd8 ./MiddleWares/Third_Party/FreeRTOS/org/Source/timers.o
 .debug_ranges  0x00000000000009a8       0x78 ./MiddleWares/Third_Party/FreeRTOS/org/Source/portable/GCC/ARM_CM0/port.o
 .debug_ranges  0x0000000000000a20       0x50 ./MiddleWares/Third_Party/FreeRTOS/org/Source/portable/MemMang/heap_4.o

.debug_macro    0x0000000000000000    0x1a8fd
 .debug_macro   0x0000000000000000      0x3b9 ./Core/Src/main.o
 .debug_macro   0x00000000000003b9      0xa4e ./Core/Src/main.o
 .debug_macro   0x0000000000000e07      0x12d ./Core/Src/main.o
 .debug_macro   0x0000000000000f34       0x2e ./Core/Src/main.o
 .debug_macro   0x0000000000000f62       0x22 ./Core/Src/main.o
 .debug_macro   0x0000000000000f84       0x22 ./Core/Src/main.o
 .debug_macro   0x0000000000000fa6       0x8e ./Core/Src/main.o
 .debug_macro   0x0000000000001034       0x51 ./Core/Src/main.o
 .debug_macro   0x0000000000001085      0x103 ./Core/Src/main.o
 .debug_macro   0x0000000000001188       0x6a ./Core/Src/main.o
 .debug_macro   0x00000000000011f2      0x1df ./Core/Src/main.o
 .debug_macro   0x00000000000013d1       0x1c ./Core/Src/main.o
 .debug_macro   0x00000000000013ed       0x22 ./Core/Src/main.o
 .debug_macro   0x000000000000140f       0xaf ./Core/Src/main.o
 .debug_macro   0x00000000000014be      0x391 ./Core/Src/main.o
 .debug_macro   0x000000000000184f     0xfe73 ./Core/Src/main.o
 .debug_macro   0x00000000000116c2       0x66 ./Core/Src/main.o
 .debug_macro   0x0000000000011728     0x34da ./Core/Src/main.o
 .debug_macro   0x0000000000014c02      0x174 ./Core/Src/main.o
 .debug_macro   0x0000000000014d76       0x55 ./Core/Src/main.o
 .debug_macro   0x0000000000014dcb      0x946 ./Core/Src/main.o
 .debug_macro   0x0000000000015711      0x5f3 ./Core/Src/main.o
 .debug_macro   0x0000000000015d04      0x1ae ./Core/Src/main.o
 .debug_macro   0x0000000000015eb2      0x1a7 ./Core/Src/main.o
 .debug_macro   0x0000000000016059      0x1a7 ./Core/Src/main.o
 .debug_macro   0x0000000000016200      0x22c ./Core/Src/main.o
 .debug_macro   0x000000000001642c       0x34 ./Core/Src/main.o
 .debug_macro   0x0000000000016460       0x43 ./Core/Src/main.o
 .debug_macro   0x00000000000164a3       0x28 ./Core/Src/main.o
 .debug_macro   0x00000000000164cb       0xb0 ./Core/Src/main.o
 .debug_macro   0x000000000001657b      0x217 ./Core/Src/main.o
 .debug_macro   0x0000000000016792      0x22c ./Core/Src/main.o
 .debug_macro   0x00000000000169be       0x61 ./Core/Src/main.o
 .debug_macro   0x0000000000016a1f       0xa5 ./Core/Src/main.o
 .debug_macro   0x0000000000016ac4       0x4c ./Core/Src/main.o
 .debug_macro   0x0000000000016b10      0x16d ./Core/Src/main.o
 .debug_macro   0x0000000000016c7d      0x5ba ./Core/Src/main.o
 .debug_macro   0x0000000000017237       0x44 ./Core/Src/main.o
 .debug_macro   0x000000000001727b      0x130 ./Core/Src/main.o
 .debug_macro   0x00000000000173ab       0x52 ./Core/Src/main.o
 .debug_macro   0x00000000000173fd       0xdc ./Core/Src/main.o
 .debug_macro   0x00000000000174d9      0x15a ./Core/Src/main.o
 .debug_macro   0x0000000000017633       0xb8 ./Core/Src/main.o
 .debug_macro   0x00000000000176eb       0x28 ./Core/Src/main.o
 .debug_macro   0x0000000000017713       0x1f ./Core/Src/main.o
 .debug_macro   0x0000000000017732       0x12 ./Core/Src/main.o
 .debug_macro   0x0000000000017744      0x53b ./Core/Src/main.o
 .debug_macro   0x0000000000017c7f       0xc3 ./Core/Src/main.o
 .debug_macro   0x0000000000017d42      0x120 ./Core/Src/main.o
 .debug_macro   0x0000000000017e62       0x52 ./Core/Src/main.o
 .debug_macro   0x0000000000017eb4       0x18 ./Core/Src/main.o
 .debug_macro   0x0000000000017ecc       0x3c ./Core/Src/main.o
 .debug_macro   0x0000000000017f08       0x34 ./Core/Src/main.o
 .debug_macro   0x0000000000017f3c       0x16 ./Core/Src/main.o
 .debug_macro   0x0000000000017f52       0x35 ./Core/Src/main.o
 .debug_macro   0x0000000000017f87      0x341 ./Core/Src/main.o
 .debug_macro   0x00000000000182c8       0x10 ./Core/Src/main.o
 .debug_macro   0x00000000000182d8       0x16 ./Core/Src/main.o
 .debug_macro   0x00000000000182ee       0x43 ./Core/Src/main.o
 .debug_macro   0x0000000000018331       0x34 ./Core/Src/main.o
 .debug_macro   0x0000000000018365       0x10 ./Core/Src/main.o
 .debug_macro   0x0000000000018375       0x58 ./Core/Src/main.o
 .debug_macro   0x00000000000183cd       0x71 ./Core/Src/main.o
 .debug_macro   0x000000000001843e       0x1c ./Core/Src/main.o
 .debug_macro   0x000000000001845a      0x12a ./Core/Src/main.o
 .debug_macro   0x0000000000018584       0x10 ./Core/Src/main.o
 .debug_macro   0x0000000000018594       0x1c ./Core/Src/main.o
 .debug_macro   0x00000000000185b0       0x52 ./Core/Src/main.o
 .debug_macro   0x0000000000018602       0x22 ./Core/Src/main.o
 .debug_macro   0x0000000000018624       0x10 ./Core/Src/main.o
 .debug_macro   0x0000000000018634       0x52 ./Core/Src/main.o
 .debug_macro   0x0000000000018686       0xd5 ./Core/Src/main.o
 .debug_macro   0x000000000001875b       0x1c ./Core/Src/main.o
 .debug_macro   0x0000000000018777       0x3d ./Core/Src/main.o
 .debug_macro   0x00000000000187b4       0x16 ./Core/Src/main.o
 .debug_macro   0x00000000000187ca      0x145 ./Core/Src/main.o
 .debug_macro   0x000000000001890f       0x16 ./Core/Src/main.o
 .debug_macro   0x0000000000018925       0x20 ./Core/Src/main.o
 .debug_macro   0x0000000000018945      0x1bd ./Core/Src/stm32f0xx_hal_msp.o
 .debug_macro   0x0000000000018b02      0x1c7 ./Core/Src/stm32f0xx_it.o
 .debug_macro   0x0000000000018cc9       0xff ./Core/Src/sysmem.o
 .debug_macro   0x0000000000018dc8      0x23b ./Core/Src/sysmem.o
 .debug_macro   0x0000000000019003      0x1ae ./Core/Src/system_stm32f0xx.o
 .debug_macro   0x00000000000191b1      0x1d2 ./Drivers/STM32F0xx_HAL_Driver/Src/stm32f0xx_hal.o
 .debug_macro   0x0000000000019383      0x1ae ./Drivers/STM32F0xx_HAL_Driver/Src/stm32f0xx_hal_cortex.o
 .debug_macro   0x0000000000019531      0x1b5 ./Drivers/STM32F0xx_HAL_Driver/Src/stm32f0xx_hal_gpio.o
 .debug_macro   0x00000000000196e6      0x1c0 ./Drivers/STM32F0xx_HAL_Driver/Src/stm32f0xx_hal_rcc.o
 .debug_macro   0x00000000000198a6      0x1c0 ./Drivers/STM32F0xx_HAL_Driver/Src/stm32f0xx_hal_rcc_ex.o
 .debug_macro   0x0000000000019a66      0x1cb ./Drivers/STM32F0xx_HAL_Driver/Src/stm32f0xx_hal_uart.o
 .debug_macro   0x0000000000019c31      0x198 ./MiddleWares/Third_Party/FreeRTOS/org/Source/list.o
 .debug_macro   0x0000000000019dc9      0x22f ./MiddleWares/Third_Party/FreeRTOS/org/Source/queue.o
 .debug_macro   0x0000000000019ff8       0x80 ./MiddleWares/Third_Party/FreeRTOS/org/Source/queue.o
 .debug_macro   0x000000000001a078      0x284 ./MiddleWares/Third_Party/FreeRTOS/org/Source/tasks.o
 .debug_macro   0x000000000001a2fc       0x17 ./MiddleWares/Third_Party/FreeRTOS/org/Source/tasks.o
 .debug_macro   0x000000000001a313      0x1e7 ./MiddleWares/Third_Party/FreeRTOS/org/Source/timers.o
 .debug_macro   0x000000000001a4fa       0x97 ./MiddleWares/Third_Party/FreeRTOS/org/Source/timers.o
 .debug_macro   0x000000000001a591      0x153 ./MiddleWares/Third_Party/FreeRTOS/org/Source/portable/GCC/ARM_CM0/port.o
 .debug_macro   0x000000000001a6e4      0x219 ./MiddleWares/Third_Party/FreeRTOS/org/Source/portable/MemMang/heap_4.o

.debug_line     0x0000000000000000     0xdc4f
 .debug_line    0x0000000000000000      0xb8e ./Core/Src/main.o
 .debug_line    0x0000000000000b8e      0x6ef ./Core/Src/stm32f0xx_hal_msp.o
 .debug_line    0x000000000000127d      0x6d1 ./Core/Src/stm32f0xx_it.o
 .debug_line    0x000000000000194e      0x4e5 ./Core/Src/sysmem.o
 .debug_line    0x0000000000001e33      0x72a ./Core/Src/system_stm32f0xx.o
 .debug_line    0x000000000000255d       0x89 ./Core/Startup/startup_stm32f072rbtx.o
 .debug_line    0x00000000000025e6      0x91d ./Drivers/STM32F0xx_HAL_Driver/Src/stm32f0xx_hal.o
 .debug_line    0x0000000000002f03      0x9c9 ./Drivers/STM32F0xx_HAL_Driver/Src/stm32f0xx_hal_cortex.o
 .debug_line    0x00000000000038cc      0xaad ./Drivers/STM32F0xx_HAL_Driver/Src/stm32f0xx_hal_gpio.o
 .debug_line    0x0000000000004379      0xda8 ./Drivers/STM32F0xx_HAL_Driver/Src/stm32f0xx_hal_rcc.o
 .debug_line    0x0000000000005121      0xbbd ./Drivers/STM32F0xx_HAL_Driver/Src/stm32f0xx_hal_rcc_ex.o
 .debug_line    0x0000000000005cde     0x2c10 ./Drivers/STM32F0xx_HAL_Driver/Src/stm32f0xx_hal_uart.o
 .debug_line    0x00000000000088ee      0x76f ./MiddleWares/Third_Party/FreeRTOS/org/Source/list.o
 .debug_line    0x000000000000905d     0x13e6 ./MiddleWares/Third_Party/FreeRTOS/org/Source/queue.o
 .debug_line    0x000000000000a443     0x1b55 ./MiddleWares/Third_Party/FreeRTOS/org/Source/tasks.o
 .debug_line    0x000000000000bf98      0xbd8 ./MiddleWares/Third_Party/FreeRTOS/org/Source/timers.o
 .debug_line    0x000000000000cb70      0x71a ./MiddleWares/Third_Party/FreeRTOS/org/Source/portable/GCC/ARM_CM0/port.o
 .debug_line    0x000000000000d28a      0x9c5 ./MiddleWares/Third_Party/FreeRTOS/org/Source/portable/MemMang/heap_4.o

.debug_str      0x0000000000000000    0x99585
 .debug_str     0x0000000000000000    0x93c8b ./Core/Src/main.o
                                      0x94048 (size before relaxing)
 .debug_str     0x0000000000093c8b       0x66 ./Core/Src/stm32f0xx_hal_msp.o
                                      0x8b037 (size before relaxing)
 .debug_str     0x0000000000093cf1       0x7d ./Core/Src/stm32f0xx_it.o
                                      0x8abd2 (size before relaxing)
 .debug_str     0x0000000000093d6e      0x35a ./Core/Src/sysmem.o
                                       0x5cad (size before relaxing)
 .debug_str     0x00000000000940c8       0x8b ./Core/Src/system_stm32f0xx.o
                                      0x8aa93 (size before relaxing)
 .debug_str     0x0000000000094153       0x36 ./Core/Startup/startup_stm32f072rbtx.o
                                         0x5f (size before relaxing)
 .debug_str     0x0000000000094189      0x390 ./Drivers/STM32F0xx_HAL_Driver/Src/stm32f0xx_hal.o
                                      0x8b089 (size before relaxing)
 .debug_str     0x0000000000094519      0x1ab ./Drivers/STM32F0xx_HAL_Driver/Src/stm32f0xx_hal_cortex.o
                                      0x8ae7a (size before relaxing)
 .debug_str     0x00000000000946c4       0xe9 ./Drivers/STM32F0xx_HAL_Driver/Src/stm32f0xx_hal_gpio.o
                                      0x8ac34 (size before relaxing)
 .debug_str     0x00000000000947ad      0x21a ./Drivers/STM32F0xx_HAL_Driver/Src/stm32f0xx_hal_rcc.o
                                      0x8aeda (size before relaxing)
 .debug_str     0x00000000000949c7      0x2da ./Drivers/STM32F0xx_HAL_Driver/Src/stm32f0xx_hal_rcc_ex.o
                                      0x8ae92 (size before relaxing)
 .debug_str     0x0000000000094ca1      0x8b4 ./Drivers/STM32F0xx_HAL_Driver/Src/stm32f0xx_hal_uart.o
                                      0x8b7f7 (size before relaxing)
 .debug_str     0x0000000000095555      0x26b ./MiddleWares/Third_Party/FreeRTOS/org/Source/list.o
                                       0xa887 (size before relaxing)
 .debug_str     0x00000000000957c0     0x13c0 ./MiddleWares/Third_Party/FreeRTOS/org/Source/queue.o
                                       0xcf44 (size before relaxing)
 .debug_str     0x0000000000096b80     0x1a51 ./MiddleWares/Third_Party/FreeRTOS/org/Source/tasks.o
                                       0xd8ee (size before relaxing)
 .debug_str     0x00000000000985d1      0x55c ./MiddleWares/Third_Party/FreeRTOS/org/Source/timers.o
                                       0xd0f2 (size before relaxing)
 .debug_str     0x0000000000098b2d      0x469 ./MiddleWares/Third_Party/FreeRTOS/org/Source/portable/GCC/ARM_CM0/port.o
                                       0x9057 (size before relaxing)
 .debug_str     0x0000000000098f96      0x5ef ./MiddleWares/Third_Party/FreeRTOS/org/Source/portable/MemMang/heap_4.o
                                       0xc092 (size before relaxing)

.comment        0x0000000000000000       0x50
 .comment       0x0000000000000000       0x50 ./Core/Src/main.o
                                         0x51 (size before relaxing)
 .comment       0x0000000000000050       0x51 ./Core/Src/stm32f0xx_hal_msp.o
 .comment       0x0000000000000050       0x51 ./Core/Src/stm32f0xx_it.o
 .comment       0x0000000000000050       0x51 ./Core/Src/sysmem.o
 .comment       0x0000000000000050       0x51 ./Core/Src/system_stm32f0xx.o
 .comment       0x0000000000000050       0x51 ./Drivers/STM32F0xx_HAL_Driver/Src/stm32f0xx_hal.o
 .comment       0x0000000000000050       0x51 ./Drivers/STM32F0xx_HAL_Driver/Src/stm32f0xx_hal_cortex.o
 .comment       0x0000000000000050       0x51 ./Drivers/STM32F0xx_HAL_Driver/Src/stm32f0xx_hal_gpio.o
 .comment       0x0000000000000050       0x51 ./Drivers/STM32F0xx_HAL_Driver/Src/stm32f0xx_hal_rcc.o
 .comment       0x0000000000000050       0x51 ./Drivers/STM32F0xx_HAL_Driver/Src/stm32f0xx_hal_rcc_ex.o
 .comment       0x0000000000000050       0x51 ./Drivers/STM32F0xx_HAL_Driver/Src/stm32f0xx_hal_uart.o
 .comment       0x0000000000000050       0x51 ./MiddleWares/Third_Party/FreeRTOS/org/Source/list.o
 .comment       0x0000000000000050       0x51 ./MiddleWares/Third_Party/FreeRTOS/org/Source/queue.o
 .comment       0x0000000000000050       0x51 ./MiddleWares/Third_Party/FreeRTOS/org/Source/tasks.o
 .comment       0x0000000000000050       0x51 ./MiddleWares/Third_Party/FreeRTOS/org/Source/timers.o
 .comment       0x0000000000000050       0x51 ./MiddleWares/Third_Party/FreeRTOS/org/Source/portable/GCC/ARM_CM0/port.o
 .comment       0x0000000000000050       0x51 ./MiddleWares/Third_Party/FreeRTOS/org/Source/portable/MemMang/heap_4.o

.debug_frame    0x0000000000000000     0x2a98
 .debug_frame   0x0000000000000000       0xe8 ./Core/Src/main.o
 .debug_frame   0x00000000000000e8       0x70 ./Core/Src/stm32f0xx_hal_msp.o
 .debug_frame   0x0000000000000158       0x48 ./Core/Src/stm32f0xx_it.o
 .debug_frame   0x00000000000001a0       0x30 ./Core/Src/sysmem.o
 .debug_frame   0x00000000000001d0       0x4c ./Core/Src/system_stm32f0xx.o
 .debug_frame   0x000000000000021c      0x2a4 ./Drivers/STM32F0xx_HAL_Driver/Src/stm32f0xx_hal.o
 .debug_frame   0x00000000000004c0      0x2a0 ./Drivers/STM32F0xx_HAL_Driver/Src/stm32f0xx_hal_cortex.o
 .debug_frame   0x0000000000000760      0x110 ./Drivers/STM32F0xx_HAL_Driver/Src/stm32f0xx_hal_gpio.o
 .debug_frame   0x0000000000000870      0x198 ./Drivers/STM32F0xx_HAL_Driver/Src/stm32f0xx_hal_rcc.o
 .debug_frame   0x0000000000000a08      0x180 ./Drivers/STM32F0xx_HAL_Driver/Src/stm32f0xx_hal_rcc_ex.o
 .debug_frame   0x0000000000000b88      0x850 ./Drivers/STM32F0xx_HAL_Driver/Src/stm32f0xx_hal_uart.o
 .debug_frame   0x00000000000013d8       0xb0 ./MiddleWares/Third_Party/FreeRTOS/org/Source/list.o
 .debug_frame   0x0000000000001488      0x478 ./MiddleWares/Third_Party/FreeRTOS/org/Source/queue.o
 .debug_frame   0x0000000000001900      0x778 ./MiddleWares/Third_Party/FreeRTOS/org/Source/tasks.o
 .debug_frame   0x0000000000002078      0x348 ./MiddleWares/Third_Party/FreeRTOS/org/Source/timers.o
 .debug_frame   0x00000000000023c0      0x174 ./MiddleWares/Third_Party/FreeRTOS/org/Source/portable/GCC/ARM_CM0/port.o
 .debug_frame   0x0000000000002534      0x124 ./MiddleWares/Third_Party/FreeRTOS/org/Source/portable/MemMang/heap_4.o
 .debug_frame   0x0000000000002658       0x20 d:/stm32cubeide_1.12.0/stm32cubeide/plugins/com.st.stm32cube.ide.mcu.externaltools.gnu-tools-for-stm32.10.3-2021.10.win32_1.0.200.202301161003/tools/bin/../lib/gcc/arm-none-eabi/10.3.1/../../../../arm-none-eabi/lib/thumb/v6-m/nofp\libc_nano.a(lib_a-errno.o)
 .debug_frame   0x0000000000002678       0x2c d:/stm32cubeide_1.12.0/stm32cubeide/plugins/com.st.stm32cube.ide.mcu.externaltools.gnu-tools-for-stm32.10.3-2021.10.win32_1.0.200.202301161003/tools/bin/../lib/gcc/arm-none-eabi/10.3.1/../../../../arm-none-eabi/lib/thumb/v6-m/nofp\libc_nano.a(lib_a-init.o)
 .debug_frame   0x00000000000026a4       0x28 d:/stm32cubeide_1.12.0/stm32cubeide/plugins/com.st.stm32cube.ide.mcu.externaltools.gnu-tools-for-stm32.10.3-2021.10.win32_1.0.200.202301161003/tools/bin/../lib/gcc/arm-none-eabi/10.3.1/../../../../arm-none-eabi/lib/thumb/v6-m/nofp\libc_nano.a(lib_a-memcpy-stub.o)
 .debug_frame   0x00000000000026cc       0x20 d:/stm32cubeide_1.12.0/stm32cubeide/plugins/com.st.stm32cube.ide.mcu.externaltools.gnu-tools-for-stm32.10.3-2021.10.win32_1.0.200.202301161003/tools/bin/../lib/gcc/arm-none-eabi/10.3.1/../../../../arm-none-eabi/lib/thumb/v6-m/nofp\libc_nano.a(lib_a-memset.o)
 .debug_frame   0x00000000000026ec       0x48 d:/stm32cubeide_1.12.0/stm32cubeide/plugins/com.st.stm32cube.ide.mcu.externaltools.gnu-tools-for-stm32.10.3-2021.10.win32_1.0.200.202301161003/tools/bin/../lib/gcc/arm-none-eabi/10.3.1/../../../../arm-none-eabi/lib/thumb/v6-m/nofp\libc_nano.a(lib_a-sprintf.o)
 .debug_frame   0x0000000000002734       0x74 d:/stm32cubeide_1.12.0/stm32cubeide/plugins/com.st.stm32cube.ide.mcu.externaltools.gnu-tools-for-stm32.10.3-2021.10.win32_1.0.200.202301161003/tools/bin/../lib/gcc/arm-none-eabi/10.3.1/../../../../arm-none-eabi/lib/thumb/v6-m/nofp\libc_nano.a(lib_a-nano-svfprintf.o)
 .debug_frame   0x00000000000027a8       0x54 d:/stm32cubeide_1.12.0/stm32cubeide/plugins/com.st.stm32cube.ide.mcu.externaltools.gnu-tools-for-stm32.10.3-2021.10.win32_1.0.200.202301161003/tools/bin/../lib/gcc/arm-none-eabi/10.3.1/../../../../arm-none-eabi/lib/thumb/v6-m/nofp\libc_nano.a(lib_a-nano-vfprintf_i.o)
 .debug_frame   0x00000000000027fc       0x20 d:/stm32cubeide_1.12.0/stm32cubeide/plugins/com.st.stm32cube.ide.mcu.externaltools.gnu-tools-for-stm32.10.3-2021.10.win32_1.0.200.202301161003/tools/bin/../lib/gcc/arm-none-eabi/10.3.1/../../../../arm-none-eabi/lib/thumb/v6-m/nofp\libc_nano.a(lib_a-memchr-stub.o)
 .debug_frame   0x000000000000281c       0x28 d:/stm32cubeide_1.12.0/stm32cubeide/plugins/com.st.stm32cube.ide.mcu.externaltools.gnu-tools-for-stm32.10.3-2021.10.win32_1.0.200.202301161003/tools/bin/../lib/gcc/arm-none-eabi/10.3.1/../../../../arm-none-eabi/lib/thumb/v6-m/nofp\libc_nano.a(lib_a-memmove.o)
 .debug_frame   0x0000000000002844       0x2c d:/stm32cubeide_1.12.0/stm32cubeide/plugins/com.st.stm32cube.ide.mcu.externaltools.gnu-tools-for-stm32.10.3-2021.10.win32_1.0.200.202301161003/tools/bin/../lib/gcc/arm-none-eabi/10.3.1/../../../../arm-none-eabi/lib/thumb/v6-m/nofp\libc_nano.a(lib_a-nano-freer.o)
 .debug_frame   0x0000000000002870       0x50 d:/stm32cubeide_1.12.0/stm32cubeide/plugins/com.st.stm32cube.ide.mcu.externaltools.gnu-tools-for-stm32.10.3-2021.10.win32_1.0.200.202301161003/tools/bin/../lib/gcc/arm-none-eabi/10.3.1/../../../../arm-none-eabi/lib/thumb/v6-m/nofp\libc_nano.a(lib_a-nano-mallocr.o)
 .debug_frame   0x00000000000028c0       0x34 d:/stm32cubeide_1.12.0/stm32cubeide/plugins/com.st.stm32cube.ide.mcu.externaltools.gnu-tools-for-stm32.10.3-2021.10.win32_1.0.200.202301161003/tools/bin/../lib/gcc/arm-none-eabi/10.3.1/../../../../arm-none-eabi/lib/thumb/v6-m/nofp\libc_nano.a(lib_a-nano-reallocr.o)
 .debug_frame   0x00000000000028f4       0x2c d:/stm32cubeide_1.12.0/stm32cubeide/plugins/com.st.stm32cube.ide.mcu.externaltools.gnu-tools-for-stm32.10.3-2021.10.win32_1.0.200.202301161003/tools/bin/../lib/gcc/arm-none-eabi/10.3.1/../../../../arm-none-eabi/lib/thumb/v6-m/nofp\libc_nano.a(lib_a-sbrkr.o)
 .debug_frame   0x0000000000002920       0x40 d:/stm32cubeide_1.12.0/stm32cubeide/plugins/com.st.stm32cube.ide.mcu.externaltools.gnu-tools-for-stm32.10.3-2021.10.win32_1.0.200.202301161003/tools/bin/../lib/gcc/arm-none-eabi/10.3.1/../../../../arm-none-eabi/lib/thumb/v6-m/nofp\libc_nano.a(lib_a-mlock.o)
 .debug_frame   0x0000000000002960       0x20 d:/stm32cubeide_1.12.0/stm32cubeide/plugins/com.st.stm32cube.ide.mcu.externaltools.gnu-tools-for-stm32.10.3-2021.10.win32_1.0.200.202301161003/tools/bin/../lib/gcc/arm-none-eabi/10.3.1/../../../../arm-none-eabi/lib/thumb/v6-m/nofp\libc_nano.a(lib_a-nano-msizer.o)
 .debug_frame   0x0000000000002980       0x48 d:/stm32cubeide_1.12.0/stm32cubeide/plugins/com.st.stm32cube.ide.mcu.externaltools.gnu-tools-for-stm32.10.3-2021.10.win32_1.0.200.202301161003/tools/bin/../lib/gcc/arm-none-eabi/10.3.1/../../../../arm-none-eabi/lib/thumb/v6-m/nofp\libc_nano.a(lib_a-reent.o)
 .debug_frame   0x00000000000029c8       0xb0 d:/stm32cubeide_1.12.0/stm32cubeide/plugins/com.st.stm32cube.ide.mcu.externaltools.gnu-tools-for-stm32.10.3-2021.10.win32_1.0.200.202301161003/tools/bin/../lib/gcc/arm-none-eabi/10.3.1/../../../../arm-none-eabi/lib/thumb/v6-m/nofp\libc_nano.a(lib_a-lock.o)
 .debug_frame   0x0000000000002a78       0x20 d:/stm32cubeide_1.12.0/stm32cubeide/plugins/com.st.stm32cube.ide.mcu.externaltools.gnu-tools-for-stm32.10.3-2021.10.win32_1.0.200.202301161003/tools/bin/../lib/gcc/arm-none-eabi/10.3.1/thumb/v6-m/nofp\libgcc.a(_udivsi3.o)