Archive member included to satisfy reference by file (symbol)

d:/stm32cubeide_1.12.0/stm32cubeide/plugins/com.st.stm32cube.ide.mcu.externaltools.gnu-tools-for-stm32.10.3-2021.10.win32_1.0.200.202301161003/tools/bin/../lib/gcc/arm-none-eabi/10.3.1/../../../../arm-none-eabi/lib/thumb/v6-m/nofp\libc_nano.a(lib_a-errno.o)
                              ./Core/Src/syscalls.o (__errno)
d:/stm32cubeide_1.12.0/stm32cubeide/plugins/com.st.stm32cube.ide.mcu.externaltools.gnu-tools-for-stm32.10.3-2021.10.win32_1.0.200.202301161003/tools/bin/../lib/gcc/arm-none-eabi/10.3.1/../../../../arm-none-eabi/lib/thumb/v6-m/nofp\libc_nano.a(lib_a-exit.o)
                              d:/stm32cubeide_1.12.0/stm32cubeide/plugins/com.st.stm32cube.ide.mcu.externaltools.gnu-tools-for-stm32.10.3-2021.10.win32_1.0.200.202301161003/tools/bin/../lib/gcc/arm-none-eabi/10.3.1/../../../../arm-none-eabi/lib/thumb/v6-m/nofp/crt0.o (exit)
d:/stm32cubeide_1.12.0/stm32cubeide/plugins/com.st.stm32cube.ide.mcu.externaltools.gnu-tools-for-stm32.10.3-2021.10.win32_1.0.200.202301161003/tools/bin/../lib/gcc/arm-none-eabi/10.3.1/../../../../arm-none-eabi/lib/thumb/v6-m/nofp\libc_nano.a(lib_a-impure.o)
                              d:/stm32cubeide_1.12.0/stm32cubeide/plugins/com.st.stm32cube.ide.mcu.externaltools.gnu-tools-for-stm32.10.3-2021.10.win32_1.0.200.202301161003/tools/bin/../lib/gcc/arm-none-eabi/10.3.1/../../../../arm-none-eabi/lib/thumb/v6-m/nofp\libc_nano.a(lib_a-exit.o) (_global_impure_ptr)
d:/stm32cubeide_1.12.0/stm32cubeide/plugins/com.st.stm32cube.ide.mcu.externaltools.gnu-tools-for-stm32.10.3-2021.10.win32_1.0.200.202301161003/tools/bin/../lib/gcc/arm-none-eabi/10.3.1/../../../../arm-none-eabi/lib/thumb/v6-m/nofp\libc_nano.a(lib_a-init.o)
                              d:/stm32cubeide_1.12.0/stm32cubeide/plugins/com.st.stm32cube.ide.mcu.externaltools.gnu-tools-for-stm32.10.3-2021.10.win32_1.0.200.202301161003/tools/bin/../lib/gcc/arm-none-eabi/10.3.1/../../../../arm-none-eabi/lib/thumb/v6-m/nofp/crt0.o (__libc_init_array)
d:/stm32cubeide_1.12.0/stm32cubeide/plugins/com.st.stm32cube.ide.mcu.externaltools.gnu-tools-for-stm32.10.3-2021.10.win32_1.0.200.202301161003/tools/bin/../lib/gcc/arm-none-eabi/10.3.1/../../../../arm-none-eabi/lib/thumb/v6-m/nofp\libc_nano.a(lib_a-memcpy-stub.o)
                              ./Middlewares/Third_Party/FreeRTOS/Source/queue.o (memcpy)
d:/stm32cubeide_1.12.0/stm32cubeide/plugins/com.st.stm32cube.ide.mcu.externaltools.gnu-tools-for-stm32.10.3-2021.10.win32_1.0.200.202301161003/tools/bin/../lib/gcc/arm-none-eabi/10.3.1/../../../../arm-none-eabi/lib/thumb/v6-m/nofp\libc_nano.a(lib_a-memset.o)
                              d:/stm32cubeide_1.12.0/stm32cubeide/plugins/com.st.stm32cube.ide.mcu.externaltools.gnu-tools-for-stm32.10.3-2021.10.win32_1.0.200.202301161003/tools/bin/../lib/gcc/arm-none-eabi/10.3.1/../../../../arm-none-eabi/lib/thumb/v6-m/nofp/crt0.o (memset)
d:/stm32cubeide_1.12.0/stm32cubeide/plugins/com.st.stm32cube.ide.mcu.externaltools.gnu-tools-for-stm32.10.3-2021.10.win32_1.0.200.202301161003/tools/bin/../lib/gcc/arm-none-eabi/10.3.1/thumb/v6-m/nofp\libgcc.a(_udivsi3.o)
                              ./Core/Src/system_stm32f0xx.o (__aeabi_uidiv)
d:/stm32cubeide_1.12.0/stm32cubeide/plugins/com.st.stm32cube.ide.mcu.externaltools.gnu-tools-for-stm32.10.3-2021.10.win32_1.0.200.202301161003/tools/bin/../lib/gcc/arm-none-eabi/10.3.1/thumb/v6-m/nofp\libgcc.a(_dvmd_tls.o)
                              d:/stm32cubeide_1.12.0/stm32cubeide/plugins/com.st.stm32cube.ide.mcu.externaltools.gnu-tools-for-stm32.10.3-2021.10.win32_1.0.200.202301161003/tools/bin/../lib/gcc/arm-none-eabi/10.3.1/thumb/v6-m/nofp\libgcc.a(_udivsi3.o) (__aeabi_idiv0)

Discarded input sections

 .text          0x0000000000000000        0x0 d:/stm32cubeide_1.12.0/stm32cubeide/plugins/com.st.stm32cube.ide.mcu.externaltools.gnu-tools-for-stm32.10.3-2021.10.win32_1.0.200.202301161003/tools/bin/../lib/gcc/arm-none-eabi/10.3.1/thumb/v6-m/nofp/crti.o
 .data          0x0000000000000000        0x0 d:/stm32cubeide_1.12.0/stm32cubeide/plugins/com.st.stm32cube.ide.mcu.externaltools.gnu-tools-for-stm32.10.3-2021.10.win32_1.0.200.202301161003/tools/bin/../lib/gcc/arm-none-eabi/10.3.1/thumb/v6-m/nofp/crti.o
 .bss           0x0000000000000000        0x0 d:/stm32cubeide_1.12.0/stm32cubeide/plugins/com.st.stm32cube.ide.mcu.externaltools.gnu-tools-for-stm32.10.3-2021.10.win32_1.0.200.202301161003/tools/bin/../lib/gcc/arm-none-eabi/10.3.1/thumb/v6-m/nofp/crti.o
 .data          0x0000000000000000        0x4 d:/stm32cubeide_1.12.0/stm32cubeide/plugins/com.st.stm32cube.ide.mcu.externaltools.gnu-tools-for-stm32.10.3-2021.10.win32_1.0.200.202301161003/tools/bin/../lib/gcc/arm-none-eabi/10.3.1/thumb/v6-m/nofp/crtbegin.o
[...]
Memory Configuration

Name             Origin             Length             Attributes
RAM              0x0000000020000000 0x0000000000004000 xrw
FLASH            0x0000000008000000 0x0000000000020000 xr
*default*        0x0000000000000000 0xffffffffffffffff

Linker script and memory map

LOAD d:/stm32cubeide_1.12.0/stm32cubeide/plugins/com.st.stm32cube.ide.mcu.externaltools.gnu-tools-for-stm32.10.3-2021.10.win32_1.0.200.202301161003/tools/bin/../lib/gcc/arm-none-eabi/10.3.1/thumb/v6-m/nofp/crti.o
LOAD d:/stm32cubeide_1.12.0/stm32cubeide/plugins/com.st.stm32cube.ide.mcu.externaltools.gnu-tools-for-stm32.10.3-2021.10.win32_1.0.200.202301161003/tools/bin/../lib/gcc/arm-none-eabi/10.3.1/thumb/v6-m/nofp/crtbegin.o
LOAD d:/stm32cubeide_1.12.0/stm32cubeide/plugins/com.st.stm32cube.ide.mcu.externaltools.gnu-tools-for-stm32.10.3-2021.10.win32_1.0.200.202301161003/tools/bin/../lib/gcc/arm-none-eabi/10.3.1/../../../../arm-none-eabi/lib/thumb/v6-m/nofp/crt0.o
LOAD ./Core/Src/freertos.o
LOAD ./Core/Src/main.o
LOAD ./Core/Src/stm32f0xx_hal_msp.o
LOAD ./Core/Src/stm32f0xx_it.o
LOAD ./Core/Src/syscalls.o
LOAD ./Core/Src/sysmem.o
LOAD ./Core/Src/system_stm32f0xx.o
LOAD ./Core/Startup/startup_stm32f072rbtx.o
LOAD ./Drivers/STM32F0xx_HAL_Driver/Src/stm32f0xx_hal.o
LOAD ./Drivers/STM32F0xx_HAL_Driver/Src/stm32f0xx_hal_cortex.o
LOAD ./Drivers/STM32F0xx_HAL_Driver/Src/stm32f0xx_hal_dma.o
LOAD ./Drivers/STM32F0xx_HAL_Driver/Src/stm32f0xx_hal_exti.o
LOAD ./Drivers/STM32F0xx_HAL_Driver/Src/stm32f0xx_hal_flash.o
LOAD ./Drivers/STM32F0xx_HAL_Driver/Src/stm32f0xx_hal_flash_ex.o
LOAD ./Drivers/STM32F0xx_HAL_Driver/Src/stm32f0xx_hal_gpio.o
LOAD ./Drivers/STM32F0xx_HAL_Driver/Src/stm32f0xx_hal_i2c.o
LOAD ./Drivers/STM32F0xx_HAL_Driver/Src/stm32f0xx_hal_i2c_ex.o
LOAD ./Drivers/STM32F0xx_HAL_Driver/Src/stm32f0xx_hal_pwr.o
LOAD ./Drivers/STM32F0xx_HAL_Driver/Src/stm32f0xx_hal_pwr_ex.o
LOAD ./Drivers/STM32F0xx_HAL_Driver/Src/stm32f0xx_hal_rcc.o
LOAD ./Drivers/STM32F0xx_HAL_Driver/Src/stm32f0xx_hal_rcc_ex.o
LOAD ./Drivers/STM32F0xx_HAL_Driver/Src/stm32f0xx_hal_tim.o
LOAD ./Drivers/STM32F0xx_HAL_Driver/Src/stm32f0xx_hal_tim_ex.o
LOAD ./Middlewares/Third_Party/FreeRTOS/Source/CMSIS_RTOS/cmsis_os.o
LOAD ./Middlewares/Third_Party/FreeRTOS/Source/croutine.o
LOAD ./Middlewares/Third_Party/FreeRTOS/Source/event_groups.o
LOAD ./Middlewares/Third_Party/FreeRTOS/Source/list.o
LOAD ./Middlewares/Third_Party/FreeRTOS/Source/queue.o
LOAD ./Middlewares/Third_Party/FreeRTOS/Source/stream_buffer.o
LOAD ./Middlewares/Third_Party/FreeRTOS/Source/tasks.o
LOAD ./Middlewares/Third_Party/FreeRTOS/Source/timers.o
LOAD ./Middlewares/Third_Party/FreeRTOS/Source/portable/GCC/ARM_CM0/port.o
LOAD ./Middlewares/Third_Party/FreeRTOS/Source/portable/MemMang/heap_4.o
START GROUP
LOAD d:/stm32cubeide_1.12.0/stm32cubeide/plugins/com.st.stm32cube.ide.mcu.externaltools.gnu-tools-for-stm32.10.3-2021.10.win32_1.0.200.202301161003/tools/bin/../lib/gcc/arm-none-eabi/10.3.1/../../../../arm-none-eabi/lib/thumb/v6-m/nofp\libc_nano.a
LOAD d:/stm32cubeide_1.12.0/stm32cubeide/plugins/com.st.stm32cube.ide.mcu.externaltools.gnu-tools-for-stm32.10.3-2021.10.win32_1.0.200.202301161003/tools/bin/../lib/gcc/arm-none-eabi/10.3.1/../../../../arm-none-eabi/lib/thumb/v6-m/nofp\libm.a
END GROUP
START GROUP
LOAD d:/stm32cubeide_1.12.0/stm32cubeide/plugins/com.st.stm32cube.ide.mcu.externaltools.gnu-tools-for-stm32.10.3-2021.10.win32_1.0.200.202301161003/tools/bin/../lib/gcc/arm-none-eabi/10.3.1/thumb/v6-m/nofp\libgcc.a
LOAD d:/stm32cubeide_1.12.0/stm32cubeide/plugins/com.st.stm32cube.ide.mcu.externaltools.gnu-tools-for-stm32.10.3-2021.10.win32_1.0.200.202301161003/tools/bin/../lib/gcc/arm-none-eabi/10.3.1/../../../../arm-none-eabi/lib/thumb/v6-m/nofp\libc_nano.a
END GROUP
START GROUP
LOAD d:/stm32cubeide_1.12.0/stm32cubeide/plugins/com.st.stm32cube.ide.mcu.externaltools.gnu-tools-for-stm32.10.3-2021.10.win32_1.0.200.202301161003/tools/bin/../lib/gcc/arm-none-eabi/10.3.1/thumb/v6-m/nofp\libgcc.a
LOAD d:/stm32cubeide_1.12.0/stm32cubeide/plugins/com.st.stm32cube.ide.mcu.externaltools.gnu-tools-for-stm32.10.3-2021.10.win32_1.0.200.202301161003/tools/bin/../lib/gcc/arm-none-eabi/10.3.1/../../../../arm-none-eabi/lib/thumb/v6-m/nofp\libc_nano.a
LOAD d:/stm32cubeide_1.12.0/stm32cubeide/plugins/com.st.stm32cube.ide.mcu.externaltools.gnu-tools-for-stm32.10.3-2021.10.win32_1.0.200.202301161003/tools/bin/../lib/gcc/arm-none-eabi/10.3.1/../../../../arm-none-eabi/lib/thumb/v6-m/nofp\libnosys.a
END GROUP
START GROUP
LOAD d:/stm32cubeide_1.12.0/stm32cubeide/plugins/com.st.stm32cube.ide.mcu.externaltools.gnu-tools-for-stm32.10.3-2021.10.win32_1.0.200.202301161003/tools/bin/../lib/gcc/arm-none-eabi/10.3.1/thumb/v6-m/nofp\libgcc.a
LOAD d:/stm32cubeide_1.12.0/stm32cubeide/plugins/com.st.stm32cube.ide.mcu.externaltools.gnu-tools-for-stm32.10.3-2021.10.win32_1.0.200.202301161003/tools/bin/../lib/gcc/arm-none-eabi/10.3.1/../../../../arm-none-eabi/lib/thumb/v6-m/nofp\libc_nano.a
LOAD d:/stm32cubeide_1.12.0/stm32cubeide/plugins/com.st.stm32cube.ide.mcu.externaltools.gnu-tools-for-stm32.10.3-2021.10.win32_1.0.200.202301161003/tools/bin/../lib/gcc/arm-none-eabi/10.3.1/../../../../arm-none-eabi/lib/thumb/v6-m/nofp\libnosys.a
END GROUP
LOAD d:/stm32cubeide_1.12.0/stm32cubeide/plugins/com.st.stm32cube.ide.mcu.externaltools.gnu-tools-for-stm32.10.3-2021.10.win32_1.0.200.202301161003/tools/bin/../lib/gcc/arm-none-eabi/10.3.1/thumb/v6-m/nofp/crtend.o
LOAD d:/stm32cubeide_1.12.0/stm32cubeide/plugins/com.st.stm32cube.ide.mcu.externaltools.gnu-tools-for-stm32.10.3-2021.10.win32_1.0.200.202301161003/tools/bin/../lib/gcc/arm-none-eabi/10.3.1/thumb/v6-m/nofp/crtn.o
                0x0000000020004000                _estack = (ORIGIN (RAM) + LENGTH (RAM))
                0x0000000000000200                _Min_Heap_Size = 0x200
                0x0000000000000400                _Min_Stack_Size = 0x400

.isr_vector     0x0000000008000000       0xc0
                0x0000000008000000                . = ALIGN (0x4)
 *(.isr_vector)
 .isr_vector    0x0000000008000000       0xc0 ./Core/Startup/startup_stm32f072rbtx.o
                0x0000000008000000                g_pfnVectors
                0x00000000080000c0                . = ALIGN (0x4)

.text           0x00000000080000c0     0x287c
                0x00000000080000c0                . = ALIGN (0x4)
 *(.text)
 .text          0x00000000080000c0       0x48 d:/stm32cubeide_1.12.0/stm32cubeide/plugins/com.st.stm32cube.ide.mcu.externaltools.gnu-tools-for-stm32.10.3-2021.10.win32_1.0.200.202301161003/tools/bin/../lib/gcc/arm-none-eabi/10.3.1/thumb/v6-m/nofp/crtbegin.o
 .text          0x0000000008000108      0x114 d:/stm32cubeide_1.12.0/stm32cubeide/plugins/com.st.stm32cube.ide.mcu.externaltools.gnu-tools-for-stm32.10.3-2021.10.win32_1.0.200.202301161003/tools/bin/../lib/gcc/arm-none-eabi/10.3.1/thumb/v6-m/nofp\libgcc.a(_udivsi3.o)
                0x0000000008000108                __aeabi_uidiv
                0x0000000008000108                __udivsi3
                0x0000000008000214                __aeabi_uidivmod
 .text          0x000000000800021c        0x4 d:/stm32cubeide_1.12.0/stm32cubeide/plugins/com.st.stm32cube.ide.mcu.externaltools.gnu-tools-for-stm32.10.3-2021.10.win32_1.0.200.202301161003/tools/bin/../lib/gcc/arm-none-eabi/10.3.1/thumb/v6-m/nofp\libgcc.a(_dvmd_tls.o)
                0x000000000800021c                __aeabi_idiv0
                0x000000000800021c                __aeabi_ldiv0
 *(.text*)
 .text.vApplicationGetIdleTaskMemory
                0x0000000008000220       0x30 ./Core/Src/freertos.o
                0x0000000008000220                vApplicationGetIdleTaskMemory
 .text.main     0x0000000008000250       0x6c ./Core/Src/main.o
                0x0000000008000250                main
 .text.SystemClock_Config
                0x00000000080002bc       0x78 ./Core/Src/main.o
                0x00000000080002bc                SystemClock_Config
 .text.MX_GPIO_Init
                0x0000000008000334       0xe4 ./Core/Src/main.o
 .text.Task1_Handler
                0x0000000008000418       0x94 ./Core/Src/main.o
                0x0000000008000418                Task1_Handler
 .text.Task2_Handler
                0x00000000080004ac       0x9c ./Core/Src/main.o
                0x00000000080004ac                Task2_Handler
 .text.Error_Handler
                0x0000000008000548        0xa ./Core/Src/main.o
                0x0000000008000548                Error_Handler
 *fill*         0x0000000008000552        0x2 
 .text.HAL_MspInit
                0x0000000008000554       0x54 ./Core/Src/stm32f0xx_hal_msp.o
                0x0000000008000554                HAL_MspInit
 .text.NMI_Handler
                0x00000000080005a8        0x6 ./Core/Src/stm32f0xx_it.o
                0x00000000080005a8                NMI_Handler
 .text.HardFault_Handler
                0x00000000080005ae        0x6 ./Core/Src/stm32f0xx_it.o
                0x00000000080005ae                HardFault_Handler
 .text.SysTick_Handler
                0x00000000080005b4       0x1c ./Core/Src/stm32f0xx_it.o
                0x00000000080005b4                SysTick_Handler
 .text.EXTI4_15_IRQHandler
                0x00000000080005d0       0x34 ./Core/Src/stm32f0xx_it.o
                0x00000000080005d0                EXTI4_15_IRQHandler
 .text.SystemInit
                0x0000000008000604        0xa ./Core/Src/system_stm32f0xx.o
                0x0000000008000604                SystemInit
 *fill*         0x000000000800060e        0x2 
 .text.Reset_Handler
                0x0000000008000610       0x50 ./Core/Startup/startup_stm32f072rbtx.o
                0x0000000008000610                Reset_Handler
 .text.Default_Handler
                0x0000000008000660        0x2 ./Core/Startup/startup_stm32f072rbtx.o
                0x0000000008000660                TIM1_CC_IRQHandler
                0x0000000008000660                TSC_IRQHandler
                0x0000000008000660                ADC1_COMP_IRQHandler
                0x0000000008000660                I2C1_IRQHandler
                0x0000000008000660                RCC_CRS_IRQHandler
                0x0000000008000660                SPI1_IRQHandler
                0x0000000008000660                TIM6_DAC_IRQHandler
                0x0000000008000660                USART3_4_IRQHandler
                0x0000000008000660                EXTI2_3_IRQHandler
                0x0000000008000660                I2C2_IRQHandler
                0x0000000008000660                TIM17_IRQHandler
                0x0000000008000660                CEC_CAN_IRQHandler
                0x0000000008000660                RTC_IRQHandler
                0x0000000008000660                PVD_VDDIO2_IRQHandler
                0x0000000008000660                DMA1_Channel4_5_6_7_IRQHandler
                0x0000000008000660                TIM16_IRQHandler
                0x0000000008000660                TIM3_IRQHandler
                0x0000000008000660                DMA1_Channel1_IRQHandler
                0x0000000008000660                Default_Handler
                0x0000000008000660                TIM14_IRQHandler
                0x0000000008000660                TIM7_IRQHandler
                0x0000000008000660                TIM15_IRQHandler
                0x0000000008000660                EXTI0_1_IRQHandler
                0x0000000008000660                USB_IRQHandler
                0x0000000008000660                SPI2_IRQHandler
                0x0000000008000660                WWDG_IRQHandler
                0x0000000008000660                TIM2_IRQHandler
                0x0000000008000660                DMA1_Channel2_3_IRQHandler
                0x0000000008000660                USART2_IRQHandler
                0x0000000008000660                FLASH_IRQHandler
                0x0000000008000660                USART1_IRQHandler
                0x0000000008000660                TIM1_BRK_UP_TRG_COM_IRQHandler
 *fill*         0x0000000008000662        0x2 
 .text.HAL_Init
                0x0000000008000664       0x28 ./Drivers/STM32F0xx_HAL_Driver/Src/stm32f0xx_hal.o
                0x0000000008000664                HAL_Init
 .text.HAL_InitTick
                0x000000000800068c       0x68 ./Drivers/STM32F0xx_HAL_Driver/Src/stm32f0xx_hal.o
                0x000000000800068c                HAL_InitTick
 .text.HAL_IncTick
                0x00000000080006f4       0x24 ./Drivers/STM32F0xx_HAL_Driver/Src/stm32f0xx_hal.o
                0x00000000080006f4                HAL_IncTick
 .text.HAL_GetTick
                0x0000000008000718       0x14 ./Drivers/STM32F0xx_HAL_Driver/Src/stm32f0xx_hal.o
                0x0000000008000718                HAL_GetTick
 .text.HAL_Delay
                0x000000000800072c       0x48 ./Drivers/STM32F0xx_HAL_Driver/Src/stm32f0xx_hal.o
                0x000000000800072c                HAL_Delay
 .text.__NVIC_EnableIRQ
                0x0000000008000774       0x34 ./Drivers/STM32F0xx_HAL_Driver/Src/stm32f0xx_hal_cortex.o
 .text.__NVIC_SetPriority
                0x00000000080007a8       0xdc ./Drivers/STM32F0xx_HAL_Driver/Src/stm32f0xx_hal_cortex.o
 .text.SysTick_Config
                0x0000000008000884       0x48 ./Drivers/STM32F0xx_HAL_Driver/Src/stm32f0xx_hal_cortex.o
 .text.HAL_NVIC_SetPriority
                0x00000000080008cc       0x2a ./Drivers/STM32F0xx_HAL_Driver/Src/stm32f0xx_hal_cortex.o
                0x00000000080008cc                HAL_NVIC_SetPriority
 .text.HAL_NVIC_EnableIRQ
                0x00000000080008f6       0x20 ./Drivers/STM32F0xx_HAL_Driver/Src/stm32f0xx_hal_cortex.o
                0x00000000080008f6                HAL_NVIC_EnableIRQ
 .text.HAL_SYSTICK_Config
                0x0000000008000916       0x1a ./Drivers/STM32F0xx_HAL_Driver/Src/stm32f0xx_hal_cortex.o
                0x0000000008000916                HAL_SYSTICK_Config
 .text.HAL_GPIO_Init
                0x0000000008000930      0x2f0 ./Drivers/STM32F0xx_HAL_Driver/Src/stm32f0xx_hal_gpio.o
                0x0000000008000930                HAL_GPIO_Init
 .text.HAL_GPIO_ReadPin
                0x0000000008000c20       0x3a ./Drivers/STM32F0xx_HAL_Driver/Src/stm32f0xx_hal_gpio.o
                0x0000000008000c20                HAL_GPIO_ReadPin
 .text.HAL_GPIO_WritePin
                0x0000000008000c5a       0x3a ./Drivers/STM32F0xx_HAL_Driver/Src/stm32f0xx_hal_gpio.o
                0x0000000008000c5a                HAL_GPIO_WritePin
 .text.HAL_GPIO_EXTI_IRQHandler
                0x0000000008000c94       0x38 ./Drivers/STM32F0xx_HAL_Driver/Src/stm32f0xx_hal_gpio.o
                0x0000000008000c94                HAL_GPIO_EXTI_IRQHandler
 .text.HAL_GPIO_EXTI_Callback
                0x0000000008000ccc       0x14 ./Drivers/STM32F0xx_HAL_Driver/Src/stm32f0xx_hal_gpio.o
                0x0000000008000ccc                HAL_GPIO_EXTI_Callback
 .text.HAL_RCC_OscConfig
                0x0000000008000ce0      0x70c ./Drivers/STM32F0xx_HAL_Driver/Src/stm32f0xx_hal_rcc.o
                0x0000000008000ce0                HAL_RCC_OscConfig
 .text.HAL_RCC_ClockConfig
                0x00000000080013ec      0x1b4 ./Drivers/STM32F0xx_HAL_Driver/Src/stm32f0xx_hal_rcc.o
                0x00000000080013ec                HAL_RCC_ClockConfig
 .text.HAL_RCC_GetSysClockFreq
                0x00000000080015a0       0xe4 ./Drivers/STM32F0xx_HAL_Driver/Src/stm32f0xx_hal_rcc.o
                0x00000000080015a0                HAL_RCC_GetSysClockFreq
 .text.makeFreeRtosPriority
                0x0000000008001684       0x32 ./Middlewares/Third_Party/FreeRTOS/Source/CMSIS_RTOS/cmsis_os.o
 .text.makeCmsisPriority
                0x00000000080016b6       0x32 ./Middlewares/Third_Party/FreeRTOS/Source/CMSIS_RTOS/cmsis_os.o
 .text.inHandlerMode
                0x00000000080016e8       0x1c ./Middlewares/Third_Party/FreeRTOS/Source/CMSIS_RTOS/cmsis_os.o
 .text.osKernelStart
                0x0000000008001704       0x10 ./Middlewares/Third_Party/FreeRTOS/Source/CMSIS_RTOS/cmsis_os.o
                0x0000000008001704                osKernelStart
 .text.osThreadCreate
                0x0000000008001714       0x9a ./Middlewares/Third_Party/FreeRTOS/Source/CMSIS_RTOS/cmsis_os.o
                0x0000000008001714                osThreadCreate
 .text.osThreadSetPriority
                0x00000000080017ae       0x30 ./Middlewares/Third_Party/FreeRTOS/Source/CMSIS_RTOS/cmsis_os.o
                0x00000000080017ae                osThreadSetPriority
 .text.osThreadGetPriority
                0x00000000080017de       0x3e ./Middlewares/Third_Party/FreeRTOS/Source/CMSIS_RTOS/cmsis_os.o
                0x00000000080017de                osThreadGetPriority
 .text.vListInitialise
                0x000000000800181c       0x3c ./Middlewares/Third_Party/FreeRTOS/Source/list.o
                0x000000000800181c                vListInitialise
 .text.vListInitialiseItem
                0x0000000008001858       0x16 ./Middlewares/Third_Party/FreeRTOS/Source/list.o
                0x0000000008001858                vListInitialiseItem
 .text.vListInsertEnd
                0x000000000800186e       0x44 ./Middlewares/Third_Party/FreeRTOS/Source/list.o
                0x000000000800186e                vListInsertEnd
 .text.uxListRemove
                0x00000000080018b2       0x50 ./Middlewares/Third_Party/FreeRTOS/Source/list.o
                0x00000000080018b2                uxListRemove
 .text.xTaskCreateStatic
                0x0000000008001902       0x86 ./Middlewares/Third_Party/FreeRTOS/Source/tasks.o
                0x0000000008001902                xTaskCreateStatic
 .text.xTaskCreate
                0x0000000008001988       0x98 ./Middlewares/Third_Party/FreeRTOS/Source/tasks.o
                0x0000000008001988                xTaskCreate
 .text.prvInitialiseNewTask
                0x0000000008001a20       0xf4 ./Middlewares/Third_Party/FreeRTOS/Source/tasks.o
 .text.prvAddNewTaskToReadyList
                0x0000000008001b14       0xc8 ./Middlewares/Third_Party/FreeRTOS/Source/tasks.o
 .text.uxTaskPriorityGet
                0x0000000008001bdc       0x34 ./Middlewares/Third_Party/FreeRTOS/Source/tasks.o
                0x0000000008001bdc                uxTaskPriorityGet
 .text.uxTaskPriorityGetFromISR
                0x0000000008001c10       0x3c ./Middlewares/Third_Party/FreeRTOS/Source/tasks.o
                0x0000000008001c10                uxTaskPriorityGetFromISR
 .text.vTaskPrioritySet
                0x0000000008001c4c      0x124 ./Middlewares/Third_Party/FreeRTOS/Source/tasks.o
                0x0000000008001c4c                vTaskPrioritySet
 .text.vTaskStartScheduler
                0x0000000008001d70       0x9c ./Middlewares/Third_Party/FreeRTOS/Source/tasks.o
                0x0000000008001d70                vTaskStartScheduler
 .text.vTaskSuspendAll
                0x0000000008001e0c       0x18 ./Middlewares/Third_Party/FreeRTOS/Source/tasks.o
                0x0000000008001e0c                vTaskSuspendAll
 .text.xTaskResumeAll
                0x0000000008001e24      0x118 ./Middlewares/Third_Party/FreeRTOS/Source/tasks.o
                0x0000000008001e24                xTaskResumeAll
 .text.xTaskIncrementTick
                0x0000000008001f3c      0x168 ./Middlewares/Third_Party/FreeRTOS/Source/tasks.o
                0x0000000008001f3c                xTaskIncrementTick
 .text.vTaskSwitchContext
                0x00000000080020a4       0xa4 ./Middlewares/Third_Party/FreeRTOS/Source/tasks.o
                0x00000000080020a4                vTaskSwitchContext
 .text.prvIdleTask
                0x0000000008002148       0x20 ./Middlewares/Third_Party/FreeRTOS/Source/tasks.o
 .text.prvInitialiseTaskLists
                0x0000000008002168       0x88 ./Middlewares/Third_Party/FreeRTOS/Source/tasks.o
 .text.prvCheckTasksWaitingTermination
                0x00000000080021f0       0x5c ./Middlewares/Third_Party/FreeRTOS/Source/tasks.o
 .text.prvDeleteTCB
                0x000000000800224c       0x50 ./Middlewares/Third_Party/FreeRTOS/Source/tasks.o
 .text.prvResetNextTaskUnblockTime
                0x000000000800229c       0x48 ./Middlewares/Third_Party/FreeRTOS/Source/tasks.o
 .text.xTaskGetSchedulerState
                0x00000000080022e4       0x38 ./Middlewares/Third_Party/FreeRTOS/Source/tasks.o
                0x00000000080022e4                xTaskGetSchedulerState
 .text.pxPortInitialiseStack
                0x000000000800231c       0x54 ./Middlewares/Third_Party/FreeRTOS/Source/portable/GCC/ARM_CM0/port.o
                0x000000000800231c                pxPortInitialiseStack
 .text.prvTaskExitError
                0x0000000008002370       0x30 ./Middlewares/Third_Party/FreeRTOS/Source/portable/GCC/ARM_CM0/port.o
 .text.SVC_Handler
                0x00000000080023a0        0xa ./Middlewares/Third_Party/FreeRTOS/Source/portable/GCC/ARM_CM0/port.o
                0x00000000080023a0                SVC_Handler
 *fill*         0x00000000080023aa        0x6 
 .text.vPortStartFirstTask
                0x00000000080023b0       0x38 ./Middlewares/Third_Party/FreeRTOS/Source/portable/GCC/ARM_CM0/port.o
 .text.xPortStartScheduler
                0x00000000080023e8       0x48 ./Middlewares/Third_Party/FreeRTOS/Source/portable/GCC/ARM_CM0/port.o
                0x00000000080023e8                xPortStartScheduler
 .text.vPortYield
                0x0000000008002430       0x20 ./Middlewares/Third_Party/FreeRTOS/Source/portable/GCC/ARM_CM0/port.o
                0x0000000008002430                vPortYield
 .text.vPortEnterCritical
                0x0000000008002450       0x24 ./Middlewares/Third_Party/FreeRTOS/Source/portable/GCC/ARM_CM0/port.o
                0x0000000008002450                vPortEnterCritical
 .text.vPortExitCritical
                0x0000000008002474       0x30 ./Middlewares/Third_Party/FreeRTOS/Source/portable/GCC/ARM_CM0/port.o
                0x0000000008002474                vPortExitCritical
 .text.ulSetInterruptMaskFromISR
                0x00000000080024a4        0xc ./Middlewares/Third_Party/FreeRTOS/Source/portable/GCC/ARM_CM0/port.o
                0x00000000080024a4                ulSetInterruptMaskFromISR
 .text.vClearInterruptMaskFromISR
                0x00000000080024b0        0x8 ./Middlewares/Third_Party/FreeRTOS/Source/portable/GCC/ARM_CM0/port.o
                0x00000000080024b0                vClearInterruptMaskFromISR
 *fill*         0x00000000080024b8        0x8 
 .text.PendSV_Handler
                0x00000000080024c0       0x48 ./Middlewares/Third_Party/FreeRTOS/Source/portable/GCC/ARM_CM0/port.o
                0x00000000080024c0                PendSV_Handler
 .text.xPortSysTickHandler
                0x0000000008002508       0x34 ./Middlewares/Third_Party/FreeRTOS/Source/portable/GCC/ARM_CM0/port.o
                0x0000000008002508                xPortSysTickHandler
 .text.prvSetupTimerInterrupt
                0x000000000800253c       0x44 ./Middlewares/Third_Party/FreeRTOS/Source/portable/GCC/ARM_CM0/port.o
 .text.pvPortMalloc
                0x0000000008002580      0x14c ./Middlewares/Third_Party/FreeRTOS/Source/portable/MemMang/heap_4.o
                0x0000000008002580                pvPortMalloc
 .text.vPortFree
                0x00000000080026cc       0x90 ./Middlewares/Third_Party/FreeRTOS/Source/portable/MemMang/heap_4.o
                0x00000000080026cc                vPortFree
 .text.prvHeapInit
                0x000000000800275c       0xc0 ./Middlewares/Third_Party/FreeRTOS/Source/portable/MemMang/heap_4.o
 .text.prvInsertBlockIntoFreeList
                0x000000000800281c       0xb0 ./Middlewares/Third_Party/FreeRTOS/Source/portable/MemMang/heap_4.o
 .text.__libc_init_array
                0x00000000080028cc       0x48 d:/stm32cubeide_1.12.0/stm32cubeide/plugins/com.st.stm32cube.ide.mcu.externaltools.gnu-tools-for-stm32.10.3-2021.10.win32_1.0.200.202301161003/tools/bin/../lib/gcc/arm-none-eabi/10.3.1/../../../../arm-none-eabi/lib/thumb/v6-m/nofp\libc_nano.a(lib_a-init.o)
                0x00000000080028cc                __libc_init_array
 .text.memset   0x0000000008002914       0x10 d:/stm32cubeide_1.12.0/stm32cubeide/plugins/com.st.stm32cube.ide.mcu.externaltools.gnu-tools-for-stm32.10.3-2021.10.win32_1.0.200.202301161003/tools/bin/../lib/gcc/arm-none-eabi/10.3.1/../../../../arm-none-eabi/lib/thumb/v6-m/nofp\libc_nano.a(lib_a-memset.o)
                0x0000000008002914                memset
 *(.glue_7)
 .glue_7        0x0000000008002924        0x0 linker stubs
 *(.glue_7t)
 .glue_7t       0x0000000008002924        0x0 linker stubs
 *(.eh_frame)
 .eh_frame      0x0000000008002924        0x0 d:/stm32cubeide_1.12.0/stm32cubeide/plugins/com.st.stm32cube.ide.mcu.externaltools.gnu-tools-for-stm32.10.3-2021.10.win32_1.0.200.202301161003/tools/bin/../lib/gcc/arm-none-eabi/10.3.1/thumb/v6-m/nofp/crtbegin.o
 *(.init)
 .init          0x0000000008002924        0x4 d:/stm32cubeide_1.12.0/stm32cubeide/plugins/com.st.stm32cube.ide.mcu.externaltools.gnu-tools-for-stm32.10.3-2021.10.win32_1.0.200.202301161003/tools/bin/../lib/gcc/arm-none-eabi/10.3.1/thumb/v6-m/nofp/crti.o
                0x0000000008002924                _init
 .init          0x0000000008002928        0x8 d:/stm32cubeide_1.12.0/stm32cubeide/plugins/com.st.stm32cube.ide.mcu.externaltools.gnu-tools-for-stm32.10.3-2021.10.win32_1.0.200.202301161003/tools/bin/../lib/gcc/arm-none-eabi/10.3.1/thumb/v6-m/nofp/crtn.o
 *(.fini)
 .fini          0x0000000008002930        0x4 d:/stm32cubeide_1.12.0/stm32cubeide/plugins/com.st.stm32cube.ide.mcu.externaltools.gnu-tools-for-stm32.10.3-2021.10.win32_1.0.200.202301161003/tools/bin/../lib/gcc/arm-none-eabi/10.3.1/thumb/v6-m/nofp/crti.o
                0x0000000008002930                _fini
 .fini          0x0000000008002934        0x8 d:/stm32cubeide_1.12.0/stm32cubeide/plugins/com.st.stm32cube.ide.mcu.externaltools.gnu-tools-for-stm32.10.3-2021.10.win32_1.0.200.202301161003/tools/bin/../lib/gcc/arm-none-eabi/10.3.1/thumb/v6-m/nofp/crtn.o
                0x000000000800293c                . = ALIGN (0x4)
                0x000000000800293c                _etext = .

.vfp11_veneer   0x000000000800293c        0x0
 .vfp11_veneer  0x000000000800293c        0x0 linker stubs

.v4_bx          0x000000000800293c        0x0
 .v4_bx         0x000000000800293c        0x0 linker stubs

.iplt           0x000000000800293c        0x0
 .iplt          0x000000000800293c        0x0 d:/stm32cubeide_1.12.0/stm32cubeide/plugins/com.st.stm32cube.ide.mcu.externaltools.gnu-tools-for-stm32.10.3-2021.10.win32_1.0.200.202301161003/tools/bin/../lib/gcc/arm-none-eabi/10.3.1/thumb/v6-m/nofp/crtbegin.o

.rodata         0x000000000800293c       0x88
                0x000000000800293c                . = ALIGN (0x4)
 *(.rodata)
 .rodata        0x000000000800293c       0x50 ./Core/Src/main.o
 .rodata        0x000000000800298c        0x5 ./Middlewares/Third_Party/FreeRTOS/Source/tasks.o
 *(.rodata*)
 *fill*         0x0000000008002991        0x3 
 .rodata.AHBPrescTable
                0x0000000008002994       0x10 ./Core/Src/system_stm32f0xx.o
                0x0000000008002994                AHBPrescTable
 .rodata.aPLLMULFactorTable.1
                0x00000000080029a4       0x10 ./Drivers/STM32F0xx_HAL_Driver/Src/stm32f0xx_hal_rcc.o
 .rodata.aPredivFactorTable.0
                0x00000000080029b4       0x10 ./Drivers/STM32F0xx_HAL_Driver/Src/stm32f0xx_hal_rcc.o
                0x00000000080029c4                . = ALIGN (0x4)

.rel.dyn        0x00000000080029c4        0x0
 .rel.iplt      0x00000000080029c4        0x0 d:/stm32cubeide_1.12.0/stm32cubeide/plugins/com.st.stm32cube.ide.mcu.externaltools.gnu-tools-for-stm32.10.3-2021.10.win32_1.0.200.202301161003/tools/bin/../lib/gcc/arm-none-eabi/10.3.1/thumb/v6-m/nofp/crtbegin.o

.ARM.extab      0x00000000080029c4        0x0
                0x00000000080029c4                . = ALIGN (0x4)
 *(.ARM.extab* .gnu.linkonce.armextab.*)
                0x00000000080029c4                . = ALIGN (0x4)

.ARM            0x00000000080029c4        0x0
                0x00000000080029c4                . = ALIGN (0x4)
                0x00000000080029c4                __exidx_start = .
 *(.ARM.exidx*)
                0x00000000080029c4                __exidx_end = .
                0x00000000080029c4                . = ALIGN (0x4)

.preinit_array  0x00000000080029c4        0x0
                0x00000000080029c4                . = ALIGN (0x4)
                0x00000000080029c4                PROVIDE (__preinit_array_start = .)
 *(.preinit_array*)
                0x00000000080029c4                PROVIDE (__preinit_array_end = .)
                0x00000000080029c4                . = ALIGN (0x4)

.init_array     0x00000000080029c4        0x4
                0x00000000080029c4                . = ALIGN (0x4)
                0x00000000080029c4                PROVIDE (__init_array_start = .)
 *(SORT_BY_NAME(.init_array.*))
 *(.init_array*)
 .init_array    0x00000000080029c4        0x4 d:/stm32cubeide_1.12.0/stm32cubeide/plugins/com.st.stm32cube.ide.mcu.externaltools.gnu-tools-for-stm32.10.3-2021.10.win32_1.0.200.202301161003/tools/bin/../lib/gcc/arm-none-eabi/10.3.1/thumb/v6-m/nofp/crtbegin.o
                0x00000000080029c8                PROVIDE (__init_array_end = .)
                0x00000000080029c8                . = ALIGN (0x4)

.fini_array     0x00000000080029c8        0x4
                0x00000000080029c8                . = ALIGN (0x4)
                [!provide]                        PROVIDE (__fini_array_start = .)
 *(SORT_BY_NAME(.fini_array.*))
 *(.fini_array*)
 .fini_array    0x00000000080029c8        0x4 d:/stm32cubeide_1.12.0/stm32cubeide/plugins/com.st.stm32cube.ide.mcu.externaltools.gnu-tools-for-stm32.10.3-2021.10.win32_1.0.200.202301161003/tools/bin/../lib/gcc/arm-none-eabi/10.3.1/thumb/v6-m/nofp/crtbegin.o
                [!provide]                        PROVIDE (__fini_array_end = .)
                0x00000000080029cc                . = ALIGN (0x4)
                0x00000000080029cc                _sidata = LOADADDR (.data)

.data           0x0000000020000000       0x10 load address 0x00000000080029cc
                0x0000000020000000                . = ALIGN (0x4)
                0x0000000020000000                _sdata = .
 *(.data)
 *(.data*)
 .data.SystemCoreClock
                0x0000000020000000        0x4 ./Core/Src/system_stm32f0xx.o
                0x0000000020000000                SystemCoreClock
 .data.uwTickPrio
                0x0000000020000004        0x4 ./Drivers/STM32F0xx_HAL_Driver/Src/stm32f0xx_hal.o
                0x0000000020000004                uwTickPrio
 .data.uwTickFreq
                0x0000000020000008        0x1 ./Drivers/STM32F0xx_HAL_Driver/Src/stm32f0xx_hal.o
                0x0000000020000008                uwTickFreq
 *fill*         0x0000000020000009        0x3 
 .data.uxCriticalNesting
                0x000000002000000c        0x4 ./Middlewares/Third_Party/FreeRTOS/Source/portable/GCC/ARM_CM0/port.o
 *(.RamFunc)
 *(.RamFunc*)
                0x0000000020000010                . = ALIGN (0x4)
                0x0000000020000010                _edata = .

.igot.plt       0x0000000020000010        0x0 load address 0x00000000080029dc
 .igot.plt      0x0000000020000010        0x0 d:/stm32cubeide_1.12.0/stm32cubeide/plugins/com.st.stm32cube.ide.mcu.externaltools.gnu-tools-for-stm32.10.3-2021.10.win32_1.0.200.202301161003/tools/bin/../lib/gcc/arm-none-eabi/10.3.1/thumb/v6-m/nofp/crtbegin.o
                0x0000000020000010                . = ALIGN (0x4)

.bss            0x0000000020000010      0xfc4 load address 0x00000000080029dc
                0x0000000020000010                _sbss = .
                0x0000000020000010                __bss_start__ = _sbss
 *(.bss)
 .bss           0x0000000020000010       0x1c d:/stm32cubeide_1.12.0/stm32cubeide/plugins/com.st.stm32cube.ide.mcu.externaltools.gnu-tools-for-stm32.10.3-2021.10.win32_1.0.200.202301161003/tools/bin/../lib/gcc/arm-none-eabi/10.3.1/thumb/v6-m/nofp/crtbegin.o
 *(.bss*)
 .bss.xIdleTaskTCBBuffer
                0x000000002000002c       0x54 ./Core/Src/freertos.o
 .bss.xIdleStack
                0x0000000020000080      0x200 ./Core/Src/freertos.o
 .bss.myTask01Handle
                0x0000000020000280        0x4 ./Core/Src/main.o
                0x0000000020000280                myTask01Handle
 .bss.myTask02Handle
                0x0000000020000284        0x4 ./Core/Src/main.o
                0x0000000020000284                myTask02Handle
 .bss.buttonState
                0x0000000020000288        0x1 ./Core/Src/main.o
                0x0000000020000288                buttonState
 *fill*         0x0000000020000289        0x3 
 .bss.uwTick    0x000000002000028c        0x4 ./Drivers/STM32F0xx_HAL_Driver/Src/stm32f0xx_hal.o
                0x000000002000028c                uwTick
 .bss.pxCurrentTCB
                0x0000000020000290        0x4 ./Middlewares/Third_Party/FreeRTOS/Source/tasks.o
                0x0000000020000290                pxCurrentTCB
 .bss.pxReadyTasksLists
                0x0000000020000294       0x8c ./Middlewares/Third_Party/FreeRTOS/Source/tasks.o
 .bss.xDelayedTaskList1
                0x0000000020000320       0x14 ./Middlewares/Third_Party/FreeRTOS/Source/tasks.o
 .bss.xDelayedTaskList2
                0x0000000020000334       0x14 ./Middlewares/Third_Party/FreeRTOS/Source/tasks.o
 .bss.pxDelayedTaskList
                0x0000000020000348        0x4 ./Middlewares/Third_Party/FreeRTOS/Source/tasks.o
 .bss.pxOverflowDelayedTaskList
                0x000000002000034c        0x4 ./Middlewares/Third_Party/FreeRTOS/Source/tasks.o
 .bss.xPendingReadyList
                0x0000000020000350       0x14 ./Middlewares/Third_Party/FreeRTOS/Source/tasks.o
 .bss.xTasksWaitingTermination
                0x0000000020000364       0x14 ./Middlewares/Third_Party/FreeRTOS/Source/tasks.o
 .bss.uxDeletedTasksWaitingCleanUp
                0x0000000020000378        0x4 ./Middlewares/Third_Party/FreeRTOS/Source/tasks.o
 .bss.xSuspendedTaskList
                0x000000002000037c       0x14 ./Middlewares/Third_Party/FreeRTOS/Source/tasks.o
 .bss.uxCurrentNumberOfTasks
                0x0000000020000390        0x4 ./Middlewares/Third_Party/FreeRTOS/Source/tasks.o
 .bss.xTickCount
                0x0000000020000394        0x4 ./Middlewares/Third_Party/FreeRTOS/Source/tasks.o
 .bss.uxTopReadyPriority
                0x0000000020000398        0x4 ./Middlewares/Third_Party/FreeRTOS/Source/tasks.o
 .bss.xSchedulerRunning
                0x000000002000039c        0x4 ./Middlewares/Third_Party/FreeRTOS/Source/tasks.o
 .bss.uxPendedTicks
                0x00000000200003a0        0x4 ./Middlewares/Third_Party/FreeRTOS/Source/tasks.o
 .bss.xYieldPending
                0x00000000200003a4        0x4 ./Middlewares/Third_Party/FreeRTOS/Source/tasks.o
 .bss.xNumOfOverflows
                0x00000000200003a8        0x4 ./Middlewares/Third_Party/FreeRTOS/Source/tasks.o
 .bss.uxTaskNumber
                0x00000000200003ac        0x4 ./Middlewares/Third_Party/FreeRTOS/Source/tasks.o
 .bss.xNextTaskUnblockTime
                0x00000000200003b0        0x4 ./Middlewares/Third_Party/FreeRTOS/Source/tasks.o
 .bss.xIdleTaskHandle
                0x00000000200003b4        0x4 ./Middlewares/Third_Party/FreeRTOS/Source/tasks.o
 .bss.uxSchedulerSuspended
                0x00000000200003b8        0x4 ./Middlewares/Third_Party/FreeRTOS/Source/tasks.o
 .bss.ucHeap    0x00000000200003bc      0xc00 ./Middlewares/Third_Party/FreeRTOS/Source/portable/MemMang/heap_4.o
 .bss.xStart    0x0000000020000fbc        0x8 ./Middlewares/Third_Party/FreeRTOS/Source/portable/MemMang/heap_4.o
 .bss.pxEnd     0x0000000020000fc4        0x4 ./Middlewares/Third_Party/FreeRTOS/Source/portable/MemMang/heap_4.o
 .bss.xFreeBytesRemaining
                0x0000000020000fc8        0x4 ./Middlewares/Third_Party/FreeRTOS/Source/portable/MemMang/heap_4.o
 .bss.xMinimumEverFreeBytesRemaining
                0x0000000020000fcc        0x4 ./Middlewares/Third_Party/FreeRTOS/Source/portable/MemMang/heap_4.o
 .bss.xBlockAllocatedBit
                0x0000000020000fd0        0x4 ./Middlewares/Third_Party/FreeRTOS/Source/portable/MemMang/heap_4.o
 *(COMMON)
                0x0000000020000fd4                . = ALIGN (0x4)
                0x0000000020000fd4                _ebss = .
                0x0000000020000fd4                __bss_end__ = _ebss

._user_heap_stack
                0x0000000020000fd4      0x604 load address 0x00000000080029dc
                0x0000000020000fd8                . = ALIGN (0x8)
 *fill*         0x0000000020000fd4        0x4 
                [!provide]                        PROVIDE (end = .)
                0x0000000020000fd8                PROVIDE (_end = .)
                0x00000000200011d8                . = (. + _Min_Heap_Size)
 *fill*         0x0000000020000fd8      0x200 
                0x00000000200015d8                . = (. + _Min_Stack_Size)
 *fill*         0x00000000200011d8      0x400 
                0x00000000200015d8                . = ALIGN (0x8)

/DISCARD/
 libc.a(*)
 libm.a(*)
 libgcc.a(*)

.ARM.attributes
                0x0000000000000000       0x28
 *(.ARM.attributes)
 .ARM.attributes
                0x0000000000000000       0x1e d:/stm32cubeide_1.12.0/stm32cubeide/plugins/com.st.stm32cube.ide.mcu.externaltools.gnu-tools-for-stm32.10.3-2021.10.win32_1.0.200.202301161003/tools/bin/../lib/gcc/arm-none-eabi/10.3.1/thumb/v6-m/nofp/crti.o
 .ARM.attributes
                0x000000000000001e       0x2c d:/stm32cubeide_1.12.0/stm32cubeide/plugins/com.st.stm32cube.ide.mcu.externaltools.gnu-tools-for-stm32.10.3-2021.10.win32_1.0.200.202301161003/tools/bin/../lib/gcc/arm-none-eabi/10.3.1/thumb/v6-m/nofp/crtbegin.o
 .ARM.attributes
                0x000000000000004a       0x2c ./Core/Src/freertos.o
 .ARM.attributes
                0x0000000000000076       0x2c ./Core/Src/main.o
 .ARM.attributes
                0x00000000000000a2       0x2c ./Core/Src/stm32f0xx_hal_msp.o
 .ARM.attributes
                0x00000000000000ce       0x2c ./Core/Src/stm32f0xx_it.o
 .ARM.attributes
                0x00000000000000fa       0x2c ./Core/Src/system_stm32f0xx.o
 .ARM.attributes
                0x0000000000000126       0x21 ./Core/Startup/startup_stm32f072rbtx.o
 .ARM.attributes
                0x0000000000000147       0x2c ./Drivers/STM32F0xx_HAL_Driver/Src/stm32f0xx_hal.o
 .ARM.attributes
                0x0000000000000173       0x2c ./Drivers/STM32F0xx_HAL_Driver/Src/stm32f0xx_hal_cortex.o
 .ARM.attributes
                0x000000000000019f       0x2c ./Drivers/STM32F0xx_HAL_Driver/Src/stm32f0xx_hal_gpio.o
 .ARM.attributes
                0x00000000000001cb       0x2c ./Drivers/STM32F0xx_HAL_Driver/Src/stm32f0xx_hal_rcc.o
 .ARM.attributes
                0x00000000000001f7       0x2c ./Middlewares/Third_Party/FreeRTOS/Source/CMSIS_RTOS/cmsis_os.o
 .ARM.attributes
                0x0000000000000223       0x2c ./Middlewares/Third_Party/FreeRTOS/Source/list.o
 .ARM.attributes
                0x000000000000024f       0x2c ./Middlewares/Third_Party/FreeRTOS/Source/tasks.o
 .ARM.attributes
                0x000000000000027b       0x2c ./Middlewares/Third_Party/FreeRTOS/Source/portable/GCC/ARM_CM0/port.o
 .ARM.attributes
                0x00000000000002a7       0x2c ./Middlewares/Third_Party/FreeRTOS/Source/portable/MemMang/heap_4.o
 .ARM.attributes
                0x00000000000002d3       0x2c d:/stm32cubeide_1.12.0/stm32cubeide/plugins/com.st.stm32cube.ide.mcu.externaltools.gnu-tools-for-stm32.10.3-2021.10.win32_1.0.200.202301161003/tools/bin/../lib/gcc/arm-none-eabi/10.3.1/../../../../arm-none-eabi/lib/thumb/v6-m/nofp\libc_nano.a(lib_a-init.o)
 .ARM.attributes
                0x00000000000002ff       0x2c d:/stm32cubeide_1.12.0/stm32cubeide/plugins/com.st.stm32cube.ide.mcu.externaltools.gnu-tools-for-stm32.10.3-2021.10.win32_1.0.200.202301161003/tools/bin/../lib/gcc/arm-none-eabi/10.3.1/../../../../arm-none-eabi/lib/thumb/v6-m/nofp\libc_nano.a(lib_a-memset.o)
 .ARM.attributes
                0x000000000000032b       0x1e d:/stm32cubeide_1.12.0/stm32cubeide/plugins/com.st.stm32cube.ide.mcu.externaltools.gnu-tools-for-stm32.10.3-2021.10.win32_1.0.200.202301161003/tools/bin/../lib/gcc/arm-none-eabi/10.3.1/thumb/v6-m/nofp\libgcc.a(_udivsi3.o)
 .ARM.attributes
                0x0000000000000349       0x1e d:/stm32cubeide_1.12.0/stm32cubeide/plugins/com.st.stm32cube.ide.mcu.externaltools.gnu-tools-for-stm32.10.3-2021.10.win32_1.0.200.202301161003/tools/bin/../lib/gcc/arm-none-eabi/10.3.1/thumb/v6-m/nofp\libgcc.a(_dvmd_tls.o)
 .ARM.attributes
                0x0000000000000367       0x1e d:/stm32cubeide_1.12.0/stm32cubeide/plugins/com.st.stm32cube.ide.mcu.externaltools.gnu-tools-for-stm32.10.3-2021.10.win32_1.0.200.202301161003/tools/bin/../lib/gcc/arm-none-eabi/10.3.1/thumb/v6-m/nofp/crtn.o
OUTPUT(Homework_01.elf elf32-littlearm)
LOAD linker stubs
LOAD d:/stm32cubeide_1.12.0/stm32cubeide/plugins/com.st.stm32cube.ide.mcu.externaltools.gnu-tools-for-stm32.10.3-2021.10.win32_1.0.200.202301161003/tools/bin/../lib/gcc/arm-none-eabi/10.3.1/../../../../arm-none-eabi/lib/thumb/v6-m/nofp\libc.a
LOAD d:/stm32cubeide_1.12.0/stm32cubeide/plugins/com.st.stm32cube.ide.mcu.externaltools.gnu-tools-for-stm32.10.3-2021.10.win32_1.0.200.202301161003/tools/bin/../lib/gcc/arm-none-eabi/10.3.1/../../../../arm-none-eabi/lib/thumb/v6-m/nofp\libm.a
LOAD d:/stm32cubeide_1.12.0/stm32cubeide/plugins/com.st.stm32cube.ide.mcu.externaltools.gnu-tools-for-stm32.10.3-2021.10.win32_1.0.200.202301161003/tools/bin/../lib/gcc/arm-none-eabi/10.3.1/thumb/v6-m/nofp\libgcc.a

.debug_info     0x0000000000000000     0x6dcd
 .debug_info    0x0000000000000000      0x294 ./Core/Src/freertos.o
 .debug_info    0x0000000000000294      0xb0f ./Core/Src/main.o
 .debug_info    0x0000000000000da3      0x2cd ./Core/Src/stm32f0xx_hal_msp.o
 .debug_info    0x0000000000001070      0x25e ./Core/Src/stm32f0xx_it.o
 .debug_info    0x00000000000012ce      0x269 ./Core/Src/system_stm32f0xx.o
 .debug_info    0x0000000000001537       0x22 ./Core/Startup/startup_stm32f072rbtx.o
 .debug_info    0x0000000000001559      0x6f6 ./Drivers/STM32F0xx_HAL_Driver/Src/stm32f0xx_hal.o
 .debug_info    0x0000000000001c4f      0x723 ./Drivers/STM32F0xx_HAL_Driver/Src/stm32f0xx_hal_cortex.o
 .debug_info    0x0000000000002372      0x628 ./Drivers/STM32F0xx_HAL_Driver/Src/stm32f0xx_hal_gpio.o
 .debug_info    0x000000000000299a      0x8b0 ./Drivers/STM32F0xx_HAL_Driver/Src/stm32f0xx_hal_rcc.o
 .debug_info    0x000000000000324a     0x1bbd ./Middlewares/Third_Party/FreeRTOS/Source/CMSIS_RTOS/cmsis_os.o
 .debug_info    0x0000000000004e07      0x2cb ./Middlewares/Third_Party/FreeRTOS/Source/list.o
 .debug_info    0x00000000000050d2     0x1733 ./Middlewares/Third_Party/FreeRTOS/Source/tasks.o
 .debug_info    0x0000000000006805      0x29e ./Middlewares/Third_Party/FreeRTOS/Source/portable/GCC/ARM_CM0/port.o
 .debug_info    0x0000000000006aa3      0x32a ./Middlewares/Third_Party/FreeRTOS/Source/portable/MemMang/heap_4.o

.debug_abbrev   0x0000000000000000     0x1a73
 .debug_abbrev  0x0000000000000000       0xcd ./Core/Src/freertos.o
 .debug_abbrev  0x00000000000000cd      0x2b1 ./Core/Src/main.o
 .debug_abbrev  0x000000000000037e      0x103 ./Core/Src/stm32f0xx_hal_msp.o
 .debug_abbrev  0x0000000000000481      0x16f ./Core/Src/stm32f0xx_it.o
 .debug_abbrev  0x00000000000005f0      0x116 ./Core/Src/system_stm32f0xx.o
 .debug_abbrev  0x0000000000000706       0x12 ./Core/Startup/startup_stm32f072rbtx.o
 .debug_abbrev  0x0000000000000718      0x20e ./Drivers/STM32F0xx_HAL_Driver/Src/stm32f0xx_hal.o
 .debug_abbrev  0x0000000000000926      0x283 ./Drivers/STM32F0xx_HAL_Driver/Src/stm32f0xx_hal_cortex.o
 .debug_abbrev  0x0000000000000ba9      0x1bb ./Drivers/STM32F0xx_HAL_Driver/Src/stm32f0xx_hal_gpio.o
 .debug_abbrev  0x0000000000000d64      0x283 ./Drivers/STM32F0xx_HAL_Driver/Src/stm32f0xx_hal_rcc.o
 .debug_abbrev  0x0000000000000fe7      0x327 ./Middlewares/Third_Party/FreeRTOS/Source/CMSIS_RTOS/cmsis_os.o
 .debug_abbrev  0x000000000000130e       0xf2 ./Middlewares/Third_Party/FreeRTOS/Source/list.o
 .debug_abbrev  0x0000000000001400      0x2ea ./Middlewares/Third_Party/FreeRTOS/Source/tasks.o
 .debug_abbrev  0x00000000000016ea      0x1ec ./Middlewares/Third_Party/FreeRTOS/Source/portable/GCC/ARM_CM0/port.o
 .debug_abbrev  0x00000000000018d6      0x19d ./Middlewares/Third_Party/FreeRTOS/Source/portable/MemMang/heap_4.o

.debug_aranges  0x0000000000000000      0x810
 .debug_aranges
                0x0000000000000000       0x20 ./Core/Src/freertos.o
 .debug_aranges
                0x0000000000000020       0x48 ./Core/Src/main.o
 .debug_aranges
                0x0000000000000068       0x20 ./Core/Src/stm32f0xx_hal_msp.o
 .debug_aranges
                0x0000000000000088       0x38 ./Core/Src/stm32f0xx_it.o
 .debug_aranges
                0x00000000000000c0       0x28 ./Core/Src/system_stm32f0xx.o
 .debug_aranges
                0x00000000000000e8       0x28 ./Core/Startup/startup_stm32f072rbtx.o
 .debug_aranges
                0x0000000000000110       0xd0 ./Drivers/STM32F0xx_HAL_Driver/Src/stm32f0xx_hal.o
 .debug_aranges
                0x00000000000001e0       0xc0 ./Drivers/STM32F0xx_HAL_Driver/Src/stm32f0xx_hal_cortex.o
 .debug_aranges
                0x00000000000002a0       0x58 ./Drivers/STM32F0xx_HAL_Driver/Src/stm32f0xx_hal_gpio.o
 .debug_aranges
                0x00000000000002f8       0x80 ./Drivers/STM32F0xx_HAL_Driver/Src/stm32f0xx_hal_rcc.o
 .debug_aranges
                0x0000000000000378      0x1d8 ./Middlewares/Third_Party/FreeRTOS/Source/CMSIS_RTOS/cmsis_os.o
 .debug_aranges
                0x0000000000000550       0x40 ./Middlewares/Third_Party/FreeRTOS/Source/list.o
 .debug_aranges
                0x0000000000000590      0x1a8 ./Middlewares/Third_Party/FreeRTOS/Source/tasks.o
 .debug_aranges
                0x0000000000000738       0x88 ./Middlewares/Third_Party/FreeRTOS/Source/portable/GCC/ARM_CM0/port.o
 .debug_aranges
                0x00000000000007c0       0x50 ./Middlewares/Third_Party/FreeRTOS/Source/portable/MemMang/heap_4.o

.debug_ranges   0x0000000000000000      0x728
 .debug_ranges  0x0000000000000000       0x10 ./Core/Src/freertos.o
 .debug_ranges  0x0000000000000010       0x38 ./Core/Src/main.o
 .debug_ranges  0x0000000000000048       0x10 ./Core/Src/stm32f0xx_hal_msp.o
 .debug_ranges  0x0000000000000058       0x28 ./Core/Src/stm32f0xx_it.o
 .debug_ranges  0x0000000000000080       0x18 ./Core/Src/system_stm32f0xx.o
 .debug_ranges  0x0000000000000098       0x20 ./Core/Startup/startup_stm32f072rbtx.o
 .debug_ranges  0x00000000000000b8       0xc0 ./Drivers/STM32F0xx_HAL_Driver/Src/stm32f0xx_hal.o
 .debug_ranges  0x0000000000000178       0xb0 ./Drivers/STM32F0xx_HAL_Driver/Src/stm32f0xx_hal_cortex.o
 .debug_ranges  0x0000000000000228       0x48 ./Drivers/STM32F0xx_HAL_Driver/Src/stm32f0xx_hal_gpio.o
 .debug_ranges  0x0000000000000270       0x70 ./Drivers/STM32F0xx_HAL_Driver/Src/stm32f0xx_hal_rcc.o
 .debug_ranges  0x00000000000002e0      0x1c8 ./Middlewares/Third_Party/FreeRTOS/Source/CMSIS_RTOS/cmsis_os.o
 .debug_ranges  0x00000000000004a8       0x30 ./Middlewares/Third_Party/FreeRTOS/Source/list.o
 .debug_ranges  0x00000000000004d8      0x198 ./Middlewares/Third_Party/FreeRTOS/Source/tasks.o
 .debug_ranges  0x0000000000000670       0x78 ./Middlewares/Third_Party/FreeRTOS/Source/portable/GCC/ARM_CM0/port.o
 .debug_ranges  0x00000000000006e8       0x40 ./Middlewares/Third_Party/FreeRTOS/Source/portable/MemMang/heap_4.o

.debug_macro    0x0000000000000000    0x18ff9
 .debug_macro   0x0000000000000000      0x211 ./Core/Src/freertos.o
 .debug_macro   0x0000000000000211      0xa4e ./Core/Src/freertos.o
 .debug_macro   0x0000000000000c5f      0x174 ./Core/Src/freertos.o
 .debug_macro   0x0000000000000dd3       0x22 ./Core/Src/freertos.o
 .debug_macro   0x0000000000000df5       0x8e ./Core/Src/freertos.o
 .debug_macro   0x0000000000000e83       0x51 ./Core/Src/freertos.o
 .debug_macro   0x0000000000000ed4      0x103 ./Core/Src/freertos.o
 .debug_macro   0x0000000000000fd7       0x6a ./Core/Src/freertos.o
 .debug_macro   0x0000000000001041      0x1df ./Core/Src/freertos.o
 .debug_macro   0x0000000000001220       0xac ./Core/Src/freertos.o
 .debug_macro   0x00000000000012cc      0x15a ./Core/Src/freertos.o
 .debug_macro   0x0000000000001426       0xac ./Core/Src/freertos.o
 .debug_macro   0x00000000000014d2       0x10 ./Core/Src/freertos.o
 .debug_macro   0x00000000000014e2       0x1f ./Core/Src/freertos.o
 .debug_macro   0x0000000000001501      0x4c5 ./Core/Src/freertos.o
 .debug_macro   0x00000000000019c6       0xb5 ./Core/Src/freertos.o
 .debug_macro   0x0000000000001a7b       0x8c ./Core/Src/freertos.o
 .debug_macro   0x0000000000001b07      0x127 ./Core/Src/freertos.o
 .debug_macro   0x0000000000001c2e       0x2e ./Core/Src/freertos.o
 .debug_macro   0x0000000000001c5c       0x22 ./Core/Src/freertos.o
 .debug_macro   0x0000000000001c7e       0x1c ./Core/Src/freertos.o
 .debug_macro   0x0000000000001c9a       0x22 ./Core/Src/freertos.o
 .debug_macro   0x0000000000001cbc       0xaf ./Core/Src/freertos.o
 .debug_macro   0x0000000000001d6b      0x391 ./Core/Src/freertos.o
 .debug_macro   0x00000000000020fc     0xfe73 ./Core/Src/freertos.o
 .debug_macro   0x0000000000011f6f       0x66 ./Core/Src/freertos.o
 .debug_macro   0x0000000000011fd5     0x34da ./Core/Src/freertos.o
 .debug_macro   0x00000000000154af       0x55 ./Core/Src/freertos.o
 .debug_macro   0x0000000000015504      0x946 ./Core/Src/freertos.o
 .debug_macro   0x0000000000015e4a      0x5f3 ./Core/Src/freertos.o
 .debug_macro   0x000000000001643d      0x1ae ./Core/Src/freertos.o
 .debug_macro   0x00000000000165eb      0x1a7 ./Core/Src/freertos.o
 .debug_macro   0x0000000000016792      0x1a7 ./Core/Src/freertos.o
 .debug_macro   0x0000000000016939      0x22c ./Core/Src/freertos.o
 .debug_macro   0x0000000000016b65       0x34 ./Core/Src/freertos.o
 .debug_macro   0x0000000000016b99       0x43 ./Core/Src/freertos.o
 .debug_macro   0x0000000000016bdc       0x28 ./Core/Src/freertos.o
 .debug_macro   0x0000000000016c04       0xb0 ./Core/Src/freertos.o
 .debug_macro   0x0000000000016cb4      0x217 ./Core/Src/freertos.o
 .debug_macro   0x0000000000016ecb      0x22c ./Core/Src/freertos.o
 .debug_macro   0x00000000000170f7       0x61 ./Core/Src/freertos.o
 .debug_macro   0x0000000000017158       0xa5 ./Core/Src/freertos.o
 .debug_macro   0x00000000000171fd       0x4c ./Core/Src/freertos.o
 .debug_macro   0x0000000000017249      0x16d ./Core/Src/freertos.o
 .debug_macro   0x00000000000173b6      0x130 ./Core/Src/freertos.o
 .debug_macro   0x00000000000174e6       0x3a ./Core/Src/freertos.o
 .debug_macro   0x0000000000017520      0x25c ./Core/Src/main.o
 .debug_macro   0x000000000001777c       0x91 ./Core/Src/main.o
 .debug_macro   0x000000000001780d       0x8d ./Core/Src/main.o
 .debug_macro   0x000000000001789a       0x7e ./Core/Src/main.o
 .debug_macro   0x0000000000017918       0x19 ./Core/Src/main.o
 .debug_macro   0x0000000000017931       0xf2 ./Core/Src/main.o
 .debug_macro   0x0000000000017a23      0x1a9 ./Core/Src/stm32f0xx_hal_msp.o
 .debug_macro   0x0000000000017bcc      0x21b ./Core/Src/stm32f0xx_it.o
 .debug_macro   0x0000000000017de7      0x19a ./Core/Src/system_stm32f0xx.o
 .debug_macro   0x0000000000017f81      0x1be ./Drivers/STM32F0xx_HAL_Driver/Src/stm32f0xx_hal.o
 .debug_macro   0x000000000001813f      0x19a ./Drivers/STM32F0xx_HAL_Driver/Src/stm32f0xx_hal_cortex.o
 .debug_macro   0x00000000000182d9      0x1a1 ./Drivers/STM32F0xx_HAL_Driver/Src/stm32f0xx_hal_gpio.o
 .debug_macro   0x000000000001847a      0x1ac ./Drivers/STM32F0xx_HAL_Driver/Src/stm32f0xx_hal_rcc.o
 .debug_macro   0x0000000000018626      0x1fe ./Middlewares/Third_Party/FreeRTOS/Source/CMSIS_RTOS/cmsis_os.o
 .debug_macro   0x0000000000018824       0x10 ./Middlewares/Third_Party/FreeRTOS/Source/CMSIS_RTOS/cmsis_os.o
 .debug_macro   0x0000000000018834       0x20 ./Middlewares/Third_Party/FreeRTOS/Source/CMSIS_RTOS/cmsis_os.o
 .debug_macro   0x0000000000018854       0x9d ./Middlewares/Third_Party/FreeRTOS/Source/CMSIS_RTOS/cmsis_os.o
 .debug_macro   0x00000000000188f1      0x187 ./Middlewares/Third_Party/FreeRTOS/Source/list.o
 .debug_macro   0x0000000000018a78      0x287 ./Middlewares/Third_Party/FreeRTOS/Source/tasks.o
 .debug_macro   0x0000000000018cff       0x10 ./Middlewares/Third_Party/FreeRTOS/Source/tasks.o
 .debug_macro   0x0000000000018d0f      0x13c ./Middlewares/Third_Party/FreeRTOS/Source/portable/GCC/ARM_CM0/port.o
 .debug_macro   0x0000000000018e4b      0x1ae ./Middlewares/Third_Party/FreeRTOS/Source/portable/MemMang/heap_4.o

.debug_line     0x0000000000000000     0x8ee1
 .debug_line    0x0000000000000000      0x76d ./Core/Src/freertos.o
 .debug_line    0x000000000000076d      0x8f4 ./Core/Src/main.o
 .debug_line    0x0000000000001061      0x670 ./Core/Src/stm32f0xx_hal_msp.o
 .debug_line    0x00000000000016d1      0x7da ./Core/Src/stm32f0xx_it.o
 .debug_line    0x0000000000001eab      0x6f7 ./Core/Src/system_stm32f0xx.o
 .debug_line    0x00000000000025a2       0x89 ./Core/Startup/startup_stm32f072rbtx.o
 .debug_line    0x000000000000262b      0x8ea ./Drivers/STM32F0xx_HAL_Driver/Src/stm32f0xx_hal.o
 .debug_line    0x0000000000002f15      0x996 ./Drivers/STM32F0xx_HAL_Driver/Src/stm32f0xx_hal_cortex.o
 .debug_line    0x00000000000038ab      0xa7a ./Drivers/STM32F0xx_HAL_Driver/Src/stm32f0xx_hal_gpio.o
 .debug_line    0x0000000000004325      0xd75 ./Drivers/STM32F0xx_HAL_Driver/Src/stm32f0xx_hal_rcc.o
 .debug_line    0x000000000000509a     0x119e ./Middlewares/Third_Party/FreeRTOS/Source/CMSIS_RTOS/cmsis_os.o
 .debug_line    0x0000000000006238      0x6f7 ./Middlewares/Third_Party/FreeRTOS/Source/list.o
 .debug_line    0x000000000000692f     0x16c5 ./Middlewares/Third_Party/FreeRTOS/Source/tasks.o
 .debug_line    0x0000000000007ff4      0x66c ./Middlewares/Third_Party/FreeRTOS/Source/portable/GCC/ARM_CM0/port.o
 .debug_line    0x0000000000008660      0x881 ./Middlewares/Third_Party/FreeRTOS/Source/portable/MemMang/heap_4.o

.debug_str      0x0000000000000000    0x9255c
 .debug_str     0x0000000000000000    0x8a120 ./Core/Src/freertos.o
                                      0x8a3ce (size before relaxing)
 .debug_str     0x000000000008a120     0x28b7 ./Core/Src/main.o
                                      0x8ccb9 (size before relaxing)
 .debug_str     0x000000000008c9d7       0x2c ./Core/Src/stm32f0xx_hal_msp.o
                                      0x86e3d (size before relaxing)
 .debug_str     0x000000000008ca03       0xd0 ./Core/Src/stm32f0xx_it.o
                                      0x8a3b9 (size before relaxing)
 .debug_str     0x000000000008cad3       0x8b ./Core/Src/system_stm32f0xx.o
                                      0x86be0 (size before relaxing)
 .debug_str     0x000000000008cb5e       0x36 ./Core/Startup/startup_stm32f072rbtx.o
                                         0x55 (size before relaxing)
 .debug_str     0x000000000008cb94      0x37a ./Drivers/STM32F0xx_HAL_Driver/Src/stm32f0xx_hal.o
                                      0x871d6 (size before relaxing)
 .debug_str     0x000000000008cf0e      0x1b6 ./Drivers/STM32F0xx_HAL_Driver/Src/stm32f0xx_hal_cortex.o
                                      0x86fc7 (size before relaxing)
 .debug_str     0x000000000008d0c4       0xfe ./Drivers/STM32F0xx_HAL_Driver/Src/stm32f0xx_hal_gpio.o
                                      0x86d81 (size before relaxing)
 .debug_str     0x000000000008d1c2      0x21a ./Drivers/STM32F0xx_HAL_Driver/Src/stm32f0xx_hal_rcc.o
                                      0x87027 (size before relaxing)
 .debug_str     0x000000000008d3dc     0x3839 ./Middlewares/Third_Party/FreeRTOS/Source/CMSIS_RTOS/cmsis_os.o
                                       0xd7ce (size before relaxing)
 .debug_str     0x0000000000090c15      0x21b ./Middlewares/Third_Party/FreeRTOS/Source/list.o
                                       0x9f18 (size before relaxing)
 .debug_str     0x0000000000090e30     0x1102 ./Middlewares/Third_Party/FreeRTOS/Source/tasks.o
                                       0xc164 (size before relaxing)
 .debug_str     0x0000000000091f32      0x3e7 ./Middlewares/Third_Party/FreeRTOS/Source/portable/GCC/ARM_CM0/port.o
                                       0x7a03 (size before relaxing)
 .debug_str     0x0000000000092319      0x243 ./Middlewares/Third_Party/FreeRTOS/Source/portable/MemMang/heap_4.o
                                       0xa632 (size before relaxing)

.comment        0x0000000000000000       0x50
 .comment       0x0000000000000000       0x50 ./Core/Src/freertos.o
                                         0x51 (size before relaxing)
 .comment       0x0000000000000050       0x51 ./Core/Src/main.o
 .comment       0x0000000000000050       0x51 ./Core/Src/stm32f0xx_hal_msp.o
 .comment       0x0000000000000050       0x51 ./Core/Src/stm32f0xx_it.o
 .comment       0x0000000000000050       0x51 ./Core/Src/system_stm32f0xx.o
 .comment       0x0000000000000050       0x51 ./Drivers/STM32F0xx_HAL_Driver/Src/stm32f0xx_hal.o
 .comment       0x0000000000000050       0x51 ./Drivers/STM32F0xx_HAL_Driver/Src/stm32f0xx_hal_cortex.o
 .comment       0x0000000000000050       0x51 ./Drivers/STM32F0xx_HAL_Driver/Src/stm32f0xx_hal_gpio.o
 .comment       0x0000000000000050       0x51 ./Drivers/STM32F0xx_HAL_Driver/Src/stm32f0xx_hal_rcc.o
 .comment       0x0000000000000050       0x51 ./Middlewares/Third_Party/FreeRTOS/Source/CMSIS_RTOS/cmsis_os.o
 .comment       0x0000000000000050       0x51 ./Middlewares/Third_Party/FreeRTOS/Source/list.o
 .comment       0x0000000000000050       0x51 ./Middlewares/Third_Party/FreeRTOS/Source/tasks.o
 .comment       0x0000000000000050       0x51 ./Middlewares/Third_Party/FreeRTOS/Source/portable/GCC/ARM_CM0/port.o
 .comment       0x0000000000000050       0x51 ./Middlewares/Third_Party/FreeRTOS/Source/portable/MemMang/heap_4.o

.debug_frame    0x0000000000000000     0x1a94
 .debug_frame   0x0000000000000000       0x30 ./Core/Src/freertos.o
 .debug_frame   0x0000000000000030       0xd8 ./Core/Src/main.o
 .debug_frame   0x0000000000000108       0x30 ./Core/Src/stm32f0xx_hal_msp.o
 .debug_frame   0x0000000000000138       0x80 ./Core/Src/stm32f0xx_it.o
 .debug_frame   0x00000000000001b8       0x4c ./Core/Src/system_stm32f0xx.o
 .debug_frame   0x0000000000000204      0x2a4 ./Drivers/STM32F0xx_HAL_Driver/Src/stm32f0xx_hal.o
 .debug_frame   0x00000000000004a8      0x2a0 ./Drivers/STM32F0xx_HAL_Driver/Src/stm32f0xx_hal_cortex.o
 .debug_frame   0x0000000000000748      0x110 ./Drivers/STM32F0xx_HAL_Driver/Src/stm32f0xx_hal_gpio.o
 .debug_frame   0x0000000000000858      0x198 ./Drivers/STM32F0xx_HAL_Driver/Src/stm32f0xx_hal_rcc.o
 .debug_frame   0x00000000000009f0      0x6f4 ./Middlewares/Third_Party/FreeRTOS/Source/CMSIS_RTOS/cmsis_os.o
 .debug_frame   0x00000000000010e4       0xb0 ./Middlewares/Third_Party/FreeRTOS/Source/list.o
 .debug_frame   0x0000000000001194      0x63c ./Middlewares/Third_Party/FreeRTOS/Source/tasks.o
 .debug_frame   0x00000000000017d0      0x174 ./Middlewares/Third_Party/FreeRTOS/Source/portable/GCC/ARM_CM0/port.o
 .debug_frame   0x0000000000001944       0xe4 ./Middlewares/Third_Party/FreeRTOS/Source/portable/MemMang/heap_4.o
 .debug_frame   0x0000000000001a28       0x2c d:/stm32cubeide_1.12.0/stm32cubeide/plugins/com.st.stm32cube.ide.mcu.externaltools.gnu-tools-for-stm32.10.3-2021.10.win32_1.0.200.202301161003/tools/bin/../lib/gcc/arm-none-eabi/10.3.1/../../../../arm-none-eabi/lib/thumb/v6-m/nofp\libc_nano.a(lib_a-init.o)
 .debug_frame   0x0000000000001a54       0x20 d:/stm32cubeide_1.12.0/stm32cubeide/plugins/com.st.stm32cube.ide.mcu.externaltools.gnu-tools-for-stm32.10.3-2021.10.win32_1.0.200.202301161003/tools/bin/../lib/gcc/arm-none-eabi/10.3.1/../../../../arm-none-eabi/lib/thumb/v6-m/nofp\libc_nano.a(lib_a-memset.o)
 .debug_frame   0x0000000000001a74       0x20 d:/stm32cubeide_1.12.0/stm32cubeide/plugins/com.st.stm32cube.ide.mcu.externaltools.gnu-tools-for-stm32.10.3-2021.10.win32_1.0.200.202301161003/tools/bin/../lib/gcc/arm-none-eabi/10.3.1/thumb/v6-m/nofp\libgcc.a(_udivsi3.o)
