09:17:21 **** Incremental Build of configuration Debug for project Blocking_Delay_API ****
make -j8 all 
arm-none-eabi-gcc "../Core/Src/main.c" -mcpu=cortex-m0 -std=gnu11 -g3 -DDEBUG -DUSE_HAL_DRIVER -DSTM32F072xB -c -I../Core/Inc -I"C:/denemeler/Blocking_Delay_API/FreeRtosConfig" -I"C:/denemeler/Blocking_Delay_API/MiddleWares/Third_Party/FreeRTOS/org/Source/include" -I"C:/denemeler/Blocking_Delay_API/MiddleWares/Third_Party/FreeRTOS/org/Source/portable/GCC/ARM_CM0" -I"C:/denemeler/Blocking_Delay_API/MiddleWares/Third_Party/FreeRTOS/org/Source/portable/MemMang" -I../Drivers/STM32F0xx_HAL_Driver/Inc -I../Drivers/STM32F0xx_HAL_Driver/Inc/Legacy -I../Drivers/CMSIS/Device/ST/STM32F0xx/Include -I../Drivers/CMSIS/Include -O0 -ffunction-sections -fdata-sections -Wall -fstack-usage -fcyclomatic-complexity -MMD -MP -MF"Core/Src/main.d" -MT"Core/Src/main.o" --specs=nano.specs -mfloat-abi=soft -mthumb -o "Core/Src/main.o"
arm-none-eabi-gcc -o "Blocking_Delay_API.elf" @"objects.list"   -mcpu=cortex-m0 -T"C:\denemeler\Blocking_Delay_API\STM32F072RBTX_FLASH.ld" --specs=nosys.specs -Wl,-Map="Blocking_Delay_API.map" -Wl,--gc-sections -static --specs=nano.specs -mfloat-abi=soft -mthumb -Wl,--start-group -lc -lm -Wl,--end-group
Finished building target: Blocking_Delay_API.elf
 
arm-none-eabi-size   Blocking_Delay_API.elf 
arm-none-eabi-objdump -h -S  Blocking_Delay_API.elf  > "Blocking_Delay_API.list"
   text	   data	    bss	    dec	    hex	filename
  19104	    128	   8744	  27976	   6d48	Blocking_Delay_API.elf
Finished building: default.size.stdout
 
Finished building: Blocking_Delay_API.list
 

09:17:24 Build Finished. 0 errors, 0 warnings. (took 2s.652ms)

