07:41:44 **** Incremental Build of configuration Debug for project Blocking_Dela_HAL ****
make -j8 all 
arm-none-eabi-gcc "../Core/Src/main.c" -mcpu=cortex-m0 -std=gnu11 -g3 -DDEBUG -DUSE_HAL_DRIVER -DSTM32F072xB -c -I../Core/Inc -I../Drivers/STM32F0xx_HAL_Driver/Inc -I../Drivers/STM32F0xx_HAL_Driver/Inc/Legacy -I../Drivers/CMSIS/Device/ST/STM32F0xx/Include -I../Drivers/CMSIS/Include -I../Middlewares/Third_Party/FreeRTOS/Source/include -I../Middlewares/Third_Party/FreeRTOS/Source/CMSIS_RTOS -I../Middlewares/Third_Party/FreeRTOS/Source/portable/GCC/ARM_CM0 -O0 -ffunction-sections -fdata-sections -Wall -fstack-usage -fcyclomatic-complexity -MMD -MP -MF"Core/Src/main.d" -MT"Core/Src/main.o" --specs=nano.specs -mfloat-abi=soft -mthumb -o "Core/Src/main.o"
arm-none-eabi-gcc -o "Blocking_Dela_HAL.elf" @"objects.list"   -mcpu=cortex-m0 -T"C:\denemeler\Blocking_Dela_HAL\STM32F072RBTX_FLASH.ld" --specs=nosys.specs -Wl,-Map="Blocking_Dela_HAL.map" -Wl,--gc-sections -static --specs=nano.specs -mfloat-abi=soft -mthumb -Wl,--start-group -lc -lm -Wl,--end-group
Finished building target: Blocking_Dela_HAL.elf
 
arm-none-eabi-size   Blocking_Dela_HAL.elf 
arm-none-eabi-objdump -h -S  Blocking_Dela_HAL.elf  > "Blocking_Dela_HAL.list"
   text	   data	    bss	    dec	    hex	filename
  15760	    124	   5828	  21712	   54d0	Blocking_Dela_HAL.elf
Finished building: default.size.stdout
 
Finished building: Blocking_Dela_HAL.list
 

07:41:45 Build Finished. 0 errors, 0 warnings. (took 800ms)

