09:16:37 **** Build of configuration Debug for project Queue_Processing_FreeRTOS ****
make -j8 all 
arm-none-eabi-gcc "../Core/Src/main.c" -mcpu=cortex-m0 -std=gnu11 -g3 -DDEBUG -DUSE_HAL_DRIVER -DSTM32F072xB -c -I../Core/Inc -I"C:/denemeler/Queue_Processing_FreeRTOS/FreeRtosConfig" -I"C:/denemeler/Queue_Processing_FreeRTOS/MiddleWares/Third_Party/FreeRTOS/org/Source/include" -I"C:/denemeler/Queue_Processing_FreeRTOS/MiddleWares/Third_Party/FreeRTOS/org/Source/portable/GCC/ARM_CM0" -I"C:/denemeler/Queue_Processing_FreeRTOS/MiddleWares/Third_Party/FreeRTOS/org/Source/portable/MemMang" -I../Drivers/STM32F0xx_HAL_Driver/Inc -I../Drivers/STM32F0xx_HAL_Driver/Inc/Legacy -I../Drivers/CMSIS/Device/ST/STM32F0xx/Include -I../Drivers/CMSIS/Include -O0 -ffunction-sections -fdata-sections -Wall -fstack-usage -fcyclomatic-complexity -MMD -MP -MF"Core/Src/main.d" -MT"Core/Src/main.o" --specs=nano.specs -mfloat-abi=soft -mthumb -o "Core/Src/main.o"
arm-none-eabi-gcc -o "Queue_Processing_FreeRTOS.elf" @"objects.list"   -mcpu=cortex-m0 -T"C:\denemeler\Queue_Processing_FreeRTOS\STM32F072RBTX_FLASH.ld" --specs=nosys.specs -Wl,-Map="Queue_Processing_FreeRTOS.map" -Wl,--gc-sections -static --specs=nano.specs -mfloat-abi=soft -mthumb -Wl,--start-group -lc -lm -Wl,--end-group
Finished building target: Queue_Processing_FreeRTOS.elf
 
arm-none-eabi-size   Queue_Processing_FreeRTOS.elf 
arm-none-eabi-objdump -h -S  Queue_Processing_FreeRTOS.elf  > "Queue_Processing_FreeRTOS.list"
   text	   data	    bss	    dec	    hex	filename
  26068	    484	   8788	  35340	   8a0c	Queue_Processing_FreeRTOS.elf
Finished building: default.size.stdout
 
Finished building: Queue_Processing_FreeRTOS.list
 

09:16:40 Build Finished. 0 errors, 0 warnings. (took 2s.352ms)

