12:42:09 **** Incremental Build of configuration Debug for project Semaphore_Two_Tasks ****
make -j8 all 
arm-none-eabi-gcc "../Core/Src/main.c" -mcpu=cortex-m0 -std=gnu11 -g3 -DDEBUG -DUSE_HAL_DRIVER -DSTM32F072xB -c -I"C:/denemeler/Semaphore_Two_Tasks/MiddleWares/Third_Party/FreeRTOS/org/Source/include" -I"C:/denemeler/Semaphore_Two_Tasks/MiddleWares/Third_Party/FreeRTOS/org/Source/portable/GCC/ARM_CM0" -I"C:/denemeler/Semaphore_Two_Tasks/MiddleWares/Third_Party/FreeRTOS/org/Source/portable/MemMang" -I../Core/Inc -I"C:/denemeler/Semaphore_Two_Tasks/FreeRtosConfig" -I../Drivers/STM32F0xx_HAL_Driver/Inc -I../Drivers/STM32F0xx_HAL_Driver/Inc/Legacy -I../Drivers/CMSIS/Device/ST/STM32F0xx/Include -I../Drivers/CMSIS/Include -O0 -ffunction-sections -fdata-sections -Wall -fstack-usage -fcyclomatic-complexity -MMD -MP -MF"Core/Src/main.d" -MT"Core/Src/main.o" --specs=nano.specs -mfloat-abi=soft -mthumb -o "Core/Src/main.o"
../Core/Src/main.c: In function 'Slave_Task_Handler':
../Core/Src/main.c:188:4: warning: implicit declaration of function 'SlaveDoWork' [-Wimplicit-function-declaration]
  188 |    SlaveDoWork(xSlavePassId);
      |    ^~~~~~~~~~~
../Core/Src/main.c: At top level:
../Core/Src/main.c:195:6: warning: conflicting types for 'SlaveDoWork'
  195 | void SlaveDoWork(unsigned int passId)
      |      ^~~~~~~~~~~
../Core/Src/main.c:188:4: note: previous implicit declaration of 'SlaveDoWork' was here
  188 |    SlaveDoWork(xSlavePassId);
      |    ^~~~~~~~~~~
arm-none-eabi-gcc -o "Semaphore_Two_Tasks.elf" @"objects.list"   -mcpu=cortex-m0 -T"C:\denemeler\Semaphore_Two_Tasks\STM32F072RBTX_FLASH.ld" --specs=nosys.specs -Wl,-Map="Semaphore_Two_Tasks.map" -Wl,--gc-sections -static --specs=nano.specs -mfloat-abi=soft -mthumb -Wl,--start-group -lc -lm -Wl,--end-group
Finished building target: Semaphore_Two_Tasks.elf
 
arm-none-eabi-size   Semaphore_Two_Tasks.elf 
arm-none-eabi-objdump -h -S  Semaphore_Two_Tasks.elf  > "Semaphore_Two_Tasks.list"
   text	   data	    bss	    dec	    hex	filename
  26772	    128	   8816	  35716	   8b84	Semaphore_Two_Tasks.elf
Finished building: default.size.stdout
 
Finished building: Semaphore_Two_Tasks.list
 

12:42:12 Build Finished. 0 errors, 2 warnings. (took 2s.989ms)

